Archive member included to satisfy reference by file (symbol)

/usr/lib/gcc/arm-none-eabi/12.2.1/../../../arm-none-eabi/lib/thumb/v7e-m+fp/hard/libc_nano.a(lib_a-atexit.o)
                              /usr/lib/gcc/arm-none-eabi/12.2.1/../../../arm-none-eabi/lib/thumb/v7e-m+fp/hard/crt0.o (atexit)
/usr/lib/gcc/arm-none-eabi/12.2.1/../../../arm-none-eabi/lib/thumb/v7e-m+fp/hard/libc_nano.a(lib_a-exit.o)
                              /usr/lib/gcc/arm-none-eabi/12.2.1/../../../arm-none-eabi/lib/thumb/v7e-m+fp/hard/crt0.o (exit)
/usr/lib/gcc/arm-none-eabi/12.2.1/../../../arm-none-eabi/lib/thumb/v7e-m+fp/hard/libc_nano.a(lib_a-fini.o)
                              /usr/lib/gcc/arm-none-eabi/12.2.1/../../../arm-none-eabi/lib/thumb/v7e-m+fp/hard/crt0.o (__libc_fini_array)
/usr/lib/gcc/arm-none-eabi/12.2.1/../../../arm-none-eabi/lib/thumb/v7e-m+fp/hard/libc_nano.a(lib_a-impure.o)
                              /usr/lib/gcc/arm-none-eabi/12.2.1/../../../arm-none-eabi/lib/thumb/v7e-m+fp/hard/libc_nano.a(lib_a-exit.o) (_global_impure_ptr)
/usr/lib/gcc/arm-none-eabi/12.2.1/../../../arm-none-eabi/lib/thumb/v7e-m+fp/hard/libc_nano.a(lib_a-init.o)
                              /usr/lib/gcc/arm-none-eabi/12.2.1/../../../arm-none-eabi/lib/thumb/v7e-m+fp/hard/crt0.o (__libc_init_array)
/usr/lib/gcc/arm-none-eabi/12.2.1/../../../arm-none-eabi/lib/thumb/v7e-m+fp/hard/libc_nano.a(lib_a-malloc.o)
                              build/usbh_cdc.o (malloc)
/usr/lib/gcc/arm-none-eabi/12.2.1/../../../arm-none-eabi/lib/thumb/v7e-m+fp/hard/libc_nano.a(lib_a-memset.o)
                              /usr/lib/gcc/arm-none-eabi/12.2.1/../../../arm-none-eabi/lib/thumb/v7e-m+fp/hard/crt0.o (memset)
/usr/lib/gcc/arm-none-eabi/12.2.1/../../../arm-none-eabi/lib/thumb/v7e-m+fp/hard/libc_nano.a(lib_a-nano-freer.o)
                              /usr/lib/gcc/arm-none-eabi/12.2.1/../../../arm-none-eabi/lib/thumb/v7e-m+fp/hard/libc_nano.a(lib_a-malloc.o) (_free_r)
/usr/lib/gcc/arm-none-eabi/12.2.1/../../../arm-none-eabi/lib/thumb/v7e-m+fp/hard/libc_nano.a(lib_a-nano-mallocr.o)
                              /usr/lib/gcc/arm-none-eabi/12.2.1/../../../arm-none-eabi/lib/thumb/v7e-m+fp/hard/libc_nano.a(lib_a-malloc.o) (_malloc_r)
/usr/lib/gcc/arm-none-eabi/12.2.1/../../../arm-none-eabi/lib/thumb/v7e-m+fp/hard/libc_nano.a(lib_a-sbrkr.o)
                              /usr/lib/gcc/arm-none-eabi/12.2.1/../../../arm-none-eabi/lib/thumb/v7e-m+fp/hard/libc_nano.a(lib_a-nano-mallocr.o) (_sbrk_r)
/usr/lib/gcc/arm-none-eabi/12.2.1/../../../arm-none-eabi/lib/thumb/v7e-m+fp/hard/libc_nano.a(lib_a-__atexit.o)
                              /usr/lib/gcc/arm-none-eabi/12.2.1/../../../arm-none-eabi/lib/thumb/v7e-m+fp/hard/libc_nano.a(lib_a-atexit.o) (__register_exitproc)
/usr/lib/gcc/arm-none-eabi/12.2.1/../../../arm-none-eabi/lib/thumb/v7e-m+fp/hard/libc_nano.a(lib_a-__call_atexit.o)
                              /usr/lib/gcc/arm-none-eabi/12.2.1/../../../arm-none-eabi/lib/thumb/v7e-m+fp/hard/libc_nano.a(lib_a-__atexit.o) (__call_exitprocs)
/usr/lib/gcc/arm-none-eabi/12.2.1/../../../arm-none-eabi/lib/thumb/v7e-m+fp/hard/libc_nano.a(lib_a-mlock.o)
                              /usr/lib/gcc/arm-none-eabi/12.2.1/../../../arm-none-eabi/lib/thumb/v7e-m+fp/hard/libc_nano.a(lib_a-nano-freer.o) (__malloc_lock)
/usr/lib/gcc/arm-none-eabi/12.2.1/../../../arm-none-eabi/lib/thumb/v7e-m+fp/hard/libc_nano.a(lib_a-reent.o)
                              /usr/lib/gcc/arm-none-eabi/12.2.1/../../../arm-none-eabi/lib/thumb/v7e-m+fp/hard/libc_nano.a(lib_a-sbrkr.o) (errno)
/usr/lib/gcc/arm-none-eabi/12.2.1/../../../arm-none-eabi/lib/thumb/v7e-m+fp/hard/libnosys.a(sbrk.o)
                              /usr/lib/gcc/arm-none-eabi/12.2.1/../../../arm-none-eabi/lib/thumb/v7e-m+fp/hard/libc_nano.a(lib_a-sbrkr.o) (_sbrk)
/usr/lib/gcc/arm-none-eabi/12.2.1/../../../arm-none-eabi/lib/thumb/v7e-m+fp/hard/libnosys.a(_exit.o)
                              /usr/lib/gcc/arm-none-eabi/12.2.1/../../../arm-none-eabi/lib/thumb/v7e-m+fp/hard/libc_nano.a(lib_a-exit.o) (_exit)
/usr/lib/gcc/arm-none-eabi/12.2.1/thumb/v7e-m+fp/hard/libgcc.a(_aeabi_uldivmod.o)
                              build/stm32f4xx_hal_rcc.o (__aeabi_uldivmod)
/usr/lib/gcc/arm-none-eabi/12.2.1/thumb/v7e-m+fp/hard/libgcc.a(_udivmoddi4.o)
                              /usr/lib/gcc/arm-none-eabi/12.2.1/thumb/v7e-m+fp/hard/libgcc.a(_aeabi_uldivmod.o) (__udivmoddi4)
/usr/lib/gcc/arm-none-eabi/12.2.1/thumb/v7e-m+fp/hard/libgcc.a(_dvmd_tls.o)
                              /usr/lib/gcc/arm-none-eabi/12.2.1/thumb/v7e-m+fp/hard/libgcc.a(_aeabi_uldivmod.o) (__aeabi_ldiv0)

Discarded input sections

 .text          0x00000000        0x0 /usr/lib/gcc/arm-none-eabi/12.2.1/thumb/v7e-m+fp/hard/crti.o
 .data          0x00000000        0x0 /usr/lib/gcc/arm-none-eabi/12.2.1/thumb/v7e-m+fp/hard/crti.o
 .bss           0x00000000        0x0 /usr/lib/gcc/arm-none-eabi/12.2.1/thumb/v7e-m+fp/hard/crti.o
[...]
Memory Configuration

Name             Origin             Length             Attributes
RAM              0x20000000         0x00030000         xrw
CCMRAM           0x10000000         0x00010000         xrw
FLASH            0x08000000         0x00200000         xr
*default*        0x00000000         0xffffffff

Linker script and memory map

LOAD /usr/lib/gcc/arm-none-eabi/12.2.1/thumb/v7e-m+fp/hard/crti.o
LOAD /usr/lib/gcc/arm-none-eabi/12.2.1/thumb/v7e-m+fp/hard/crtbegin.o
LOAD /usr/lib/gcc/arm-none-eabi/12.2.1/../../../arm-none-eabi/lib/thumb/v7e-m+fp/hard/crt0.o
LOAD build/main.o
LOAD build/stm32f4xx_it.o
LOAD build/stm32f4xx_hal_msp.o
LOAD build/stm32f4xx_hal_timebase_tim.o
LOAD build/usb_host.o
LOAD build/usbh_conf.o
LOAD build/usbh_platform.o
LOAD build/stm32f4xx_hal_hcd.o
LOAD build/stm32f4xx_ll_usb.o
LOAD build/stm32f4xx_hal_rcc.o
LOAD build/stm32f4xx_hal_rcc_ex.o
LOAD build/stm32f4xx_hal_flash.o
LOAD build/stm32f4xx_hal_flash_ex.o
LOAD build/stm32f4xx_hal_flash_ramfunc.o
LOAD build/stm32f4xx_hal_gpio.o
LOAD build/stm32f4xx_hal_dma_ex.o
LOAD build/stm32f4xx_hal_dma.o
LOAD build/stm32f4xx_hal_pwr.o
LOAD build/stm32f4xx_hal_pwr_ex.o
LOAD build/stm32f4xx_hal_cortex.o
LOAD build/stm32f4xx_hal.o
LOAD build/stm32f4xx_hal_exti.o
LOAD build/stm32f4xx_hal_crc.o
LOAD build/stm32f4xx_hal_dma2d.o
LOAD build/stm32f4xx_ll_fmc.o
LOAD build/stm32f4xx_hal_sdram.o
LOAD build/stm32f4xx_hal_i2c.o
LOAD build/stm32f4xx_hal_i2c_ex.o
LOAD build/stm32f4xx_hal_ltdc.o
LOAD build/stm32f4xx_hal_ltdc_ex.o
LOAD build/stm32f4xx_hal_dsi.o
LOAD build/stm32f4xx_hal_spi.o
LOAD build/stm32f4xx_hal_tim.o
LOAD build/stm32f4xx_hal_tim_ex.o
LOAD build/stm32f4xx_hal_uart.o
LOAD build/system_stm32f4xx.o
LOAD build/usbh_core.o
LOAD build/usbh_ctlreq.o
LOAD build/usbh_ioreq.o
LOAD build/usbh_pipes.o
LOAD build/usbh_cdc.o
LOAD build/startup_stm32f429xx.o
LOAD /usr/lib/gcc/arm-none-eabi/12.2.1/../../../arm-none-eabi/lib/thumb/v7e-m+fp/hard/libc_nano.a
LOAD /usr/lib/gcc/arm-none-eabi/12.2.1/../../../arm-none-eabi/lib/thumb/v7e-m+fp/hard/libm.a
LOAD /usr/lib/gcc/arm-none-eabi/12.2.1/../../../arm-none-eabi/lib/thumb/v7e-m+fp/hard/libnosys.a
START GROUP
LOAD /usr/lib/gcc/arm-none-eabi/12.2.1/thumb/v7e-m+fp/hard/libgcc.a
LOAD /usr/lib/gcc/arm-none-eabi/12.2.1/../../../arm-none-eabi/lib/thumb/v7e-m+fp/hard/libc_nano.a
END GROUP
START GROUP
LOAD /usr/lib/gcc/arm-none-eabi/12.2.1/thumb/v7e-m+fp/hard/libgcc.a
LOAD /usr/lib/gcc/arm-none-eabi/12.2.1/../../../arm-none-eabi/lib/thumb/v7e-m+fp/hard/libc_nano.a
END GROUP
LOAD /usr/lib/gcc/arm-none-eabi/12.2.1/thumb/v7e-m+fp/hard/crtend.o
LOAD /usr/lib/gcc/arm-none-eabi/12.2.1/thumb/v7e-m+fp/hard/crtn.o
                0x20030000                        _estack = (ORIGIN (RAM) + LENGTH (RAM))
                0x00000200                        _Min_Heap_Size = 0x200
                0x00000400                        _Min_Stack_Size = 0x400

.isr_vector     0x08000000      0x1ac
                0x08000000                        . = ALIGN (0x4)
 *(.isr_vector)
 .isr_vector    0x08000000      0x1ac build/startup_stm32f429xx.o
                0x08000000                g_pfnVectors
                0x080001ac                        . = ALIGN (0x4)

.text           0x080001ac     0x643c
                0x080001ac                        . = ALIGN (0x4)
 *(.text)
 .text          0x080001ac       0x88 /usr/lib/gcc/arm-none-eabi/12.2.1/thumb/v7e-m+fp/hard/crtbegin.o
 .text          0x08000234       0x48 /usr/lib/gcc/arm-none-eabi/12.2.1/../../../arm-none-eabi/lib/thumb/v7e-m+fp/hard/libc_nano.a(lib_a-init.o)
                0x08000234                __libc_init_array
 .text          0x0800027c       0x20 /usr/lib/gcc/arm-none-eabi/12.2.1/../../../arm-none-eabi/lib/thumb/v7e-m+fp/hard/libc_nano.a(lib_a-malloc.o)
                0x0800027c                malloc
                0x0800028c                free
 .text          0x0800029c       0xa4 /usr/lib/gcc/arm-none-eabi/12.2.1/../../../arm-none-eabi/lib/thumb/v7e-m+fp/hard/libc_nano.a(lib_a-memset.o)
                0x0800029c                memset
 .text          0x08000340       0xc4 /usr/lib/gcc/arm-none-eabi/12.2.1/../../../arm-none-eabi/lib/thumb/v7e-m+fp/hard/libc_nano.a(lib_a-nano-freer.o)
                0x08000340                _free_r
 .text          0x08000404       0xb4 /usr/lib/gcc/arm-none-eabi/12.2.1/../../../arm-none-eabi/lib/thumb/v7e-m+fp/hard/libc_nano.a(lib_a-nano-mallocr.o)
                0x08000404                _malloc_r
 .text          0x080004b8       0x24 /usr/lib/gcc/arm-none-eabi/12.2.1/../../../arm-none-eabi/lib/thumb/v7e-m+fp/hard/libc_nano.a(lib_a-sbrkr.o)
                0x080004b8                _sbrk_r
 .text          0x080004dc        0x8 /usr/lib/gcc/arm-none-eabi/12.2.1/../../../arm-none-eabi/lib/thumb/v7e-m+fp/hard/libc_nano.a(lib_a-mlock.o)
                0x080004dc                __malloc_lock
                0x080004e0                __malloc_unlock
 .text          0x080004e4       0x1c /usr/lib/gcc/arm-none-eabi/12.2.1/../../../arm-none-eabi/lib/thumb/v7e-m+fp/hard/libnosys.a(sbrk.o)
                0x080004e4                _sbrk
 .text          0x08000500       0x30 /usr/lib/gcc/arm-none-eabi/12.2.1/thumb/v7e-m+fp/hard/libgcc.a(_aeabi_uldivmod.o)
                0x08000500                __aeabi_uldivmod
 .text          0x08000530      0x2bc /usr/lib/gcc/arm-none-eabi/12.2.1/thumb/v7e-m+fp/hard/libgcc.a(_udivmoddi4.o)
                0x08000530                __udivmoddi4
 .text          0x080007ec        0x4 /usr/lib/gcc/arm-none-eabi/12.2.1/thumb/v7e-m+fp/hard/libgcc.a(_dvmd_tls.o)
                0x080007ec                __aeabi_ldiv0
                0x080007ec                __aeabi_idiv0
 *(.text*)
 .text.MX_GPIO_Init
                0x080007f0      0x1a4 build/main.o
 .text.HAL_TIM_PeriodElapsedCallback
                0x08000994       0x18 build/main.o
                0x08000994                HAL_TIM_PeriodElapsedCallback
 .text.Error_Handler
                0x080009ac        0x4 build/main.o
                0x080009ac                Error_Handler
 .text.MX_CRC_Init
                0x080009b0       0x1c build/main.o
 .text.MX_DMA2D_Init
                0x080009cc       0x3c build/main.o
 .text.MX_FMC_Init
                0x08000a08       0x70 build/main.o
 .text.MX_I2C3_Init
                0x08000a78       0x54 build/main.o
 .text.MX_LTDC_Init
                0x08000acc       0xb4 build/main.o
 .text.MX_SPI5_Init
                0x08000b80       0x40 build/main.o
 .text.MX_TIM1_Init
                0x08000bc0       0x68 build/main.o
 .text.MX_USART1_UART_Init
                0x08000c28       0x34 build/main.o
 .text.SystemClock_Config
                0x08000c5c       0xa8 build/main.o
                0x08000c5c                SystemClock_Config
 .text.main     0x08000d04       0x98 build/main.o
                0x08000d04                main
 .text.NMI_Handler
                0x08000d9c        0x2 build/stm32f4xx_it.o
                0x08000d9c                NMI_Handler
 .text.HardFault_Handler
                0x08000d9e        0x2 build/stm32f4xx_it.o
                0x08000d9e                HardFault_Handler
 .text.MemManage_Handler
                0x08000da0        0x2 build/stm32f4xx_it.o
                0x08000da0                MemManage_Handler
 .text.BusFault_Handler
                0x08000da2        0x2 build/stm32f4xx_it.o
                0x08000da2                BusFault_Handler
 .text.UsageFault_Handler
                0x08000da4        0x2 build/stm32f4xx_it.o
                0x08000da4                UsageFault_Handler
 .text.SVC_Handler
                0x08000da6        0x2 build/stm32f4xx_it.o
                0x08000da6                SVC_Handler
 .text.DebugMon_Handler
                0x08000da8        0x2 build/stm32f4xx_it.o
                0x08000da8                DebugMon_Handler
 .text.PendSV_Handler
                0x08000daa        0x2 build/stm32f4xx_it.o
                0x08000daa                PendSV_Handler
 .text.SysTick_Handler
                0x08000dac        0x2 build/stm32f4xx_it.o
                0x08000dac                SysTick_Handler
 *fill*         0x08000dae        0x2 
 .text.TIM6_DAC_IRQHandler
                0x08000db0       0x10 build/stm32f4xx_it.o
                0x08000db0                TIM6_DAC_IRQHandler
 .text.OTG_HS_IRQHandler
                0x08000dc0       0x10 build/stm32f4xx_it.o
                0x08000dc0                OTG_HS_IRQHandler
 .text.LTDC_IRQHandler
                0x08000dd0       0x10 build/stm32f4xx_it.o
                0x08000dd0                LTDC_IRQHandler
 .text.DMA2D_IRQHandler
                0x08000de0       0x10 build/stm32f4xx_it.o
                0x08000de0                DMA2D_IRQHandler
 .text.HAL_FMC_MspInit
                0x08000df0       0xe8 build/stm32f4xx_hal_msp.o
 .text.HAL_MspInit
                0x08000ed8       0x38 build/stm32f4xx_hal_msp.o
                0x08000ed8                HAL_MspInit
 .text.HAL_CRC_MspInit
                0x08000f10       0x30 build/stm32f4xx_hal_msp.o
                0x08000f10                HAL_CRC_MspInit
 .text.HAL_DMA2D_MspInit
                0x08000f40       0x40 build/stm32f4xx_hal_msp.o
                0x08000f40                HAL_DMA2D_MspInit
 .text.HAL_I2C_MspInit
                0x08000f80       0xa8 build/stm32f4xx_hal_msp.o
                0x08000f80                HAL_I2C_MspInit
 .text.HAL_LTDC_MspInit
                0x08001028      0x1c4 build/stm32f4xx_hal_msp.o
                0x08001028                HAL_LTDC_MspInit
 .text.HAL_SPI_MspInit
                0x080011ec       0x6c build/stm32f4xx_hal_msp.o
                0x080011ec                HAL_SPI_MspInit
 .text.HAL_TIM_Base_MspInit
                0x08001258       0x30 build/stm32f4xx_hal_msp.o
                0x08001258                HAL_TIM_Base_MspInit
 .text.HAL_UART_MspInit
                0x08001288       0x74 build/stm32f4xx_hal_msp.o
                0x08001288                HAL_UART_MspInit
 .text.HAL_SDRAM_MspInit
                0x080012fc        0x8 build/stm32f4xx_hal_msp.o
                0x080012fc                HAL_SDRAM_MspInit
 .text.HAL_InitTick
                0x08001304       0xa4 build/stm32f4xx_hal_timebase_tim.o
                0x08001304                HAL_InitTick
 .text.USBH_UserProcess
                0x080013a8       0x2c build/usb_host.o
 .text.MX_USB_HOST_Init
                0x080013d4       0x40 build/usb_host.o
                0x080013d4                MX_USB_HOST_Init
 .text.MX_USB_HOST_Process
                0x08001414       0x10 build/usb_host.o
                0x08001414                MX_USB_HOST_Process
 .text.HAL_HCD_MspInit
                0x08001424       0x94 build/usbh_conf.o
                0x08001424                HAL_HCD_MspInit
 .text.HAL_HCD_SOF_Callback
                0x080014b8        0xc build/usbh_conf.o
                0x080014b8                HAL_HCD_SOF_Callback
 .text.HAL_HCD_Connect_Callback
                0x080014c4        0xc build/usbh_conf.o
                0x080014c4                HAL_HCD_Connect_Callback
 .text.HAL_HCD_Disconnect_Callback
                0x080014d0        0xc build/usbh_conf.o
                0x080014d0                HAL_HCD_Disconnect_Callback
 .text.HAL_HCD_HC_NotifyURBChange_Callback
                0x080014dc        0x2 build/usbh_conf.o
                0x080014dc                HAL_HCD_HC_NotifyURBChange_Callback
 .text.HAL_HCD_PortEnabled_Callback
                0x080014de        0xc build/usbh_conf.o
                0x080014de                HAL_HCD_PortEnabled_Callback
 .text.HAL_HCD_PortDisabled_Callback
                0x080014ea        0xc build/usbh_conf.o
                0x080014ea                HAL_HCD_PortDisabled_Callback
 *fill*         0x080014f6        0x2 
 .text.USBH_LL_Init
                0x080014f8       0x5c build/usbh_conf.o
                0x080014f8                USBH_LL_Init
 .text.USBH_LL_GetSpeed
                0x08001554       0x20 build/usbh_conf.o
                0x08001554                USBH_LL_GetSpeed
 .text.USBH_LL_GetLastXferSize
                0x08001574        0xc build/usbh_conf.o
                0x08001574                USBH_LL_GetLastXferSize
 .text.USBH_LL_GetURBState
                0x08001580        0xc build/usbh_conf.o
                0x08001580                USBH_LL_GetURBState
 .text.USBH_LL_DriverVBUS
                0x0800158c       0x1a build/usbh_conf.o
                0x0800158c                USBH_LL_DriverVBUS
 .text.USBH_LL_SetToggle
                0x080015a6       0x2e build/usbh_conf.o
                0x080015a6                USBH_LL_SetToggle
 .text.USBH_Delay
                0x080015d4        0x8 build/usbh_conf.o
                0x080015d4                USBH_Delay
 .text.USBH_Get_USB_Status
                0x080015dc       0x14 build/usbh_conf.o
                0x080015dc                USBH_Get_USB_Status
 .text.USBH_LL_Start
                0x080015f0       0x10 build/usbh_conf.o
                0x080015f0                USBH_LL_Start
 .text.USBH_LL_Stop
                0x08001600       0x10 build/usbh_conf.o
                0x08001600                USBH_LL_Stop
 .text.USBH_LL_ResetPort
                0x08001610       0x10 build/usbh_conf.o
                0x08001610                USBH_LL_ResetPort
 .text.USBH_LL_OpenPipe
                0x08001620       0x26 build/usbh_conf.o
                0x08001620                USBH_LL_OpenPipe
 .text.USBH_LL_ClosePipe
                0x08001646       0x10 build/usbh_conf.o
                0x08001646                USBH_LL_ClosePipe
 .text.USBH_LL_SubmitURB
                0x08001656       0x2a build/usbh_conf.o
                0x08001656                USBH_LL_SubmitURB
 .text.MX_DriverVbusHS
                0x08001680       0x18 build/usbh_platform.o
                0x08001680                MX_DriverVbusHS
 .text.HCD_RXQLVL_IRQHandler
                0x08001698       0xa6 build/stm32f4xx_hal_hcd.o
 .text.HAL_HCD_HC_Halt
                0x0800173e       0x24 build/stm32f4xx_hal_hcd.o
                0x0800173e                HAL_HCD_HC_Halt
 .text.HAL_HCD_Init
                0x08001762       0x8e build/stm32f4xx_hal_hcd.o
                0x08001762                HAL_HCD_Init
 .text.HAL_HCD_HC_SubmitRequest
                0x080017f0      0x1ce build/stm32f4xx_hal_hcd.o
                0x080017f0                HAL_HCD_HC_SubmitRequest
 .text.HCD_Port_IRQHandler
                0x080019be       0xb0 build/stm32f4xx_hal_hcd.o
 *fill*         0x08001a6e        0x2 
 .text.HCD_HC_IN_IRQHandler
                0x08001a70      0x5c0 build/stm32f4xx_hal_hcd.o
 .text.HCD_HC_OUT_IRQHandler
                0x08002030      0x478 build/stm32f4xx_hal_hcd.o
 .text.HAL_HCD_IRQHandler
                0x080024a8      0x15c build/stm32f4xx_hal_hcd.o
                0x080024a8                HAL_HCD_IRQHandler
 .text.HAL_HCD_Start
                0x08002604       0x2a build/stm32f4xx_hal_hcd.o
                0x08002604                HAL_HCD_Start
 .text.HAL_HCD_Stop
                0x0800262e       0x24 build/stm32f4xx_hal_hcd.o
                0x0800262e                HAL_HCD_Stop
 .text.HAL_HCD_ResetPort
                0x08002652        0xa build/stm32f4xx_hal_hcd.o
                0x08002652                HAL_HCD_ResetPort
 .text.HAL_HCD_HC_GetURBState
                0x0800265c        0xe build/stm32f4xx_hal_hcd.o
                0x0800265c                HAL_HCD_HC_GetURBState
 .text.HAL_HCD_HC_GetXferCount
                0x0800266a        0xc build/stm32f4xx_hal_hcd.o
                0x0800266a                HAL_HCD_HC_GetXferCount
 .text.HAL_HCD_GetCurrentFrame
                0x08002676        0xa build/stm32f4xx_hal_hcd.o
                0x08002676                HAL_HCD_GetCurrentFrame
 .text.HAL_HCD_GetCurrentSpeed
                0x08002680        0xa build/stm32f4xx_hal_hcd.o
                0x08002680                HAL_HCD_GetCurrentSpeed
 .text.HAL_HCD_HC_ClearHubInfo
                0x0800268a       0x18 build/stm32f4xx_hal_hcd.o
                0x0800268a                HAL_HCD_HC_ClearHubInfo
 .text.HAL_HCD_HC_Init
                0x080026a2       0xca build/stm32f4xx_hal_hcd.o
                0x080026a2                HAL_HCD_HC_Init
 .text.USB_CoreReset
                0x0800276c       0x4a build/stm32f4xx_ll_usb.o
 .text.USB_CoreInit
                0x080027b6       0x92 build/stm32f4xx_ll_usb.o
                0x080027b6                USB_CoreInit
 .text.USB_EnableGlobalInt
                0x08002848        0xc build/stm32f4xx_ll_usb.o
                0x08002848                USB_EnableGlobalInt
 .text.USB_DisableGlobalInt
                0x08002854        0xc build/stm32f4xx_ll_usb.o
                0x08002854                USB_DisableGlobalInt
 .text.USB_FlushTxFifo
                0x08002860       0x4a build/stm32f4xx_ll_usb.o
                0x08002860                USB_FlushTxFifo
 .text.USB_FlushRxFifo
                0x080028aa       0x46 build/stm32f4xx_ll_usb.o
                0x080028aa                USB_FlushRxFifo
 .text.USB_WritePacket
                0x080028f0       0x2e build/stm32f4xx_ll_usb.o
                0x080028f0                USB_WritePacket
 .text.USB_ReadPacket
                0x0800291e       0x46 build/stm32f4xx_ll_usb.o
                0x0800291e                USB_ReadPacket
 .text.USB_ReadInterrupts
                0x08002964        0x8 build/stm32f4xx_ll_usb.o
                0x08002964                USB_ReadInterrupts
 .text.USB_ReadChInterrupts
                0x0800296c       0x12 build/stm32f4xx_ll_usb.o
                0x0800296c                USB_ReadChInterrupts
 .text.USB_GetMode
                0x0800297e        0x8 build/stm32f4xx_ll_usb.o
                0x0800297e                USB_GetMode
 .text.USB_SetCurrentMode
                0x08002986       0x62 build/stm32f4xx_ll_usb.o
                0x08002986                USB_SetCurrentMode
 .text.USB_HostInit
                0x080029e8      0x100 build/stm32f4xx_ll_usb.o
                0x080029e8                USB_HostInit
 .text.USB_InitFSLSPClkSel
                0x08002ae8       0x42 build/stm32f4xx_ll_usb.o
                0x08002ae8                USB_InitFSLSPClkSel
 .text.USB_ResetPort
                0x08002b2a       0x3e build/stm32f4xx_ll_usb.o
                0x08002b2a                USB_ResetPort
 .text.USB_DriveVbus
                0x08002b68       0x46 build/stm32f4xx_ll_usb.o
                0x08002b68                USB_DriveVbus
 .text.USB_GetHostSpeed
                0x08002bae       0x16 build/stm32f4xx_ll_usb.o
                0x08002bae                USB_GetHostSpeed
 .text.USB_GetCurrentFrame
                0x08002bc4        0xa build/stm32f4xx_ll_usb.o
                0x08002bc4                USB_GetCurrentFrame
 *fill*         0x08002bce        0x2 
 .text.USB_HC_Init
                0x08002bd0      0x130 build/stm32f4xx_ll_usb.o
                0x08002bd0                USB_HC_Init
 .text.USB_HC_ReadInterrupt
                0x08002d00        0xa build/stm32f4xx_ll_usb.o
                0x08002d00                USB_HC_ReadInterrupt
 .text.USB_HC_Halt
                0x08002d0a       0xfc build/stm32f4xx_ll_usb.o
                0x08002d0a                USB_HC_Halt
 *fill*         0x08002e06        0x2 
 .text.USB_DoPing
                0x08002e08       0x24 build/stm32f4xx_ll_usb.o
                0x08002e08                USB_DoPing
 .text.USB_HC_StartXfer
                0x08002e2c      0x2b4 build/stm32f4xx_ll_usb.o
                0x08002e2c                USB_HC_StartXfer
 .text.USB_StopHost
                0x080030e0       0x92 build/stm32f4xx_ll_usb.o
                0x080030e0                USB_StopHost
 *fill*         0x08003172        0x2 
 .text.HAL_RCC_OscConfig
                0x08003174      0x3f8 build/stm32f4xx_hal_rcc.o
                0x08003174                HAL_RCC_OscConfig
 .text.HAL_RCC_GetSysClockFreq
                0x0800356c       0xdc build/stm32f4xx_hal_rcc.o
                0x0800356c                HAL_RCC_GetSysClockFreq
 .text.HAL_RCC_ClockConfig
                0x08003648      0x160 build/stm32f4xx_hal_rcc.o
                0x08003648                HAL_RCC_ClockConfig
 .text.HAL_RCC_GetHCLKFreq
                0x080037a8        0xc build/stm32f4xx_hal_rcc.o
                0x080037a8                HAL_RCC_GetHCLKFreq
 .text.HAL_RCC_GetPCLK1Freq
                0x080037b4       0x20 build/stm32f4xx_hal_rcc.o
                0x080037b4                HAL_RCC_GetPCLK1Freq
 .text.HAL_RCC_GetPCLK2Freq
                0x080037d4       0x20 build/stm32f4xx_hal_rcc.o
                0x080037d4                HAL_RCC_GetPCLK2Freq
 .text.HAL_RCC_GetClockConfig
                0x080037f4       0x3c build/stm32f4xx_hal_rcc.o
                0x080037f4                HAL_RCC_GetClockConfig
 .text.HAL_RCCEx_PeriphCLKConfig
                0x08003830      0x284 build/stm32f4xx_hal_rcc_ex.o
                0x08003830                HAL_RCCEx_PeriphCLKConfig
 .text.HAL_GPIO_Init
                0x08003ab4      0x208 build/stm32f4xx_hal_gpio.o
                0x08003ab4                HAL_GPIO_Init
 .text.HAL_GPIO_WritePin
                0x08003cbc        0xc build/stm32f4xx_hal_gpio.o
                0x08003cbc                HAL_GPIO_WritePin
 .text.__NVIC_EnableIRQ
                0x08003cc8       0x1c build/stm32f4xx_hal_cortex.o
 .text.__NVIC_SetPriority
                0x08003ce4       0x28 build/stm32f4xx_hal_cortex.o
 .text.NVIC_EncodePriority
                0x08003d0c       0x3e build/stm32f4xx_hal_cortex.o
 *fill*         0x08003d4a        0x2 
 .text.HAL_NVIC_SetPriorityGrouping
                0x08003d4c       0x24 build/stm32f4xx_hal_cortex.o
                0x08003d4c                HAL_NVIC_SetPriorityGrouping
 .text.HAL_NVIC_SetPriority
                0x08003d70       0x20 build/stm32f4xx_hal_cortex.o
                0x08003d70                HAL_NVIC_SetPriority
 .text.HAL_NVIC_EnableIRQ
                0x08003d90        0x8 build/stm32f4xx_hal_cortex.o
                0x08003d90                HAL_NVIC_EnableIRQ
 .text.HAL_Init
                0x08003d98       0x34 build/stm32f4xx_hal.o
                0x08003d98                HAL_Init
 .text.HAL_IncTick
                0x08003dcc       0x18 build/stm32f4xx_hal.o
                0x08003dcc                HAL_IncTick
 .text.HAL_GetTick
                0x08003de4        0xc build/stm32f4xx_hal.o
                0x08003de4                HAL_GetTick
 .text.HAL_Delay
                0x08003df0       0x28 build/stm32f4xx_hal.o
                0x08003df0                HAL_Delay
 .text.HAL_CRC_Init
                0x08003e18       0x1e build/stm32f4xx_hal_crc.o
                0x08003e18                HAL_CRC_Init
 .text.HAL_DMA2D_Init
                0x08003e36       0x5a build/stm32f4xx_hal_dma2d.o
                0x08003e36                HAL_DMA2D_Init
 .text.HAL_DMA2D_LineEventCallback
                0x08003e90        0x2 build/stm32f4xx_hal_dma2d.o
                0x08003e90                HAL_DMA2D_LineEventCallback
 .text.HAL_DMA2D_CLUTLoadingCpltCallback
                0x08003e92        0x2 build/stm32f4xx_hal_dma2d.o
                0x08003e92                HAL_DMA2D_CLUTLoadingCpltCallback
 .text.HAL_DMA2D_IRQHandler
                0x08003e94      0x13c build/stm32f4xx_hal_dma2d.o
                0x08003e94                HAL_DMA2D_IRQHandler
 .text.HAL_DMA2D_ConfigLayer
                0x08003fd0       0xc4 build/stm32f4xx_hal_dma2d.o
                0x08003fd0                HAL_DMA2D_ConfigLayer
 .text.FMC_SDRAM_Init
                0x08004094       0x78 build/stm32f4xx_ll_fmc.o
                0x08004094                FMC_SDRAM_Init
 .text.FMC_SDRAM_Timing_Init
                0x0800410c       0xa8 build/stm32f4xx_ll_fmc.o
                0x0800410c                FMC_SDRAM_Timing_Init
 .text.HAL_SDRAM_Init
                0x080041b4       0x40 build/stm32f4xx_hal_sdram.o
                0x080041b4                HAL_SDRAM_Init
 .text.HAL_I2C_Init
                0x080041f4      0x1bc build/stm32f4xx_hal_i2c.o
                0x080041f4                HAL_I2C_Init
 .text.HAL_I2CEx_ConfigAnalogFilter
                0x080043b0       0x44 build/stm32f4xx_hal_i2c_ex.o
                0x080043b0                HAL_I2CEx_ConfigAnalogFilter
 .text.HAL_I2CEx_ConfigDigitalFilter
                0x080043f4       0x42 build/stm32f4xx_hal_i2c_ex.o
                0x080043f4                HAL_I2CEx_ConfigDigitalFilter
 .text.LTDC_SetConfig
                0x08004436      0x1ac build/stm32f4xx_hal_ltdc.o
 *fill*         0x080045e2        0x2 
 .text.HAL_LTDC_Init
                0x080045e4       0xf4 build/stm32f4xx_hal_ltdc.o
                0x080045e4                HAL_LTDC_Init
 .text.HAL_LTDC_ErrorCallback
                0x080046d8        0x2 build/stm32f4xx_hal_ltdc.o
                0x080046d8                HAL_LTDC_ErrorCallback
 .text.HAL_LTDC_LineEventCallback
                0x080046da        0x2 build/stm32f4xx_hal_ltdc.o
                0x080046da                HAL_LTDC_LineEventCallback
 .text.HAL_LTDC_ReloadEventCallback
                0x080046dc        0x2 build/stm32f4xx_hal_ltdc.o
                0x080046dc                HAL_LTDC_ReloadEventCallback
 .text.HAL_LTDC_IRQHandler
                0x080046de       0xda build/stm32f4xx_hal_ltdc.o
                0x080046de                HAL_LTDC_IRQHandler
 .text.HAL_LTDC_ConfigLayer
                0x080047b8       0x68 build/stm32f4xx_hal_ltdc.o
                0x080047b8                HAL_LTDC_ConfigLayer
 .text.HAL_SPI_Init
                0x08004820       0xbe build/stm32f4xx_hal_spi.o
                0x08004820                HAL_SPI_Init
 .text.TIM_TI1_ConfigInputStage
                0x080048de       0x26 build/stm32f4xx_hal_tim.o
 .text.TIM_TI2_ConfigInputStage
                0x08004904       0x28 build/stm32f4xx_hal_tim.o
 .text.TIM_ITRx_SetConfig
                0x0800492c       0x10 build/stm32f4xx_hal_tim.o
 .text.HAL_TIM_Base_Start_IT
                0x0800493c       0x88 build/stm32f4xx_hal_tim.o
                0x0800493c                HAL_TIM_Base_Start_IT
 .text.HAL_TIM_OC_DelayElapsedCallback
                0x080049c4        0x2 build/stm32f4xx_hal_tim.o
                0x080049c4                HAL_TIM_OC_DelayElapsedCallback
 .text.HAL_TIM_IC_CaptureCallback
                0x080049c6        0x2 build/stm32f4xx_hal_tim.o
                0x080049c6                HAL_TIM_IC_CaptureCallback
 .text.HAL_TIM_PWM_PulseFinishedCallback
                0x080049c8        0x2 build/stm32f4xx_hal_tim.o
                0x080049c8                HAL_TIM_PWM_PulseFinishedCallback
 .text.HAL_TIM_TriggerCallback
                0x080049ca        0x2 build/stm32f4xx_hal_tim.o
                0x080049ca                HAL_TIM_TriggerCallback
 .text.HAL_TIM_IRQHandler
                0x080049cc      0x15e build/stm32f4xx_hal_tim.o
                0x080049cc                HAL_TIM_IRQHandler
 *fill*         0x08004b2a        0x2 
 .text.TIM_Base_SetConfig
                0x08004b2c       0xd8 build/stm32f4xx_hal_tim.o
                0x08004b2c                TIM_Base_SetConfig
 .text.HAL_TIM_Base_Init
                0x08004c04       0x58 build/stm32f4xx_hal_tim.o
                0x08004c04                HAL_TIM_Base_Init
 .text.TIM_ETR_SetConfig
                0x08004c5c       0x1a build/stm32f4xx_hal_tim.o
                0x08004c5c                TIM_ETR_SetConfig
 .text.HAL_TIM_ConfigClockSource
                0x08004c76       0xfe build/stm32f4xx_hal_tim.o
                0x08004c76                HAL_TIM_ConfigClockSource
 .text.HAL_TIMEx_MasterConfigSynchronization
                0x08004d74       0x8c build/stm32f4xx_hal_tim_ex.o
                0x08004d74                HAL_TIMEx_MasterConfigSynchronization
 .text.HAL_TIMEx_CommutCallback
                0x08004e00        0x2 build/stm32f4xx_hal_tim_ex.o
                0x08004e00                HAL_TIMEx_CommutCallback
 .text.HAL_TIMEx_BreakCallback
                0x08004e02        0x2 build/stm32f4xx_hal_tim_ex.o
                0x08004e02                HAL_TIMEx_BreakCallback
 .text.UART_EndRxTransfer
                0x08004e04       0x5c build/stm32f4xx_hal_uart.o
 .text.UART_SetConfig
                0x08004e60      0x110 build/stm32f4xx_hal_uart.o
 .text.UART_WaitOnFlagUntilTimeout
                0x08004f70       0x86 build/stm32f4xx_hal_uart.o
 .text.HAL_UART_Init
                0x08004ff6       0x60 build/stm32f4xx_hal_uart.o
                0x08004ff6                HAL_UART_Init
 .text.HAL_UART_Transmit
                0x08005056       0xcc build/stm32f4xx_hal_uart.o
                0x08005056                HAL_UART_Transmit
 .text.HAL_UART_Receive
                0x08005122       0xd2 build/stm32f4xx_hal_uart.o
                0x08005122                HAL_UART_Receive
 .text.SystemInit
                0x080051f4       0x14 build/system_stm32f4xx.o
                0x080051f4                SystemInit
 .text.USBH_HandleSof
                0x08005208       0x1a build/usbh_core.o
 .text.DeInitStateMachine
                0x08005222       0x94 build/usbh_core.o
 .text.USBH_HandleEnum
                0x080052b6      0x26e build/usbh_core.o
 .text.USBH_Init
                0x08005524       0x3e build/usbh_core.o
                0x08005524                USBH_Init
 .text.USBH_RegisterClass
                0x08005562       0x22 build/usbh_core.o
                0x08005562                USBH_RegisterClass
 .text.USBH_SelectInterface
                0x08005584       0x14 build/usbh_core.o
                0x08005584                USBH_SelectInterface
 .text.USBH_FindInterface
                0x08005598       0x54 build/usbh_core.o
                0x08005598                USBH_FindInterface
 .text.USBH_Start
                0x080055ec       0x14 build/usbh_core.o
                0x080055ec                USBH_Start
 .text.USBH_Process
                0x08005600      0x28e build/usbh_core.o
                0x08005600                USBH_Process
 .text.USBH_LL_SetTimer
                0x0800588e        0x6 build/usbh_core.o
                0x0800588e                USBH_LL_SetTimer
 .text.USBH_LL_IncTimer
                0x08005894       0x12 build/usbh_core.o
                0x08005894                USBH_LL_IncTimer
 .text.USBH_LL_PortEnabled
                0x080058a6        0x8 build/usbh_core.o
                0x080058a6                USBH_LL_PortEnabled
 .text.USBH_LL_PortDisabled
                0x080058ae        0x8 build/usbh_core.o
                0x080058ae                USBH_LL_PortDisabled
 .text.USBH_LL_Connect
                0x080058b6       0x14 build/usbh_core.o
                0x080058b6                USBH_LL_Connect
 .text.USBH_LL_Disconnect
                0x080058ca       0x2c build/usbh_core.o
                0x080058ca                USBH_LL_Disconnect
 *fill*         0x080058f6        0x2 
 .text.USBH_ParseDevDesc
                0x080058f8       0xf4 build/usbh_ctlreq.o
 .text.USBH_ParseInterfaceDesc
                0x080059ec       0x2c build/usbh_ctlreq.o
 .text.USBH_ParseEPDesc
                0x08005a18       0xe4 build/usbh_ctlreq.o
 .text.USBH_ParseStringDesc
                0x08005afc       0x32 build/usbh_ctlreq.o
 .text.USBH_HandleControl
                0x08005b2e      0x1d8 build/usbh_ctlreq.o
 .text.USBH_GetNextDesc
                0x08005d06        0xe build/usbh_ctlreq.o
                0x08005d06                USBH_GetNextDesc
 .text.USBH_ParseCfgDesc
                0x08005d14      0x172 build/usbh_ctlreq.o
 .text.USBH_CtlReq
                0x08005e86       0x40 build/usbh_ctlreq.o
                0x08005e86                USBH_CtlReq
 .text.USBH_GetDescriptor
                0x08005ec6       0x42 build/usbh_ctlreq.o
                0x08005ec6                USBH_GetDescriptor
 .text.USBH_Get_DevDesc
                0x08005f08       0x36 build/usbh_ctlreq.o
                0x08005f08                USBH_Get_DevDesc
 .text.USBH_Get_CfgDesc
                0x08005f3e       0x36 build/usbh_ctlreq.o
                0x08005f3e                USBH_Get_CfgDesc
 .text.USBH_Get_StringDesc
                0x08005f74       0x40 build/usbh_ctlreq.o
                0x08005f74                USBH_Get_StringDesc
 .text.USBH_SetAddress
                0x08005fb4       0x22 build/usbh_ctlreq.o
                0x08005fb4                USBH_SetAddress
 .text.USBH_SetCfg
                0x08005fd6       0x22 build/usbh_ctlreq.o
                0x08005fd6                USBH_SetCfg
 .text.USBH_SetFeature
                0x08005ff8       0x22 build/usbh_ctlreq.o
                0x08005ff8                USBH_SetFeature
 .text.USBH_ClrFeature
                0x0800601a       0x24 build/usbh_ctlreq.o
                0x0800601a                USBH_ClrFeature
 .text.USBH_CtlSendSetup
                0x0800603e       0x22 build/usbh_ioreq.o
                0x0800603e                USBH_CtlSendSetup
 .text.USBH_CtlSendData
                0x08006060       0x2c build/usbh_ioreq.o
                0x08006060                USBH_CtlSendData
 .text.USBH_CtlReceiveData
                0x0800608c       0x20 build/usbh_ioreq.o
                0x0800608c                USBH_CtlReceiveData
 .text.USBH_BulkSendData
                0x080060ac       0x2c build/usbh_ioreq.o
                0x080060ac                USBH_BulkSendData
 .text.USBH_BulkReceiveData
                0x080060d8       0x20 build/usbh_ioreq.o
                0x080060d8                USBH_BulkReceiveData
 .text.USBH_GetFreePipe
                0x080060f8       0x26 build/usbh_pipes.o
 .text.USBH_OpenPipe
                0x0800611e       0x20 build/usbh_pipes.o
                0x0800611e                USBH_OpenPipe
 .text.USBH_ClosePipe
                0x0800613e        0xa build/usbh_pipes.o
                0x0800613e                USBH_ClosePipe
 .text.USBH_AllocPipe
                0x08006148       0x26 build/usbh_pipes.o
                0x08006148                USBH_AllocPipe
 .text.USBH_FreePipe
                0x0800616e       0x16 build/usbh_pipes.o
                0x0800616e                USBH_FreePipe
 .text.USBH_CDC_SOFProcess
                0x08006184        0x4 build/usbh_cdc.o
 .text.SetLineCoding
                0x08006188       0x1a build/usbh_cdc.o
 .text.GetLineCoding
                0x080061a2       0x1a build/usbh_cdc.o
 .text.USBH_CDC_ClassRequest
                0x080061bc       0x22 build/usbh_cdc.o
 .text.USBH_CDC_InterfaceDeInit
                0x080061de       0x68 build/usbh_cdc.o
 .text.USBH_CDC_InterfaceInit
                0x08006246      0x186 build/usbh_cdc.o
 .text.USBH_CDC_TransmitCallback
                0x080063cc        0x2 build/usbh_cdc.o
                0x080063cc                USBH_CDC_TransmitCallback
 .text.CDC_ProcessTransmission
                0x080063ce       0x94 build/usbh_cdc.o
 .text.USBH_CDC_ReceiveCallback
                0x08006462        0x2 build/usbh_cdc.o
                0x08006462                USBH_CDC_ReceiveCallback
 .text.CDC_ProcessReception
                0x08006464       0x68 build/usbh_cdc.o
 .text.USBH_CDC_LineCodingChanged
                0x080064cc        0x2 build/usbh_cdc.o
                0x080064cc                USBH_CDC_LineCodingChanged
 .text.USBH_CDC_Process
                0x080064ce       0xae build/usbh_cdc.o
 .text.Reset_Handler
                0x0800657c       0x50 build/startup_stm32f429xx.o
                0x0800657c                Reset_Handler
 .text.Default_Handler
                0x080065cc        0x2 build/startup_stm32f429xx.o
                0x080065cc                RTC_Alarm_IRQHandler
                0x080065cc                HASH_RNG_IRQHandler
                0x080065cc                EXTI2_IRQHandler
                0x080065cc                TIM8_CC_IRQHandler
                0x080065cc                UART8_IRQHandler
                0x080065cc                SPI4_IRQHandler
                0x080065cc                TIM1_CC_IRQHandler
                0x080065cc                DMA2_Stream5_IRQHandler
                0x080065cc                DMA1_Stream5_IRQHandler
                0x080065cc                PVD_IRQHandler
                0x080065cc                SDIO_IRQHandler
                0x080065cc                TAMP_STAMP_IRQHandler
                0x080065cc                CAN2_RX1_IRQHandler
                0x080065cc                EXTI3_IRQHandler
                0x080065cc                TIM8_TRG_COM_TIM14_IRQHandler
                0x080065cc                TIM1_UP_TIM10_IRQHandler
                0x080065cc                TIM8_UP_TIM13_IRQHandler
                0x080065cc                I2C3_ER_IRQHandler
                0x080065cc                EXTI0_IRQHandler
                0x080065cc                I2C2_EV_IRQHandler
                0x080065cc                DMA1_Stream2_IRQHandler
                0x080065cc                CAN1_RX0_IRQHandler
                0x080065cc                FPU_IRQHandler
                0x080065cc                OTG_HS_WKUP_IRQHandler
                0x080065cc                LTDC_ER_IRQHandler
                0x080065cc                CAN2_SCE_IRQHandler
                0x080065cc                DMA2_Stream2_IRQHandler
                0x080065cc                SPI1_IRQHandler
                0x080065cc                TIM1_BRK_TIM9_IRQHandler
                0x080065cc                DCMI_IRQHandler
                0x080065cc                CAN2_RX0_IRQHandler
                0x080065cc                DMA2_Stream3_IRQHandler
                0x080065cc                USART6_IRQHandler
                0x080065cc                USART3_IRQHandler
                0x080065cc                CAN1_RX1_IRQHandler
                0x080065cc                UART5_IRQHandler
                0x080065cc                DMA2_Stream0_IRQHandler
                0x080065cc                TIM4_IRQHandler
                0x080065cc                I2C1_EV_IRQHandler
                0x080065cc                DMA1_Stream6_IRQHandler
                0x080065cc                DMA1_Stream1_IRQHandler
                0x080065cc                UART4_IRQHandler
                0x080065cc                TIM3_IRQHandler
                0x080065cc                RCC_IRQHandler
                0x080065cc                TIM8_BRK_TIM12_IRQHandler
                0x080065cc                Default_Handler
                0x080065cc                EXTI15_10_IRQHandler
                0x080065cc                ADC_IRQHandler
                0x080065cc                DMA1_Stream7_IRQHandler
                0x080065cc                SPI5_IRQHandler
                0x080065cc                TIM7_IRQHandler
                0x080065cc                CAN2_TX_IRQHandler
                0x080065cc                TIM5_IRQHandler
                0x080065cc                DMA2_Stream7_IRQHandler
                0x080065cc                I2C3_EV_IRQHandler
                0x080065cc                EXTI9_5_IRQHandler
                0x080065cc                RTC_WKUP_IRQHandler
                0x080065cc                ETH_WKUP_IRQHandler
                0x080065cc                SPI2_IRQHandler
                0x080065cc                OTG_HS_EP1_IN_IRQHandler
                0x080065cc                DMA1_Stream0_IRQHandler
                0x080065cc                CAN1_TX_IRQHandler
                0x080065cc                EXTI4_IRQHandler
                0x080065cc                ETH_IRQHandler
                0x080065cc                OTG_HS_EP1_OUT_IRQHandler
                0x080065cc                WWDG_IRQHandler
                0x080065cc                SPI6_IRQHandler
                0x080065cc                TIM2_IRQHandler
                0x080065cc                OTG_FS_WKUP_IRQHandler
                0x080065cc                TIM1_TRG_COM_TIM11_IRQHandler
                0x080065cc                EXTI1_IRQHandler
                0x080065cc                UART7_IRQHandler
                0x080065cc                USART2_IRQHandler
                0x080065cc                I2C2_ER_IRQHandler
                0x080065cc                DMA2_Stream1_IRQHandler
                0x080065cc                CAN1_SCE_IRQHandler
                0x080065cc                FLASH_IRQHandler
                0x080065cc                DMA2_Stream4_IRQHandler
                0x080065cc                USART1_IRQHandler
                0x080065cc                OTG_FS_IRQHandler
                0x080065cc                SPI3_IRQHandler
                0x080065cc                DMA1_Stream4_IRQHandler
                0x080065cc                I2C1_ER_IRQHandler
                0x080065cc                FMC_IRQHandler
                0x080065cc                DMA2_Stream6_IRQHandler
                0x080065cc                SAI1_IRQHandler
                0x080065cc                DMA1_Stream3_IRQHandler
 *(.glue_7)
 .glue_7        0x080065ce        0x0 linker stubs
 *(.glue_7t)
 .glue_7t       0x080065ce        0x0 linker stubs
 *(.eh_frame)
 *fill*         0x080065ce        0x2 
 .eh_frame      0x080065d0        0x0 /usr/lib/gcc/arm-none-eabi/12.2.1/thumb/v7e-m+fp/hard/crtbegin.o
 *(.init)
 .init          0x080065d0        0x4 /usr/lib/gcc/arm-none-eabi/12.2.1/thumb/v7e-m+fp/hard/crti.o
                0x080065d0                _init
 .init          0x080065d4        0x8 /usr/lib/gcc/arm-none-eabi/12.2.1/thumb/v7e-m+fp/hard/crtn.o
 *(.fini)
 .fini          0x080065dc        0x4 /usr/lib/gcc/arm-none-eabi/12.2.1/thumb/v7e-m+fp/hard/crti.o
                0x080065dc                _fini
 .fini          0x080065e0        0x8 /usr/lib/gcc/arm-none-eabi/12.2.1/thumb/v7e-m+fp/hard/crtn.o
                0x080065e8                        . = ALIGN (0x4)
                0x080065e8                        _etext = .

.vfp11_veneer   0x080065e8        0x0
 .vfp11_veneer  0x080065e8        0x0 linker stubs

.v4_bx          0x080065e8        0x0
 .v4_bx         0x080065e8        0x0 linker stubs

.iplt           0x080065e8        0x0
 .iplt          0x080065e8        0x0 /usr/lib/gcc/arm-none-eabi/12.2.1/thumb/v7e-m+fp/hard/crtbegin.o

.rodata         0x080065e8       0x1c
                0x080065e8                        . = ALIGN (0x4)
 *(.rodata)
 *(.rodata*)
 .rodata.APBPrescTable
                0x080065e8        0x8 build/system_stm32f4xx.o
                0x080065e8                APBPrescTable
 .rodata.AHBPrescTable
                0x080065f0       0x10 build/system_stm32f4xx.o
                0x080065f0                AHBPrescTable
 .rodata.str1.4
                0x08006600        0x4 build/usbh_cdc.o
                0x08006604                        . = ALIGN (0x4)

.ARM.extab
 *(.ARM.extab* .gnu.linkonce.armextab.*)

.ARM            0x08006604        0x8
                0x08006604                        __exidx_start = .
 *(.ARM.exidx*)
 .ARM.exidx     0x08006604        0x8 /usr/lib/gcc/arm-none-eabi/12.2.1/thumb/v7e-m+fp/hard/libgcc.a(_udivmoddi4.o)
                0x0800660c                        __exidx_end = .

.rel.dyn        0x0800660c        0x0
 .rel.iplt      0x0800660c        0x0 /usr/lib/gcc/arm-none-eabi/12.2.1/thumb/v7e-m+fp/hard/crtbegin.o

.preinit_array  0x0800660c        0x0
                0x0800660c                        PROVIDE (__preinit_array_start = .)
 *(.preinit_array*)
                0x0800660c                        PROVIDE (__preinit_array_end = .)

.init_array     0x0800660c        0x4
                0x0800660c                        PROVIDE (__init_array_start = .)
 *(SORT_BY_NAME(.init_array.*))
 *(.init_array*)
 .init_array    0x0800660c        0x4 /usr/lib/gcc/arm-none-eabi/12.2.1/thumb/v7e-m+fp/hard/crtbegin.o
                0x08006610                        PROVIDE (__init_array_end = .)

.fini_array     0x08006610        0x4
                0x08006610                        PROVIDE (__fini_array_start = .)
 *(SORT_BY_NAME(.fini_array.*))
 *(.fini_array*)
 .fini_array    0x08006610        0x4 /usr/lib/gcc/arm-none-eabi/12.2.1/thumb/v7e-m+fp/hard/crtbegin.o
                0x08006614                        PROVIDE (__fini_array_end = .)
                0x08006614                        _sidata = LOADADDR (.data)

.data           0x20000000       0x90 load address 0x08006614
                0x20000000                        . = ALIGN (0x4)
                0x20000000                        _sdata = .
 *(.data)
 .data          0x20000000       0x64 /usr/lib/gcc/arm-none-eabi/12.2.1/../../../arm-none-eabi/lib/thumb/v7e-m+fp/hard/libc_nano.a(lib_a-impure.o)
                0x20000000                _impure_ptr
 *(.data*)
 .data.uwTickFreq
                0x20000064        0x1 build/stm32f4xx_hal.o
                0x20000064                uwTickFreq
 *fill*         0x20000065        0x3 
 .data.uwTickPrio
                0x20000068        0x4 build/stm32f4xx_hal.o
                0x20000068                uwTickPrio
 .data.SystemCoreClock
                0x2000006c        0x4 build/system_stm32f4xx.o
                0x2000006c                SystemCoreClock
 .data.CDC_Class
                0x20000070       0x20 build/usbh_cdc.o
                0x20000070                CDC_Class
                0x20000090                        . = ALIGN (0x4)
                0x20000090                        _edata = .
                0x080066a4                        _siccmram = LOADADDR (.ccmram)

.tm_clone_table
                0x20000090        0x0 load address 0x080066a4
 .tm_clone_table
                0x20000090        0x0 /usr/lib/gcc/arm-none-eabi/12.2.1/thumb/v7e-m+fp/hard/crtbegin.o
 .tm_clone_table
                0x20000090        0x0 /usr/lib/gcc/arm-none-eabi/12.2.1/thumb/v7e-m+fp/hard/crtend.o

.igot.plt       0x20000090        0x0 load address 0x080066a4
 .igot.plt      0x20000090        0x0 /usr/lib/gcc/arm-none-eabi/12.2.1/thumb/v7e-m+fp/hard/crtbegin.o

.ccmram         0x10000000        0x0 load address 0x080066a4
                0x10000000                        . = ALIGN (0x4)
                0x10000000                        _sccmram = .
 *(.ccmram)
 *(.ccmram*)
                0x10000000                        . = ALIGN (0x4)
                0x10000000                        _eccmram = .
                0x10000000                        . = ALIGN (0x4)

.bss            0x20000090      0xa9c
                0x20000090                        _sbss = .
                0x20000090                        __bss_start__ = _sbss
 *(.bss)
 .bss           0x20000090       0x1c /usr/lib/gcc/arm-none-eabi/12.2.1/thumb/v7e-m+fp/hard/crtbegin.o
 .bss           0x200000ac        0x8 /usr/lib/gcc/arm-none-eabi/12.2.1/../../../arm-none-eabi/lib/thumb/v7e-m+fp/hard/libc_nano.a(lib_a-nano-mallocr.o)
                0x200000ac                __malloc_free_list
                0x200000b0                __malloc_sbrk_start
 .bss           0x200000b4        0x4 /usr/lib/gcc/arm-none-eabi/12.2.1/../../../arm-none-eabi/lib/thumb/v7e-m+fp/hard/libc_nano.a(lib_a-reent.o)
                0x200000b4                errno
 .bss           0x200000b8        0x4 /usr/lib/gcc/arm-none-eabi/12.2.1/../../../arm-none-eabi/lib/thumb/v7e-m+fp/hard/libnosys.a(sbrk.o)
 *(.bss*)
 .bss.rx_buffer
                0x200000bc        0x1 build/main.o
                0x200000bc                rx_buffer
 *fill*         0x200000bd        0x3 
 .bss.hsdram1   0x200000c0       0x34 build/main.o
                0x200000c0                hsdram1
 .bss.huart1    0x200000f4       0x48 build/main.o
                0x200000f4                huart1
 .bss.htim1     0x2000013c       0x48 build/main.o
                0x2000013c                htim1
 .bss.hspi5     0x20000184       0x58 build/main.o
                0x20000184                hspi5
 .bss.hltdc     0x200001dc       0xa8 build/main.o
                0x200001dc                hltdc
 .bss.hi2c3     0x20000284       0x54 build/main.o
                0x20000284                hi2c3
 .bss.hdma2d    0x200002d8       0x40 build/main.o
                0x200002d8                hdma2d
 .bss.hcrc      0x20000318        0x8 build/main.o
                0x20000318                hcrc
 .bss.FMC_Initialized
                0x20000320        0x4 build/stm32f4xx_hal_msp.o
 .bss.htim6     0x20000324       0x48 build/stm32f4xx_hal_timebase_tim.o
                0x20000324                htim6
 .bss.Appli_state
                0x2000036c        0x1 build/usb_host.o
                0x2000036c                Appli_state
 *fill*         0x2000036d        0x3 
 .bss.hUsbHostHS
                0x20000370      0x3d8 build/usb_host.o
                0x20000370                hUsbHostHS
 .bss.hhcd_USB_OTG_HS
                0x20000748      0x3e0 build/usbh_conf.o
                0x20000748                hhcd_USB_OTG_HS
 .bss.uwTick    0x20000b28        0x4 build/stm32f4xx_hal.o
                0x20000b28                uwTick
 *(COMMON)
                0x20000b2c                        . = ALIGN (0x4)
                0x20000b2c                        _ebss = .
                0x20000b2c                        __bss_end__ = _ebss

._user_heap_stack
                0x20000b2c      0x604
                0x20000b30                        . = ALIGN (0x8)
 *fill*         0x20000b2c        0x4 
                0x20000b30                        PROVIDE (end = .)
                [!provide]                        PROVIDE (_end = .)
                0x20000d30                        . = (. + _Min_Heap_Size)
 *fill*         0x20000b30      0x200 
                0x20001130                        . = (. + _Min_Stack_Size)
 *fill*         0x20000d30      0x400 
                0x20001130                        . = ALIGN (0x8)

/DISCARD/
 libc.a(*)
 libm.a(*)
 libgcc.a(*)

.ARM.attributes
                0x00000000       0x30
 *(.ARM.attributes)
 .ARM.attributes
                0x00000000       0x22 /usr/lib/gcc/arm-none-eabi/12.2.1/thumb/v7e-m+fp/hard/crti.o
 .ARM.attributes
                0x00000022       0x34 /usr/lib/gcc/arm-none-eabi/12.2.1/thumb/v7e-m+fp/hard/crtbegin.o
 .ARM.attributes
                0x00000056       0x34 build/main.o
 .ARM.attributes
                0x0000008a       0x34 build/stm32f4xx_it.o
 .ARM.attributes
                0x000000be       0x34 build/stm32f4xx_hal_msp.o
 .ARM.attributes
                0x000000f2       0x34 build/stm32f4xx_hal_timebase_tim.o
 .ARM.attributes
                0x00000126       0x34 build/usb_host.o
 .ARM.attributes
                0x0000015a       0x34 build/usbh_conf.o
 .ARM.attributes
                0x0000018e       0x34 build/usbh_platform.o
 .ARM.attributes
                0x000001c2       0x34 build/stm32f4xx_hal_hcd.o
 .ARM.attributes
                0x000001f6       0x34 build/stm32f4xx_ll_usb.o
 .ARM.attributes
                0x0000022a       0x34 build/stm32f4xx_hal_rcc.o
 .ARM.attributes
                0x0000025e       0x34 build/stm32f4xx_hal_rcc_ex.o
 .ARM.attributes
                0x00000292       0x34 build/stm32f4xx_hal_gpio.o
 .ARM.attributes
                0x000002c6       0x34 build/stm32f4xx_hal_cortex.o
 .ARM.attributes
                0x000002fa       0x34 build/stm32f4xx_hal.o
 .ARM.attributes
                0x0000032e       0x34 build/stm32f4xx_hal_crc.o
 .ARM.attributes
                0x00000362       0x34 build/stm32f4xx_hal_dma2d.o
 .ARM.attributes
                0x00000396       0x34 build/stm32f4xx_ll_fmc.o
 .ARM.attributes
                0x000003ca       0x34 build/stm32f4xx_hal_sdram.o
 .ARM.attributes
                0x000003fe       0x34 build/stm32f4xx_hal_i2c.o
 .ARM.attributes
                0x00000432       0x34 build/stm32f4xx_hal_i2c_ex.o
 .ARM.attributes
                0x00000466       0x34 build/stm32f4xx_hal_ltdc.o
 .ARM.attributes
                0x0000049a       0x34 build/stm32f4xx_hal_spi.o
 .ARM.attributes
                0x000004ce       0x34 build/stm32f4xx_hal_tim.o
 .ARM.attributes
                0x00000502       0x34 build/stm32f4xx_hal_tim_ex.o
 .ARM.attributes
                0x00000536       0x34 build/stm32f4xx_hal_uart.o
 .ARM.attributes
                0x0000056a       0x34 build/system_stm32f4xx.o
 .ARM.attributes
                0x0000059e       0x34 build/usbh_core.o
 .ARM.attributes
                0x000005d2       0x34 build/usbh_ctlreq.o
 .ARM.attributes
                0x00000606       0x34 build/usbh_ioreq.o
 .ARM.attributes
                0x0000063a       0x34 build/usbh_pipes.o
 .ARM.attributes
                0x0000066e       0x34 build/usbh_cdc.o
 .ARM.attributes
                0x000006a2       0x21 build/startup_stm32f429xx.o
 .ARM.attributes
                0x000006c3       0x32 /usr/lib/gcc/arm-none-eabi/12.2.1/../../../arm-none-eabi/lib/thumb/v7e-m+fp/hard/libc_nano.a(lib_a-impure.o)
 .ARM.attributes
                0x000006f5       0x34 /usr/lib/gcc/arm-none-eabi/12.2.1/../../../arm-none-eabi/lib/thumb/v7e-m+fp/hard/libc_nano.a(lib_a-init.o)
 .ARM.attributes
                0x00000729       0x34 /usr/lib/gcc/arm-none-eabi/12.2.1/../../../arm-none-eabi/lib/thumb/v7e-m+fp/hard/libc_nano.a(lib_a-malloc.o)
 .ARM.attributes
                0x0000075d       0x34 /usr/lib/gcc/arm-none-eabi/12.2.1/../../../arm-none-eabi/lib/thumb/v7e-m+fp/hard/libc_nano.a(lib_a-memset.o)
 .ARM.attributes
                0x00000791       0x34 /usr/lib/gcc/arm-none-eabi/12.2.1/../../../arm-none-eabi/lib/thumb/v7e-m+fp/hard/libc_nano.a(lib_a-nano-freer.o)
 .ARM.attributes
                0x000007c5       0x34 /usr/lib/gcc/arm-none-eabi/12.2.1/../../../arm-none-eabi/lib/thumb/v7e-m+fp/hard/libc_nano.a(lib_a-nano-mallocr.o)
 .ARM.attributes
                0x000007f9       0x34 /usr/lib/gcc/arm-none-eabi/12.2.1/../../../arm-none-eabi/lib/thumb/v7e-m+fp/hard/libc_nano.a(lib_a-sbrkr.o)
 .ARM.attributes
                0x0000082d       0x34 /usr/lib/gcc/arm-none-eabi/12.2.1/../../../arm-none-eabi/lib/thumb/v7e-m+fp/hard/libc_nano.a(lib_a-mlock.o)
 .ARM.attributes
                0x00000861       0x34 /usr/lib/gcc/arm-none-eabi/12.2.1/../../../arm-none-eabi/lib/thumb/v7e-m+fp/hard/libc_nano.a(lib_a-reent.o)
 .ARM.attributes
                0x00000895       0x34 /usr/lib/gcc/arm-none-eabi/12.2.1/../../../arm-none-eabi/lib/thumb/v7e-m+fp/hard/libnosys.a(sbrk.o)
 .ARM.attributes
                0x000008c9       0x22 /usr/lib/gcc/arm-none-eabi/12.2.1/thumb/v7e-m+fp/hard/libgcc.a(_aeabi_uldivmod.o)
 .ARM.attributes
                0x000008eb       0x34 /usr/lib/gcc/arm-none-eabi/12.2.1/thumb/v7e-m+fp/hard/libgcc.a(_udivmoddi4.o)
 .ARM.attributes
                0x0000091f       0x22 /usr/lib/gcc/arm-none-eabi/12.2.1/thumb/v7e-m+fp/hard/libgcc.a(_dvmd_tls.o)
 .ARM.attributes
                0x00000941       0x34 /usr/lib/gcc/arm-none-eabi/12.2.1/thumb/v7e-m+fp/hard/crtend.o
 .ARM.attributes
                0x00000975       0x22 /usr/lib/gcc/arm-none-eabi/12.2.1/thumb/v7e-m+fp/hard/crtn.o
OUTPUT(build/STM32_FW.elf elf32-littlearm)
LOAD linker stubs
LOAD /usr/lib/gcc/arm-none-eabi/12.2.1/../../../arm-none-eabi/lib/thumb/v7e-m+fp/hard/libc.a
LOAD /usr/lib/gcc/arm-none-eabi/12.2.1/../../../arm-none-eabi/lib/thumb/v7e-m+fp/hard/libm.a
LOAD /usr/lib/gcc/arm-none-eabi/12.2.1/thumb/v7e-m+fp/hard/libgcc.a

.comment        0x00000000       0x59
 .comment       0x00000000       0x26 /usr/lib/gcc/arm-none-eabi/12.2.1/thumb/v7e-m+fp/hard/crtbegin.o
                                 0x27 (size before relaxing)
 .comment       0x00000026       0x27 build/main.o
 .comment       0x00000026       0x27 build/stm32f4xx_it.o
 .comment       0x00000026       0x27 build/stm32f4xx_hal_msp.o
 .comment       0x00000026       0x27 build/stm32f4xx_hal_timebase_tim.o
 .comment       0x00000026       0x27 build/usb_host.o
 .comment       0x00000026       0x27 build/usbh_conf.o
 .comment       0x00000026       0x27 build/usbh_platform.o
 .comment       0x00000026       0x27 build/stm32f4xx_hal_hcd.o
 .comment       0x00000026       0x27 build/stm32f4xx_ll_usb.o
 .comment       0x00000026       0x27 build/stm32f4xx_hal_rcc.o
 .comment       0x00000026       0x27 build/stm32f4xx_hal_rcc_ex.o
 .comment       0x00000026       0x27 build/stm32f4xx_hal_gpio.o
 .comment       0x00000026       0x27 build/stm32f4xx_hal_cortex.o
 .comment       0x00000026       0x27 build/stm32f4xx_hal.o
 .comment       0x00000026       0x27 build/stm32f4xx_hal_crc.o
 .comment       0x00000026       0x27 build/stm32f4xx_hal_dma2d.o
 .comment       0x00000026       0x27 build/stm32f4xx_ll_fmc.o
 .comment       0x00000026       0x27 build/stm32f4xx_hal_sdram.o
 .comment       0x00000026       0x27 build/stm32f4xx_hal_i2c.o
 .comment       0x00000026       0x27 build/stm32f4xx_hal_i2c_ex.o
 .comment       0x00000026       0x27 build/stm32f4xx_hal_ltdc.o
 .comment       0x00000026       0x27 build/stm32f4xx_hal_spi.o
 .comment       0x00000026       0x27 build/stm32f4xx_hal_tim.o
 .comment       0x00000026       0x27 build/stm32f4xx_hal_tim_ex.o
 .comment       0x00000026       0x27 build/stm32f4xx_hal_uart.o
 .comment       0x00000026       0x27 build/system_stm32f4xx.o
 .comment       0x00000026       0x27 build/usbh_core.o
 .comment       0x00000026       0x27 build/usbh_ctlreq.o
 .comment       0x00000026       0x27 build/usbh_ioreq.o
 .comment       0x00000026       0x27 build/usbh_pipes.o
 .comment       0x00000026       0x27 build/usbh_cdc.o
 .comment       0x00000026       0x33 /usr/lib/gcc/arm-none-eabi/12.2.1/../../../arm-none-eabi/lib/thumb/v7e-m+fp/hard/libc_nano.a(lib_a-impure.o)
                                 0x34 (size before relaxing)
 .comment       0x00000059       0x34 /usr/lib/gcc/arm-none-eabi/12.2.1/../../../arm-none-eabi/lib/thumb/v7e-m+fp/hard/libc_nano.a(lib_a-init.o)
 .comment       0x00000059       0x34 /usr/lib/gcc/arm-none-eabi/12.2.1/../../../arm-none-eabi/lib/thumb/v7e-m+fp/hard/libc_nano.a(lib_a-malloc.o)
 .comment       0x00000059       0x34 /usr/lib/gcc/arm-none-eabi/12.2.1/../../../arm-none-eabi/lib/thumb/v7e-m+fp/hard/libc_nano.a(lib_a-memset.o)
 .comment       0x00000059       0x34 /usr/lib/gcc/arm-none-eabi/12.2.1/../../../arm-none-eabi/lib/thumb/v7e-m+fp/hard/libc_nano.a(lib_a-nano-freer.o)
 .comment       0x00000059       0x34 /usr/lib/gcc/arm-none-eabi/12.2.1/../../../arm-none-eabi/lib/thumb/v7e-m+fp/hard/libc_nano.a(lib_a-nano-mallocr.o)
 .comment       0x00000059       0x34 /usr/lib/gcc/arm-none-eabi/12.2.1/../../../arm-none-eabi/lib/thumb/v7e-m+fp/hard/libc_nano.a(lib_a-sbrkr.o)
 .comment       0x00000059       0x34 /usr/lib/gcc/arm-none-eabi/12.2.1/../../../arm-none-eabi/lib/thumb/v7e-m+fp/hard/libc_nano.a(lib_a-mlock.o)
 .comment       0x00000059       0x34 /usr/lib/gcc/arm-none-eabi/12.2.1/../../../arm-none-eabi/lib/thumb/v7e-m+fp/hard/libc_nano.a(lib_a-reent.o)
 .comment       0x00000059       0x34 /usr/lib/gcc/arm-none-eabi/12.2.1/../../../arm-none-eabi/lib/thumb/v7e-m+fp/hard/libnosys.a(sbrk.o)
 .comment       0x00000059       0x27 /usr/lib/gcc/arm-none-eabi/12.2.1/thumb/v7e-m+fp/hard/libgcc.a(_udivmoddi4.o)
 .comment       0x00000059       0x27 /usr/lib/gcc/arm-none-eabi/12.2.1/thumb/v7e-m+fp/hard/crtend.o

.debug_info     0x00000000    0x32f15
 .debug_info    0x00000000     0x2be6 build/main.o
 .debug_info    0x00002be6     0x15cb build/stm32f4xx_it.o
 .debug_info    0x000041b1     0x2bfc build/stm32f4xx_hal_msp.o
 .debug_info    0x00006dad      0xe30 build/stm32f4xx_hal_timebase_tim.o
 .debug_info    0x00007bdd      0xbeb build/usb_host.o
 .debug_info    0x000087c8     0x237e build/usbh_conf.o
 .debug_info    0x0000ab46      0x201 build/usbh_platform.o
 .debug_info    0x0000ad47     0x1b24 build/stm32f4xx_hal_hcd.o
 .debug_info    0x0000c86b     0x21de build/stm32f4xx_ll_usb.o
 .debug_info    0x0000ea49      0xbfc build/stm32f4xx_hal_rcc.o
 .debug_info    0x0000f645      0x8a5 build/stm32f4xx_hal_rcc_ex.o
 .debug_info    0x0000feea      0x846 build/stm32f4xx_hal_gpio.o
 .debug_info    0x00010730     0x117d build/stm32f4xx_hal_cortex.o
 .debug_info    0x000118ad      0xb74 build/stm32f4xx_hal.o
 .debug_info    0x00012421      0x404 build/stm32f4xx_hal_crc.o
 .debug_info    0x00012825     0x13fb build/stm32f4xx_hal_dma2d.o
 .debug_info    0x00013c20     0x10c7 build/stm32f4xx_ll_fmc.o
 .debug_info    0x00014ce7     0x12b8 build/stm32f4xx_hal_sdram.o
 .debug_info    0x00015f9f     0x3bb4 build/stm32f4xx_hal_i2c.o
 .debug_info    0x00019b53      0x734 build/stm32f4xx_hal_i2c_ex.o
 .debug_info    0x0001a287     0x16af build/stm32f4xx_hal_ltdc.o
 .debug_info    0x0001b936     0x2042 build/stm32f4xx_hal_spi.o
 .debug_info    0x0001d978     0x4115 build/stm32f4xx_hal_tim.o
 .debug_info    0x00021a8d     0x1d69 build/stm32f4xx_hal_tim_ex.o
 .debug_info    0x000237f6     0x433c build/stm32f4xx_hal_uart.o
 .debug_info    0x00027b32      0x5bd build/system_stm32f4xx.o
 .debug_info    0x000280ef     0x1803 build/usbh_core.o
 .debug_info    0x000298f2     0x15e5 build/usbh_ctlreq.o
 .debug_info    0x0002aed7     0x103d build/usbh_ioreq.o
 .debug_info    0x0002bf14      0xc92 build/usbh_pipes.o
 .debug_info    0x0002cba6     0x1adf build/usbh_cdc.o
 .debug_info    0x0002e685       0x30 build/startup_stm32f429xx.o
 .debug_info    0x0002e6b5      0x863 /usr/lib/gcc/arm-none-eabi/12.2.1/../../../arm-none-eabi/lib/thumb/v7e-m+fp/hard/libc_nano.a(lib_a-impure.o)
 .debug_info    0x0002ef18      0x11a /usr/lib/gcc/arm-none-eabi/12.2.1/../../../arm-none-eabi/lib/thumb/v7e-m+fp/hard/libc_nano.a(lib_a-init.o)
 .debug_info    0x0002f032      0x832 /usr/lib/gcc/arm-none-eabi/12.2.1/../../../arm-none-eabi/lib/thumb/v7e-m+fp/hard/libc_nano.a(lib_a-malloc.o)
 .debug_info    0x0002f864      0x137 /usr/lib/gcc/arm-none-eabi/12.2.1/../../../arm-none-eabi/lib/thumb/v7e-m+fp/hard/libc_nano.a(lib_a-memset.o)
 .debug_info    0x0002f99b      0x903 /usr/lib/gcc/arm-none-eabi/12.2.1/../../../arm-none-eabi/lib/thumb/v7e-m+fp/hard/libc_nano.a(lib_a-nano-freer.o)
 .debug_info    0x0003029e      0xa0c /usr/lib/gcc/arm-none-eabi/12.2.1/../../../arm-none-eabi/lib/thumb/v7e-m+fp/hard/libc_nano.a(lib_a-nano-mallocr.o)
 .debug_info    0x00030caa      0x828 /usr/lib/gcc/arm-none-eabi/12.2.1/../../../arm-none-eabi/lib/thumb/v7e-m+fp/hard/libc_nano.a(lib_a-sbrkr.o)
 .debug_info    0x000314d2      0x7dc /usr/lib/gcc/arm-none-eabi/12.2.1/../../../arm-none-eabi/lib/thumb/v7e-m+fp/hard/libc_nano.a(lib_a-mlock.o)
 .debug_info    0x00031cae      0xa7e /usr/lib/gcc/arm-none-eabi/12.2.1/../../../arm-none-eabi/lib/thumb/v7e-m+fp/hard/libc_nano.a(lib_a-reent.o)
 .debug_info    0x0003272c       0x9d /usr/lib/gcc/arm-none-eabi/12.2.1/../../../arm-none-eabi/lib/thumb/v7e-m+fp/hard/libnosys.a(sbrk.o)
 .debug_info    0x000327c9       0x24 /usr/lib/gcc/arm-none-eabi/12.2.1/thumb/v7e-m+fp/hard/libgcc.a(_aeabi_uldivmod.o)
 .debug_info    0x000327ed      0x6ef /usr/lib/gcc/arm-none-eabi/12.2.1/thumb/v7e-m+fp/hard/libgcc.a(_udivmoddi4.o)
 .debug_info    0x00032edc       0x39 /usr/lib/gcc/arm-none-eabi/12.2.1/thumb/v7e-m+fp/hard/libgcc.a(_dvmd_tls.o)

.debug_abbrev   0x00000000     0x61cf
 .debug_abbrev  0x00000000      0x31c build/main.o
 .debug_abbrev  0x0000031c      0x1ac build/stm32f4xx_it.o
 .debug_abbrev  0x000004c8      0x2e3 build/stm32f4xx_hal_msp.o
 .debug_abbrev  0x000007ab      0x22d build/stm32f4xx_hal_timebase_tim.o
 .debug_abbrev  0x000009d8      0x293 build/usb_host.o
 .debug_abbrev  0x00000c6b      0x3dd build/usbh_conf.o
 .debug_abbrev  0x00001048      0x12e build/usbh_platform.o
 .debug_abbrev  0x00001176      0x2d6 build/stm32f4xx_hal_hcd.o
 .debug_abbrev  0x0000144c      0x344 build/stm32f4xx_ll_usb.o
 .debug_abbrev  0x00001790      0x2de build/stm32f4xx_hal_rcc.o
 .debug_abbrev  0x00001a6e      0x1dc build/stm32f4xx_hal_rcc_ex.o
 .debug_abbrev  0x00001c4a      0x22b build/stm32f4xx_hal_gpio.o
 .debug_abbrev  0x00001e75      0x3d3 build/stm32f4xx_hal_cortex.o
 .debug_abbrev  0x00002248      0x244 build/stm32f4xx_hal.o
 .debug_abbrev  0x0000248c      0x1e9 build/stm32f4xx_hal_crc.o
 .debug_abbrev  0x00002675      0x284 build/stm32f4xx_hal_dma2d.o
 .debug_abbrev  0x000028f9      0x1d5 build/stm32f4xx_ll_fmc.o
 .debug_abbrev  0x00002ace      0x290 build/stm32f4xx_hal_sdram.o
 .debug_abbrev  0x00002d5e      0x328 build/stm32f4xx_hal_i2c.o
 .debug_abbrev  0x00003086      0x162 build/stm32f4xx_hal_i2c_ex.o
 .debug_abbrev  0x000031e8      0x275 build/stm32f4xx_hal_ltdc.o
 .debug_abbrev  0x0000345d      0x2d3 build/stm32f4xx_hal_spi.o
 .debug_abbrev  0x00003730      0x2bd build/stm32f4xx_hal_tim.o
 .debug_abbrev  0x000039ed      0x2b7 build/stm32f4xx_hal_tim_ex.o
 .debug_abbrev  0x00003ca4      0x36f build/stm32f4xx_hal_uart.o
 .debug_abbrev  0x00004013      0x11b build/system_stm32f4xx.o
 .debug_abbrev  0x0000412e      0x383 build/usbh_core.o
 .debug_abbrev  0x000044b1      0x353 build/usbh_ctlreq.o
 .debug_abbrev  0x00004804      0x23d build/usbh_ioreq.o
 .debug_abbrev  0x00004a41      0x2a3 build/usbh_pipes.o
 .debug_abbrev  0x00004ce4      0x37f build/usbh_cdc.o
 .debug_abbrev  0x00005063       0x1d build/startup_stm32f429xx.o
 .debug_abbrev  0x00005080      0x151 /usr/lib/gcc/arm-none-eabi/12.2.1/../../../arm-none-eabi/lib/thumb/v7e-m+fp/hard/libc_nano.a(lib_a-impure.o)
 .debug_abbrev  0x000051d1       0xcc /usr/lib/gcc/arm-none-eabi/12.2.1/../../../arm-none-eabi/lib/thumb/v7e-m+fp/hard/libc_nano.a(lib_a-init.o)
 .debug_abbrev  0x0000529d      0x1b6 /usr/lib/gcc/arm-none-eabi/12.2.1/../../../arm-none-eabi/lib/thumb/v7e-m+fp/hard/libc_nano.a(lib_a-malloc.o)
 .debug_abbrev  0x00005453       0xb4 /usr/lib/gcc/arm-none-eabi/12.2.1/../../../arm-none-eabi/lib/thumb/v7e-m+fp/hard/libc_nano.a(lib_a-memset.o)
 .debug_abbrev  0x00005507      0x235 /usr/lib/gcc/arm-none-eabi/12.2.1/../../../arm-none-eabi/lib/thumb/v7e-m+fp/hard/libc_nano.a(lib_a-nano-freer.o)
 .debug_abbrev  0x0000573c      0x290 /usr/lib/gcc/arm-none-eabi/12.2.1/../../../arm-none-eabi/lib/thumb/v7e-m+fp/hard/libc_nano.a(lib_a-nano-mallocr.o)
 .debug_abbrev  0x000059cc      0x1d6 /usr/lib/gcc/arm-none-eabi/12.2.1/../../../arm-none-eabi/lib/thumb/v7e-m+fp/hard/libc_nano.a(lib_a-sbrkr.o)
 .debug_abbrev  0x00005ba2      0x189 /usr/lib/gcc/arm-none-eabi/12.2.1/../../../arm-none-eabi/lib/thumb/v7e-m+fp/hard/libc_nano.a(lib_a-mlock.o)
 .debug_abbrev  0x00005d2b      0x265 /usr/lib/gcc/arm-none-eabi/12.2.1/../../../arm-none-eabi/lib/thumb/v7e-m+fp/hard/libc_nano.a(lib_a-reent.o)
 .debug_abbrev  0x00005f90       0xa2 /usr/lib/gcc/arm-none-eabi/12.2.1/../../../arm-none-eabi/lib/thumb/v7e-m+fp/hard/libnosys.a(sbrk.o)
 .debug_abbrev  0x00006032       0x14 /usr/lib/gcc/arm-none-eabi/12.2.1/thumb/v7e-m+fp/hard/libgcc.a(_aeabi_uldivmod.o)
 .debug_abbrev  0x00006046      0x16a /usr/lib/gcc/arm-none-eabi/12.2.1/thumb/v7e-m+fp/hard/libgcc.a(_udivmoddi4.o)
 .debug_abbrev  0x000061b0       0x1f /usr/lib/gcc/arm-none-eabi/12.2.1/thumb/v7e-m+fp/hard/libgcc.a(_dvmd_tls.o)

.debug_loc      0x00000000    0x23bf8
 .debug_loc     0x00000000      0x292 build/main.o
 .debug_loc     0x00000292       0x80 build/stm32f4xx_it.o
 .debug_loc     0x00000312      0x5ed build/stm32f4xx_hal_msp.o
 .debug_loc     0x000008ff      0x136 build/stm32f4xx_hal_timebase_tim.o
 .debug_loc     0x00000a35       0x40 build/usb_host.o
 .debug_loc     0x00000a75      0xc27 build/usbh_conf.o
 .debug_loc     0x0000169c       0x81 build/usbh_platform.o
 .debug_loc     0x0000171d      0xefe build/stm32f4xx_hal_hcd.o
 .debug_loc     0x0000261b     0x273f build/stm32f4xx_ll_usb.o
 .debug_loc     0x00004d5a      0x6e4 build/stm32f4xx_hal_rcc.o
 .debug_loc     0x0000543e      0x59d build/stm32f4xx_hal_rcc_ex.o
 .debug_loc     0x000059db      0x5db build/stm32f4xx_hal_gpio.o
 .debug_loc     0x00005fb6      0x7c7 build/stm32f4xx_hal_cortex.o
 .debug_loc     0x0000677d      0x1e1 build/stm32f4xx_hal.o
 .debug_loc     0x0000695e      0x2c3 build/stm32f4xx_hal_crc.o
 .debug_loc     0x00006c21     0x17a1 build/stm32f4xx_hal_dma2d.o
 .debug_loc     0x000083c2      0xaa2 build/stm32f4xx_ll_fmc.o
 .debug_loc     0x00008e64     0x11ef build/stm32f4xx_hal_sdram.o
 .debug_loc     0x0000a053     0x4ded build/stm32f4xx_hal_i2c.o
 .debug_loc     0x0000ee40       0xd9 build/stm32f4xx_hal_i2c_ex.o
 .debug_loc     0x0000ef19     0x1c41 build/stm32f4xx_hal_ltdc.o
 .debug_loc     0x00010b5a     0x26ec build/stm32f4xx_hal_spi.o
 .debug_loc     0x00013246     0x5c3b build/stm32f4xx_hal_tim.o
 .debug_loc     0x00018e81     0x2168 build/stm32f4xx_hal_tim_ex.o
 .debug_loc     0x0001afe9     0x4d3f build/stm32f4xx_hal_uart.o
 .debug_loc     0x0001fd28      0x158 build/system_stm32f4xx.o
 .debug_loc     0x0001fe80      0xae2 build/usbh_core.o
 .debug_loc     0x00020962     0x1451 build/usbh_ctlreq.o
 .debug_loc     0x00021db3      0x750 build/usbh_ioreq.o
 .debug_loc     0x00022503      0x27e build/usbh_pipes.o
 .debug_loc     0x00022781      0x8e6 build/usbh_cdc.o
 .debug_loc     0x00023067       0xba /usr/lib/gcc/arm-none-eabi/12.2.1/../../../arm-none-eabi/lib/thumb/v7e-m+fp/hard/libc_nano.a(lib_a-init.o)
 .debug_loc     0x00023121       0x64 /usr/lib/gcc/arm-none-eabi/12.2.1/../../../arm-none-eabi/lib/thumb/v7e-m+fp/hard/libc_nano.a(lib_a-malloc.o)
 .debug_loc     0x00023185      0x22c /usr/lib/gcc/arm-none-eabi/12.2.1/../../../arm-none-eabi/lib/thumb/v7e-m+fp/hard/libc_nano.a(lib_a-memset.o)
 .debug_loc     0x000233b1      0x203 /usr/lib/gcc/arm-none-eabi/12.2.1/../../../arm-none-eabi/lib/thumb/v7e-m+fp/hard/libc_nano.a(lib_a-nano-freer.o)
 .debug_loc     0x000235b4      0x3cd /usr/lib/gcc/arm-none-eabi/12.2.1/../../../arm-none-eabi/lib/thumb/v7e-m+fp/hard/libc_nano.a(lib_a-nano-mallocr.o)
 .debug_loc     0x00023981       0x6c /usr/lib/gcc/arm-none-eabi/12.2.1/../../../arm-none-eabi/lib/thumb/v7e-m+fp/hard/libc_nano.a(lib_a-sbrkr.o)
 .debug_loc     0x000239ed      0x1cd /usr/lib/gcc/arm-none-eabi/12.2.1/../../../arm-none-eabi/lib/thumb/v7e-m+fp/hard/libc_nano.a(lib_a-reent.o)
 .debug_loc     0x00023bba       0x3e /usr/lib/gcc/arm-none-eabi/12.2.1/../../../arm-none-eabi/lib/thumb/v7e-m+fp/hard/libnosys.a(sbrk.o)

.debug_aranges  0x00000000     0x1dd8
 .debug_aranges
                0x00000000       0x80 build/main.o
 .debug_aranges
                0x00000080       0x80 build/stm32f4xx_it.o
 .debug_aranges
                0x00000100       0xb0 build/stm32f4xx_hal_msp.o
 .debug_aranges
                0x000001b0       0x30 build/stm32f4xx_hal_timebase_tim.o
 .debug_aranges
                0x000001e0       0x30 build/usb_host.o
 .debug_aranges
                0x00000210       0xd8 build/usbh_conf.o
 .debug_aranges
                0x000002e8       0x20 build/usbh_platform.o
 .debug_aranges
                0x00000308      0x108 build/stm32f4xx_hal_hcd.o
 .debug_aranges
                0x00000410      0x1a0 build/stm32f4xx_ll_usb.o
 .debug_aranges
                0x000005b0       0x88 build/stm32f4xx_hal_rcc.o
 .debug_aranges
                0x00000638       0x58 build/stm32f4xx_hal_rcc_ex.o
 .debug_aranges
                0x00000690       0x58 build/stm32f4xx_hal_gpio.o
 .debug_aranges
                0x000006e8       0xe8 build/stm32f4xx_hal_cortex.o
 .debug_aranges
                0x000007d0      0x100 build/stm32f4xx_hal.o
 .debug_aranges
                0x000008d0       0x50 build/stm32f4xx_hal_crc.o
 .debug_aranges
                0x00000920      0x118 build/stm32f4xx_hal_dma2d.o
 .debug_aranges
                0x00000a38       0xf0 build/stm32f4xx_ll_fmc.o
 .debug_aranges
                0x00000b28       0xe8 build/stm32f4xx_hal_sdram.o
 .debug_aranges
                0x00000c10      0x2a8 build/stm32f4xx_hal_i2c.o
 .debug_aranges
                0x00000eb8       0x28 build/stm32f4xx_hal_i2c_ex.o
 .debug_aranges
                0x00000ee0      0x158 build/stm32f4xx_hal_ltdc.o
 .debug_aranges
                0x00001038      0x1d0 build/stm32f4xx_hal_spi.o
 .debug_aranges
                0x00001208      0x3d0 build/stm32f4xx_hal_tim.o
 .debug_aranges
                0x000015d8      0x168 build/stm32f4xx_hal_tim_ex.o
 .debug_aranges
                0x00001740      0x208 build/stm32f4xx_hal_uart.o
 .debug_aranges
                0x00001948       0x28 build/system_stm32f4xx.o
 .debug_aranges
                0x00001970       0xc0 build/usbh_core.o
 .debug_aranges
                0x00001a30       0xa0 build/usbh_ctlreq.o
 .debug_aranges
                0x00001ad0       0x60 build/usbh_ioreq.o
 .debug_aranges
                0x00001b30       0x40 build/usbh_pipes.o
 .debug_aranges
                0x00001b70       0xa8 build/usbh_cdc.o
 .debug_aranges
                0x00001c18       0x28 build/startup_stm32f429xx.o
 .debug_aranges
                0x00001c40       0x18 /usr/lib/gcc/arm-none-eabi/12.2.1/../../../arm-none-eabi/lib/thumb/v7e-m+fp/hard/libc_nano.a(lib_a-impure.o)
 .debug_aranges
                0x00001c58       0x20 /usr/lib/gcc/arm-none-eabi/12.2.1/../../../arm-none-eabi/lib/thumb/v7e-m+fp/hard/libc_nano.a(lib_a-init.o)
 .debug_aranges
                0x00001c78       0x20 /usr/lib/gcc/arm-none-eabi/12.2.1/../../../arm-none-eabi/lib/thumb/v7e-m+fp/hard/libc_nano.a(lib_a-malloc.o)
 .debug_aranges
                0x00001c98       0x20 /usr/lib/gcc/arm-none-eabi/12.2.1/../../../arm-none-eabi/lib/thumb/v7e-m+fp/hard/libc_nano.a(lib_a-memset.o)
 .debug_aranges
                0x00001cb8       0x20 /usr/lib/gcc/arm-none-eabi/12.2.1/../../../arm-none-eabi/lib/thumb/v7e-m+fp/hard/libc_nano.a(lib_a-nano-freer.o)
 .debug_aranges
                0x00001cd8       0x20 /usr/lib/gcc/arm-none-eabi/12.2.1/../../../arm-none-eabi/lib/thumb/v7e-m+fp/hard/libc_nano.a(lib_a-nano-mallocr.o)
 .debug_aranges
                0x00001cf8       0x20 /usr/lib/gcc/arm-none-eabi/12.2.1/../../../arm-none-eabi/lib/thumb/v7e-m+fp/hard/libc_nano.a(lib_a-sbrkr.o)
 .debug_aranges
                0x00001d18       0x20 /usr/lib/gcc/arm-none-eabi/12.2.1/../../../arm-none-eabi/lib/thumb/v7e-m+fp/hard/libc_nano.a(lib_a-mlock.o)
 .debug_aranges
                0x00001d38       0x20 /usr/lib/gcc/arm-none-eabi/12.2.1/../../../arm-none-eabi/lib/thumb/v7e-m+fp/hard/libc_nano.a(lib_a-reent.o)
 .debug_aranges
                0x00001d58       0x20 /usr/lib/gcc/arm-none-eabi/12.2.1/../../../arm-none-eabi/lib/thumb/v7e-m+fp/hard/libnosys.a(sbrk.o)
 .debug_aranges
                0x00001d78       0x20 /usr/lib/gcc/arm-none-eabi/12.2.1/thumb/v7e-m+fp/hard/libgcc.a(_aeabi_uldivmod.o)
 .debug_aranges
                0x00001d98       0x20 /usr/lib/gcc/arm-none-eabi/12.2.1/thumb/v7e-m+fp/hard/libgcc.a(_udivmoddi4.o)
 .debug_aranges
                0x00001db8       0x20 /usr/lib/gcc/arm-none-eabi/12.2.1/thumb/v7e-m+fp/hard/libgcc.a(_dvmd_tls.o)

.debug_ranges   0x00000000     0x1ae8
 .debug_ranges  0x00000000       0x70 build/main.o
 .debug_ranges  0x00000070       0x70 build/stm32f4xx_it.o
 .debug_ranges  0x000000e0       0xa0 build/stm32f4xx_hal_msp.o
 .debug_ranges  0x00000180       0x20 build/stm32f4xx_hal_timebase_tim.o
 .debug_ranges  0x000001a0       0x20 build/usb_host.o
 .debug_ranges  0x000001c0       0xc8 build/usbh_conf.o
 .debug_ranges  0x00000288       0x10 build/usbh_platform.o
 .debug_ranges  0x00000298       0xf8 build/stm32f4xx_hal_hcd.o
 .debug_ranges  0x00000390      0x190 build/stm32f4xx_ll_usb.o
 .debug_ranges  0x00000520       0x90 build/stm32f4xx_hal_rcc.o
 .debug_ranges  0x000005b0       0x48 build/stm32f4xx_hal_rcc_ex.o
 .debug_ranges  0x000005f8       0x48 build/stm32f4xx_hal_gpio.o
 .debug_ranges  0x00000640       0xd8 build/stm32f4xx_hal_cortex.o
 .debug_ranges  0x00000718       0xf0 build/stm32f4xx_hal.o
 .debug_ranges  0x00000808       0x40 build/stm32f4xx_hal_crc.o
 .debug_ranges  0x00000848      0x108 build/stm32f4xx_hal_dma2d.o
 .debug_ranges  0x00000950       0xe0 build/stm32f4xx_ll_fmc.o
 .debug_ranges  0x00000a30       0xd8 build/stm32f4xx_hal_sdram.o
 .debug_ranges  0x00000b08      0x2b0 build/stm32f4xx_hal_i2c.o
 .debug_ranges  0x00000db8       0x18 build/stm32f4xx_hal_i2c_ex.o
 .debug_ranges  0x00000dd0      0x148 build/stm32f4xx_hal_ltdc.o
 .debug_ranges  0x00000f18      0x1c0 build/stm32f4xx_hal_spi.o
 .debug_ranges  0x000010d8      0x3c0 build/stm32f4xx_hal_tim.o
 .debug_ranges  0x00001498      0x158 build/stm32f4xx_hal_tim_ex.o
 .debug_ranges  0x000015f0      0x210 build/stm32f4xx_hal_uart.o
 .debug_ranges  0x00001800       0x18 build/system_stm32f4xx.o
 .debug_ranges  0x00001818       0xb0 build/usbh_core.o
 .debug_ranges  0x000018c8       0x90 build/usbh_ctlreq.o
 .debug_ranges  0x00001958       0x50 build/usbh_ioreq.o
 .debug_ranges  0x000019a8       0x30 build/usbh_pipes.o
 .debug_ranges  0x000019d8       0x98 build/usbh_cdc.o
 .debug_ranges  0x00001a70       0x20 build/startup_stm32f429xx.o
 .debug_ranges  0x00001a90       0x20 /usr/lib/gcc/arm-none-eabi/12.2.1/../../../arm-none-eabi/lib/thumb/v7e-m+fp/hard/libc_nano.a(lib_a-nano-freer.o)
 .debug_ranges  0x00001ab0       0x38 /usr/lib/gcc/arm-none-eabi/12.2.1/../../../arm-none-eabi/lib/thumb/v7e-m+fp/hard/libc_nano.a(lib_a-nano-mallocr.o)

.debug_line     0x00000000    0x221cb
 .debug_line    0x00000000      0xa03 build/main.o
 .debug_line    0x00000a03      0x2d8 build/stm32f4xx_it.o
 .debug_line    0x00000cdb      0x913 build/stm32f4xx_hal_msp.o
 .debug_line    0x000015ee      0x262 build/stm32f4xx_hal_timebase_tim.o
 .debug_line    0x00001850      0x1b6 build/usb_host.o
 .debug_line    0x00001a06      0x691 build/usbh_conf.o
 .debug_line    0x00002097      0x115 build/usbh_platform.o
 .debug_line    0x000021ac     0x1407 build/stm32f4xx_hal_hcd.o
 .debug_line    0x000035b3     0x1fa9 build/stm32f4xx_ll_usb.o
 .debug_line    0x0000555c      0xa7f build/stm32f4xx_hal_rcc.o
 .debug_line    0x00005fdb      0x7a3 build/stm32f4xx_hal_rcc_ex.o
 .debug_line    0x0000677e      0x64e build/stm32f4xx_hal_gpio.o
 .debug_line    0x00006dcc      0x7b4 build/stm32f4xx_hal_cortex.o
 .debug_line    0x00007580      0x51a build/stm32f4xx_hal.o
 .debug_line    0x00007a9a      0x322 build/stm32f4xx_hal_crc.o
 .debug_line    0x00007dbc     0x118f build/stm32f4xx_hal_dma2d.o
 .debug_line    0x00008f4b      0x7e0 build/stm32f4xx_ll_fmc.o
 .debug_line    0x0000972b      0xb0b build/stm32f4xx_hal_sdram.o
 .debug_line    0x0000a236     0x5423 build/stm32f4xx_hal_i2c.o
 .debug_line    0x0000f659      0x1f9 build/stm32f4xx_hal_i2c_ex.o
 .debug_line    0x0000f852     0x195a build/stm32f4xx_hal_ltdc.o
 .debug_line    0x000111ac     0x252e build/stm32f4xx_hal_spi.o
 .debug_line    0x000136da     0x49f4 build/stm32f4xx_hal_tim.o
 .debug_line    0x000180ce     0x1c8d build/stm32f4xx_hal_tim_ex.o
 .debug_line    0x00019d5b     0x423b build/stm32f4xx_hal_uart.o
 .debug_line    0x0001df96      0x1ca build/system_stm32f4xx.o
 .debug_line    0x0001e160      0xdc1 build/usbh_core.o
 .debug_line    0x0001ef21      0xd3c build/usbh_ctlreq.o
 .debug_line    0x0001fc5d      0x273 build/usbh_ioreq.o
 .debug_line    0x0001fed0      0x1fd build/usbh_pipes.o
 .debug_line    0x000200cd      0x9a5 build/usbh_cdc.o
 .debug_line    0x00020a72       0x76 build/startup_stm32f429xx.o
 .debug_line    0x00020ae8       0xe4 /usr/lib/gcc/arm-none-eabi/12.2.1/../../../arm-none-eabi/lib/thumb/v7e-m+fp/hard/libc_nano.a(lib_a-impure.o)
 .debug_line    0x00020bcc      0x138 /usr/lib/gcc/arm-none-eabi/12.2.1/../../../arm-none-eabi/lib/thumb/v7e-m+fp/hard/libc_nano.a(lib_a-init.o)
 .debug_line    0x00020d04      0x15f /usr/lib/gcc/arm-none-eabi/12.2.1/../../../arm-none-eabi/lib/thumb/v7e-m+fp/hard/libc_nano.a(lib_a-malloc.o)
 .debug_line    0x00020e63      0x1bf /usr/lib/gcc/arm-none-eabi/12.2.1/../../../arm-none-eabi/lib/thumb/v7e-m+fp/hard/libc_nano.a(lib_a-memset.o)
 .debug_line    0x00021022      0x2ca /usr/lib/gcc/arm-none-eabi/12.2.1/../../../arm-none-eabi/lib/thumb/v7e-m+fp/hard/libc_nano.a(lib_a-nano-freer.o)
 .debug_line    0x000212ec      0x2d0 /usr/lib/gcc/arm-none-eabi/12.2.1/../../../arm-none-eabi/lib/thumb/v7e-m+fp/hard/libc_nano.a(lib_a-nano-mallocr.o)
 .debug_line    0x000215bc      0x183 /usr/lib/gcc/arm-none-eabi/12.2.1/../../../arm-none-eabi/lib/thumb/v7e-m+fp/hard/libc_nano.a(lib_a-sbrkr.o)
 .debug_line    0x0002173f      0x13e /usr/lib/gcc/arm-none-eabi/12.2.1/../../../arm-none-eabi/lib/thumb/v7e-m+fp/hard/libc_nano.a(lib_a-mlock.o)
 .debug_line    0x0002187d      0x2c7 /usr/lib/gcc/arm-none-eabi/12.2.1/../../../arm-none-eabi/lib/thumb/v7e-m+fp/hard/libc_nano.a(lib_a-reent.o)
 .debug_line    0x00021b44       0x79 /usr/lib/gcc/arm-none-eabi/12.2.1/../../../arm-none-eabi/lib/thumb/v7e-m+fp/hard/libnosys.a(sbrk.o)
 .debug_line    0x00021bbd       0x4e /usr/lib/gcc/arm-none-eabi/12.2.1/thumb/v7e-m+fp/hard/libgcc.a(_aeabi_uldivmod.o)
 .debug_line    0x00021c0b      0x576 /usr/lib/gcc/arm-none-eabi/12.2.1/thumb/v7e-m+fp/hard/libgcc.a(_udivmoddi4.o)
 .debug_line    0x00022181       0x4a /usr/lib/gcc/arm-none-eabi/12.2.1/thumb/v7e-m+fp/hard/libgcc.a(_dvmd_tls.o)

.debug_str      0x00000000     0x9b1d
 .debug_str     0x00000000     0x1847 build/main.o
                               0x1a02 (size before relaxing)
 .debug_str     0x00001847      0x4ee build/stm32f4xx_it.o
                               0x1036 (size before relaxing)
 .debug_str     0x00001d35      0x858 build/stm32f4xx_hal_msp.o
                               0x1d1c (size before relaxing)
 .debug_str     0x0000258d       0xec build/stm32f4xx_hal_timebase_tim.o
                                0xeaf (size before relaxing)
 .debug_str     0x00002679      0x83f build/usb_host.o
                                0xa77 (size before relaxing)
 .debug_str     0x00002eb8      0x4d2 build/usbh_conf.o
                               0x1a1f (size before relaxing)
 .debug_str     0x0000338a       0x20 build/usbh_platform.o
                                0x215 (size before relaxing)
 .debug_str     0x000033aa      0x3d0 build/stm32f4xx_hal_hcd.o
                                0xc14 (size before relaxing)
 .debug_str     0x0000377a      0x50b build/stm32f4xx_ll_usb.o
                                0xce5 (size before relaxing)
 .debug_str     0x00003c85      0x1d5 build/stm32f4xx_hal_rcc.o
                                0x6c5 (size before relaxing)
 .debug_str     0x00003e5a      0x130 build/stm32f4xx_hal_rcc_ex.o
                                0x545 (size before relaxing)
 .debug_str     0x00003f8a      0x10e build/stm32f4xx_hal_gpio.o
                                0x4aa (size before relaxing)
 .debug_str     0x00004098      0x4c7 build/stm32f4xx_hal_cortex.o
                                0xc5f (size before relaxing)
 .debug_str     0x0000455f      0x2a4 build/stm32f4xx_hal.o
                                0xbe2 (size before relaxing)
 .debug_str     0x00004803       0x8f build/stm32f4xx_hal_crc.o
                                0x35a (size before relaxing)
 .debug_str     0x00004892      0x35b build/stm32f4xx_hal_dma2d.o
                                0x8ec (size before relaxing)
 .debug_str     0x00004bed      0x5f6 build/stm32f4xx_ll_fmc.o
                                0x987 (size before relaxing)
 .debug_str     0x000051e3      0x2ae build/stm32f4xx_hal_sdram.o
                                0xa5f (size before relaxing)
 .debug_str     0x00005491      0x896 build/stm32f4xx_hal_i2c.o
                                0xff9 (size before relaxing)
 .debug_str     0x00005d27       0x38 build/stm32f4xx_hal_i2c_ex.o
                                0x70e (size before relaxing)
 .debug_str     0x00005d5f      0x471 build/stm32f4xx_hal_ltdc.o
                                0x98a (size before relaxing)
 .debug_str     0x000061d0      0x51e build/stm32f4xx_hal_spi.o
                                0xbb1 (size before relaxing)
 .debug_str     0x000066ee      0xe31 build/stm32f4xx_hal_tim.o
                               0x16c0 (size before relaxing)
 .debug_str     0x0000751f      0x4eb build/stm32f4xx_hal_tim_ex.o
                                0xecc (size before relaxing)
 .debug_str     0x00007a0a      0x5cd build/stm32f4xx_hal_uart.o
                                0xd47 (size before relaxing)
 .debug_str     0x00007fd7       0x47 build/system_stm32f4xx.o
                                0x34a (size before relaxing)
 .debug_str     0x0000801e      0x1d0 build/usbh_core.o
                                0xcf2 (size before relaxing)
 .debug_str     0x000081ee      0x1ff build/usbh_ctlreq.o
                                0xcc5 (size before relaxing)
 .debug_str     0x000083ed       0xbb build/usbh_ioreq.o
                                0xaca (size before relaxing)
 .debug_str     0x000084a8       0x64 build/usbh_pipes.o
                                0xa60 (size before relaxing)
 .debug_str     0x0000850c      0x5d1 build/usbh_cdc.o
                               0x1144 (size before relaxing)
 .debug_str     0x00008add       0x30 build/startup_stm32f429xx.o
                                 0x57 (size before relaxing)
 .debug_str     0x00008b0d      0x47b /usr/lib/gcc/arm-none-eabi/12.2.1/../../../arm-none-eabi/lib/thumb/v7e-m+fp/hard/libc_nano.a(lib_a-impure.o)
                                0x55e (size before relaxing)
 .debug_str     0x00008f88       0xf6 /usr/lib/gcc/arm-none-eabi/12.2.1/../../../arm-none-eabi/lib/thumb/v7e-m+fp/hard/libc_nano.a(lib_a-init.o)
                                0x20b (size before relaxing)
 .debug_str     0x0000907e       0xb4 /usr/lib/gcc/arm-none-eabi/12.2.1/../../../arm-none-eabi/lib/thumb/v7e-m+fp/hard/libc_nano.a(lib_a-malloc.o)
                                0x533 (size before relaxing)
 .debug_str     0x00009132       0xa3 /usr/lib/gcc/arm-none-eabi/12.2.1/../../../arm-none-eabi/lib/thumb/v7e-m+fp/hard/libc_nano.a(lib_a-memset.o)
                                0x1c0 (size before relaxing)
 .debug_str     0x000091d5       0xb4 /usr/lib/gcc/arm-none-eabi/12.2.1/../../../arm-none-eabi/lib/thumb/v7e-m+fp/hard/libc_nano.a(lib_a-nano-freer.o)
                                0x595 (size before relaxing)
 .debug_str     0x00009289       0x46 /usr/lib/gcc/arm-none-eabi/12.2.1/../../../arm-none-eabi/lib/thumb/v7e-m+fp/hard/libc_nano.a(lib_a-nano-mallocr.o)
                                0x5c0 (size before relaxing)
 .debug_str     0x000092cf       0x47 /usr/lib/gcc/arm-none-eabi/12.2.1/../../../arm-none-eabi/lib/thumb/v7e-m+fp/hard/libc_nano.a(lib_a-sbrkr.o)
                                0x516 (size before relaxing)
 .debug_str     0x00009316       0x4c /usr/lib/gcc/arm-none-eabi/12.2.1/../../../arm-none-eabi/lib/thumb/v7e-m+fp/hard/libc_nano.a(lib_a-mlock.o)
                                0x52c (size before relaxing)
 .debug_str     0x00009362       0x5e /usr/lib/gcc/arm-none-eabi/12.2.1/../../../arm-none-eabi/lib/thumb/v7e-m+fp/hard/libc_nano.a(lib_a-reent.o)
                                0x53e (size before relaxing)
 .debug_str     0x000093c0       0xf8 /usr/lib/gcc/arm-none-eabi/12.2.1/../../../arm-none-eabi/lib/thumb/v7e-m+fp/hard/libnosys.a(sbrk.o)
                                0x111 (size before relaxing)
 .debug_str     0x000094b8       0xa3 /usr/lib/gcc/arm-none-eabi/12.2.1/thumb/v7e-m+fp/hard/libgcc.a(_aeabi_uldivmod.o)
 .debug_str     0x0000955b      0x576 /usr/lib/gcc/arm-none-eabi/12.2.1/thumb/v7e-m+fp/hard/libgcc.a(_udivmoddi4.o)
                                0x676 (size before relaxing)
 .debug_str     0x00009ad1       0x4c /usr/lib/gcc/arm-none-eabi/12.2.1/thumb/v7e-m+fp/hard/libgcc.a(_dvmd_tls.o)
                                 0xc3 (size before relaxing)

.debug_frame    0x00000000     0x50cc
 .debug_frame   0x00000000      0x178 build/main.o
 .debug_frame   0x00000178      0x100 build/stm32f4xx_it.o
 .debug_frame   0x00000278      0x20c build/stm32f4xx_hal_msp.o
 .debug_frame   0x00000484       0x54 build/stm32f4xx_hal_timebase_tim.o
 .debug_frame   0x000004d8       0x50 build/usb_host.o
 .debug_frame   0x00000528      0x24c build/usbh_conf.o
 .debug_frame   0x00000774       0x28 build/usbh_platform.o
 .debug_frame   0x0000079c      0x2dc build/stm32f4xx_hal_hcd.o
 .debug_frame   0x00000a78      0x494 build/stm32f4xx_ll_usb.o
 .debug_frame   0x00000f0c      0x16c build/stm32f4xx_hal_rcc.o
 .debug_frame   0x00001078       0xd8 build/stm32f4xx_hal_rcc_ex.o
 .debug_frame   0x00001150       0xd8 build/stm32f4xx_hal_gpio.o
 .debug_frame   0x00001228      0x1f4 build/stm32f4xx_hal_cortex.o
 .debug_frame   0x0000141c      0x20c build/stm32f4xx_hal.o
 .debug_frame   0x00001628       0xb8 build/stm32f4xx_hal_crc.o
 .debug_frame   0x000016e0      0x350 build/stm32f4xx_hal_dma2d.o
 .debug_frame   0x00001a30      0x234 build/stm32f4xx_ll_fmc.o
 .debug_frame   0x00001c64      0x268 build/stm32f4xx_hal_sdram.o
 .debug_frame   0x00001ecc      0x988 build/stm32f4xx_hal_i2c.o
 .debug_frame   0x00002854       0x30 build/stm32f4xx_hal_i2c_ex.o
 .debug_frame   0x00002884      0x3c8 build/stm32f4xx_hal_ltdc.o
 .debug_frame   0x00002c4c      0x5c8 build/stm32f4xx_hal_spi.o
 .debug_frame   0x00003214      0xb10 build/stm32f4xx_hal_tim.o
 .debug_frame   0x00003d24      0x40c build/stm32f4xx_hal_tim_ex.o
 .debug_frame   0x00004130      0x5dc build/stm32f4xx_hal_uart.o
 .debug_frame   0x0000470c       0x30 build/system_stm32f4xx.o
 .debug_frame   0x0000473c      0x1f4 build/usbh_core.o
 .debug_frame   0x00004930      0x1e0 build/usbh_ctlreq.o
 .debug_frame   0x00004b10      0x130 build/usbh_ioreq.o
 .debug_frame   0x00004c40       0x84 build/usbh_pipes.o
 .debug_frame   0x00004cc4      0x1b0 build/usbh_cdc.o
 .debug_frame   0x00004e74       0x2c /usr/lib/gcc/arm-none-eabi/12.2.1/../../../arm-none-eabi/lib/thumb/v7e-m+fp/hard/libc_nano.a(lib_a-init.o)
 .debug_frame   0x00004ea0       0x30 /usr/lib/gcc/arm-none-eabi/12.2.1/../../../arm-none-eabi/lib/thumb/v7e-m+fp/hard/libc_nano.a(lib_a-malloc.o)
 .debug_frame   0x00004ed0       0x2c /usr/lib/gcc/arm-none-eabi/12.2.1/../../../arm-none-eabi/lib/thumb/v7e-m+fp/hard/libc_nano.a(lib_a-memset.o)
 .debug_frame   0x00004efc       0x54 /usr/lib/gcc/arm-none-eabi/12.2.1/../../../arm-none-eabi/lib/thumb/v7e-m+fp/hard/libc_nano.a(lib_a-nano-freer.o)
 .debug_frame   0x00004f50       0x30 /usr/lib/gcc/arm-none-eabi/12.2.1/../../../arm-none-eabi/lib/thumb/v7e-m+fp/hard/libc_nano.a(lib_a-nano-mallocr.o)
 .debug_frame   0x00004f80       0x2c /usr/lib/gcc/arm-none-eabi/12.2.1/../../../arm-none-eabi/lib/thumb/v7e-m+fp/hard/libc_nano.a(lib_a-sbrkr.o)
 .debug_frame   0x00004fac       0x30 /usr/lib/gcc/arm-none-eabi/12.2.1/../../../arm-none-eabi/lib/thumb/v7e-m+fp/hard/libc_nano.a(lib_a-mlock.o)
 .debug_frame   0x00004fdc       0x70 /usr/lib/gcc/arm-none-eabi/12.2.1/../../../arm-none-eabi/lib/thumb/v7e-m+fp/hard/libc_nano.a(lib_a-reent.o)
 .debug_frame   0x0000504c       0x20 /usr/lib/gcc/arm-none-eabi/12.2.1/../../../arm-none-eabi/lib/thumb/v7e-m+fp/hard/libnosys.a(sbrk.o)
 .debug_frame   0x0000506c       0x2c /usr/lib/gcc/arm-none-eabi/12.2.1/thumb/v7e-m+fp/hard/libgcc.a(_aeabi_uldivmod.o)
 .debug_frame   0x00005098       0x34 /usr/lib/gcc/arm-none-eabi/12.2.1/thumb/v7e-m+fp/hard/libgcc.a(_udivmoddi4.o)

.debug_line_str
                0x00000000       0xa3
 .debug_line_str
                0x00000000       0x97 /usr/lib/gcc/arm-none-eabi/12.2.1/thumb/v7e-m+fp/hard/libgcc.a(_aeabi_uldivmod.o)
 .debug_line_str
                0x00000097        0xc /usr/lib/gcc/arm-none-eabi/12.2.1/thumb/v7e-m+fp/hard/libgcc.a(_dvmd_tls.o)
                                 0x9b (size before relaxing)

.debug_loclists
                0x00000000      0x993
 .debug_loclists
                0x00000000      0x993 /usr/lib/gcc/arm-none-eabi/12.2.1/thumb/v7e-m+fp/hard/libgcc.a(_udivmoddi4.o)

.debug_rnglists
                0x00000000       0x89
 .debug_rnglists
                0x00000000       0x89 /usr/lib/gcc/arm-none-eabi/12.2.1/thumb/v7e-m+fp/hard/libgcc.a(_udivmoddi4.o)

Cross Reference Table

Symbol                                            File
ADC_IRQHandler                                    build/startup_stm32f429xx.o
AHBPrescTable                                     build/system_stm32f4xx.o
                                                  build/stm32f4xx_hal_rcc.o
APBPrescTable                                     build/system_stm32f4xx.o
                                                  build/stm32f4xx_hal_rcc.o
Appli_state                                       build/usb_host.o
BusFault_Handler                                  build/stm32f4xx_it.o
CAN1_RX0_IRQHandler                               build/startup_stm32f429xx.o
CAN1_RX1_IRQHandler                               build/startup_stm32f429xx.o
CAN1_SCE_IRQHandler                               build/startup_stm32f429xx.o
CAN1_TX_IRQHandler                                build/startup_stm32f429xx.o
CAN2_RX0_IRQHandler                               build/startup_stm32f429xx.o
CAN2_RX1_IRQHandler                               build/startup_stm32f429xx.o
CAN2_SCE_IRQHandler                               build/startup_stm32f429xx.o
CAN2_TX_IRQHandler                                build/startup_stm32f429xx.o
CDC_Class                                         build/usbh_cdc.o
                                                  build/usb_host.o
DCMI_IRQHandler                                   build/startup_stm32f429xx.o
DMA1_Stream0_IRQHandler                           build/startup_stm32f429xx.o
DMA1_Stream1_IRQHandler                           build/startup_stm32f429xx.o
DMA1_Stream2_IRQHandler                           build/startup_stm32f429xx.o
DMA1_Stream3_IRQHandler                           build/startup_stm32f429xx.o
DMA1_Stream4_IRQHandler                           build/startup_stm32f429xx.o
DMA1_Stream5_IRQHandler                           build/startup_stm32f429xx.o
DMA1_Stream6_IRQHandler                           build/startup_stm32f429xx.o
DMA1_Stream7_IRQHandler                           build/startup_stm32f429xx.o
DMA2D_IRQHandler                                  build/stm32f4xx_it.o
DMA2_Stream0_IRQHandler                           build/startup_stm32f429xx.o
DMA2_Stream1_IRQHandler                           build/startup_stm32f429xx.o
DMA2_Stream2_IRQHandler                           build/startup_stm32f429xx.o
DMA2_Stream3_IRQHandler                           build/startup_stm32f429xx.o
DMA2_Stream4_IRQHandler                           build/startup_stm32f429xx.o
DMA2_Stream5_IRQHandler                           build/startup_stm32f429xx.o
DMA2_Stream6_IRQHandler                           build/startup_stm32f429xx.o
DMA2_Stream7_IRQHandler                           build/startup_stm32f429xx.o
DebugMon_Handler                                  build/stm32f4xx_it.o
Default_Handler                                   build/startup_stm32f429xx.o
ETH_IRQHandler                                    build/startup_stm32f429xx.o
ETH_WKUP_IRQHandler                               build/startup_stm32f429xx.o
EXTI0_IRQHandler                                  build/startup_stm32f429xx.o
EXTI15_10_IRQHandler                              build/startup_stm32f429xx.o
EXTI1_IRQHandler                                  build/startup_stm32f429xx.o
EXTI2_IRQHandler                                  build/startup_stm32f429xx.o