Archive member included to satisfy reference by file (symbol)

/usr/lib/gcc/arm-none-eabi/12.2.1/../../../arm-none-eabi/lib/thumb/v7e-m+fp/hard/libc_nano.a(lib_a-atexit.o)
                              /usr/lib/gcc/arm-none-eabi/12.2.1/../../../arm-none-eabi/lib/thumb/v7e-m+fp/hard/crt0.o (atexit)
/usr/lib/gcc/arm-none-eabi/12.2.1/../../../arm-none-eabi/lib/thumb/v7e-m+fp/hard/libc_nano.a(lib_a-exit.o)
                              /usr/lib/gcc/arm-none-eabi/12.2.1/../../../arm-none-eabi/lib/thumb/v7e-m+fp/hard/crt0.o (exit)
/usr/lib/gcc/arm-none-eabi/12.2.1/../../../arm-none-eabi/lib/thumb/v7e-m+fp/hard/libc_nano.a(lib_a-fini.o)
                              /usr/lib/gcc/arm-none-eabi/12.2.1/../../../arm-none-eabi/lib/thumb/v7e-m+fp/hard/crt0.o (__libc_fini_array)
/usr/lib/gcc/arm-none-eabi/12.2.1/../../../arm-none-eabi/lib/thumb/v7e-m+fp/hard/libc_nano.a(lib_a-impure.o)
                              /usr/lib/gcc/arm-none-eabi/12.2.1/../../../arm-none-eabi/lib/thumb/v7e-m+fp/hard/libc_nano.a(lib_a-exit.o) (_global_impure_ptr)
/usr/lib/gcc/arm-none-eabi/12.2.1/../../../arm-none-eabi/lib/thumb/v7e-m+fp/hard/libc_nano.a(lib_a-init.o)
                              /usr/lib/gcc/arm-none-eabi/12.2.1/../../../arm-none-eabi/lib/thumb/v7e-m+fp/hard/crt0.o (__libc_init_array)
/usr/lib/gcc/arm-none-eabi/12.2.1/../../../arm-none-eabi/lib/thumb/v7e-m+fp/hard/libc_nano.a(lib_a-malloc.o)
                              build/usbh_cdc.o (malloc)
/usr/lib/gcc/arm-none-eabi/12.2.1/../../../arm-none-eabi/lib/thumb/v7e-m+fp/hard/libc_nano.a(lib_a-memset.o)
                              /usr/lib/gcc/arm-none-eabi/12.2.1/../../../arm-none-eabi/lib/thumb/v7e-m+fp/hard/crt0.o (memset)
/usr/lib/gcc/arm-none-eabi/12.2.1/../../../arm-none-eabi/lib/thumb/v7e-m+fp/hard/libc_nano.a(lib_a-nano-freer.o)
                              /usr/lib/gcc/arm-none-eabi/12.2.1/../../../arm-none-eabi/lib/thumb/v7e-m+fp/hard/libc_nano.a(lib_a-malloc.o) (_free_r)
/usr/lib/gcc/arm-none-eabi/12.2.1/../../../arm-none-eabi/lib/thumb/v7e-m+fp/hard/libc_nano.a(lib_a-nano-mallocr.o)
                              /usr/lib/gcc/arm-none-eabi/12.2.1/../../../arm-none-eabi/lib/thumb/v7e-m+fp/hard/libc_nano.a(lib_a-malloc.o) (_malloc_r)
/usr/lib/gcc/arm-none-eabi/12.2.1/../../../arm-none-eabi/lib/thumb/v7e-m+fp/hard/libc_nano.a(lib_a-sbrkr.o)
                              /usr/lib/gcc/arm-none-eabi/12.2.1/../../../arm-none-eabi/lib/thumb/v7e-m+fp/hard/libc_nano.a(lib_a-nano-mallocr.o) (_sbrk_r)
/usr/lib/gcc/arm-none-eabi/12.2.1/../../../arm-none-eabi/lib/thumb/v7e-m+fp/hard/libc_nano.a(lib_a-__atexit.o)
                              /usr/lib/gcc/arm-none-eabi/12.2.1/../../../arm-none-eabi/lib/thumb/v7e-m+fp/hard/libc_nano.a(lib_a-atexit.o) (__register_exitproc)
/usr/lib/gcc/arm-none-eabi/12.2.1/../../../arm-none-eabi/lib/thumb/v7e-m+fp/hard/libc_nano.a(lib_a-__call_atexit.o)
                              /usr/lib/gcc/arm-none-eabi/12.2.1/../../../arm-none-eabi/lib/thumb/v7e-m+fp/hard/libc_nano.a(lib_a-__atexit.o) (__call_exitprocs)
/usr/lib/gcc/arm-none-eabi/12.2.1/../../../arm-none-eabi/lib/thumb/v7e-m+fp/hard/libc_nano.a(lib_a-mlock.o)
                              /usr/lib/gcc/arm-none-eabi/12.2.1/../../../arm-none-eabi/lib/thumb/v7e-m+fp/hard/libc_nano.a(lib_a-nano-freer.o) (__malloc_lock)
/usr/lib/gcc/arm-none-eabi/12.2.1/../../../arm-none-eabi/lib/thumb/v7e-m+fp/hard/libc_nano.a(lib_a-reent.o)
                              /usr/lib/gcc/arm-none-eabi/12.2.1/../../../arm-none-eabi/lib/thumb/v7e-m+fp/hard/libc_nano.a(lib_a-sbrkr.o) (errno)
/usr/lib/gcc/arm-none-eabi/12.2.1/../../../arm-none-eabi/lib/thumb/v7e-m+fp/hard/libnosys.a(sbrk.o)
                              /usr/lib/gcc/arm-none-eabi/12.2.1/../../../arm-none-eabi/lib/thumb/v7e-m+fp/hard/libc_nano.a(lib_a-sbrkr.o) (_sbrk)
/usr/lib/gcc/arm-none-eabi/12.2.1/../../../arm-none-eabi/lib/thumb/v7e-m+fp/hard/libnosys.a(_exit.o)
                              /usr/lib/gcc/arm-none-eabi/12.2.1/../../../arm-none-eabi/lib/thumb/v7e-m+fp/hard/libc_nano.a(lib_a-exit.o) (_exit)
/usr/lib/gcc/arm-none-eabi/12.2.1/thumb/v7e-m+fp/hard/libgcc.a(_aeabi_uldivmod.o)
                              build/stm32f7xx_hal_rcc.o (__aeabi_uldivmod)
/usr/lib/gcc/arm-none-eabi/12.2.1/thumb/v7e-m+fp/hard/libgcc.a(_udivmoddi4.o)
                              /usr/lib/gcc/arm-none-eabi/12.2.1/thumb/v7e-m+fp/hard/libgcc.a(_aeabi_uldivmod.o) (__udivmoddi4)
/usr/lib/gcc/arm-none-eabi/12.2.1/thumb/v7e-m+fp/hard/libgcc.a(_dvmd_tls.o)
                              /usr/lib/gcc/arm-none-eabi/12.2.1/thumb/v7e-m+fp/hard/libgcc.a(_aeabi_uldivmod.o) (__aeabi_ldiv0)

Discarded input sections

 .text          0x00000000        0x0 /usr/lib/gcc/arm-none-eabi/12.2.1/thumb/v7e-m+fp/hard/crti.o
 .data          0x00000000        0x0 /usr/lib/gcc/arm-none-eabi/12.2.1/thumb/v7e-m+fp/hard/crti.o
 .bss           0x00000000        0x0 /usr/lib/gcc/arm-none-eabi/12.2.1/thumb/v7e-m+fp/hard/crti.o
[...]
Memory Configuration

Name             Origin             Length             Attributes
RAM              0x20000000         0x00050000         xrw
FLASH            0x08000000         0x00100000         xr
*default*        0x00000000         0xffffffff

Linker script and memory map

LOAD /usr/lib/gcc/arm-none-eabi/12.2.1/thumb/v7e-m+fp/hard/crti.o
LOAD /usr/lib/gcc/arm-none-eabi/12.2.1/thumb/v7e-m+fp/hard/crtbegin.o
LOAD /usr/lib/gcc/arm-none-eabi/12.2.1/../../../arm-none-eabi/lib/thumb/v7e-m+fp/hard/crt0.o
LOAD build/main.o
LOAD build/stm32f7xx_it.o
LOAD build/stm32f7xx_hal_msp.o
LOAD build/stm32f7xx_hal_timebase_tim.o
LOAD build/bsp_driver_sd.o
LOAD build/sd_diskio.o
LOAD build/fatfs_platform.o
LOAD build/fatfs.o
LOAD build/usb_host.o
LOAD build/usbh_conf.o
LOAD build/usbh_platform.o
LOAD build/stm32f7xx_hal_hcd.o
LOAD build/stm32f7xx_ll_usb.o
LOAD build/stm32f7xx_hal_rcc.o
LOAD build/stm32f7xx_hal_rcc_ex.o
LOAD build/stm32f7xx_hal_flash.o
LOAD build/stm32f7xx_hal_flash_ex.o
LOAD build/stm32f7xx_hal_gpio.o
LOAD build/stm32f7xx_hal_dma.o
LOAD build/stm32f7xx_hal_dma_ex.o
LOAD build/stm32f7xx_hal_pwr.o
LOAD build/stm32f7xx_hal_pwr_ex.o
LOAD build/stm32f7xx_hal_cortex.o
LOAD build/stm32f7xx_hal.o
LOAD build/stm32f7xx_hal_i2c.o
LOAD build/stm32f7xx_hal_i2c_ex.o
LOAD build/stm32f7xx_hal_exti.o
LOAD build/stm32f7xx_hal_adc.o
LOAD build/stm32f7xx_hal_adc_ex.o
LOAD build/stm32f7xx_hal_crc.o
LOAD build/stm32f7xx_hal_crc_ex.o
LOAD build/stm32f7xx_hal_dcmi.o
LOAD build/stm32f7xx_hal_dcmi_ex.o
LOAD build/stm32f7xx_hal_dma2d.o
LOAD build/stm32f7xx_hal_eth.o
LOAD build/stm32f7xx_ll_fmc.o
LOAD build/stm32f7xx_hal_sdram.o
LOAD build/stm32f7xx_hal_ltdc.o
LOAD build/stm32f7xx_hal_ltdc_ex.o
LOAD build/stm32f7xx_hal_dsi.o
LOAD build/stm32f7xx_hal_qspi.o
LOAD build/stm32f7xx_hal_rtc.o
LOAD build/stm32f7xx_hal_rtc_ex.o
LOAD build/stm32f7xx_hal_sai.o
LOAD build/stm32f7xx_hal_sai_ex.o
LOAD build/stm32f7xx_ll_sdmmc.o
LOAD build/stm32f7xx_hal_sd.o
LOAD build/stm32f7xx_hal_spdifrx.o
LOAD build/stm32f7xx_hal_tim.o
LOAD build/stm32f7xx_hal_tim_ex.o
LOAD build/stm32f7xx_hal_uart.o
LOAD build/stm32f7xx_hal_uart_ex.o
LOAD build/system_stm32f7xx.o
LOAD build/diskio.o
LOAD build/ff.o
LOAD build/ff_gen_drv.o
LOAD build/syscall.o
LOAD build/usbh_core.o
LOAD build/usbh_ctlreq.o
LOAD build/usbh_ioreq.o
LOAD build/usbh_pipes.o
LOAD build/usbh_cdc.o
LOAD build/startup_stm32f746xx.o
LOAD /usr/lib/gcc/arm-none-eabi/12.2.1/../../../arm-none-eabi/lib/thumb/v7e-m+fp/hard/libc_nano.a
LOAD /usr/lib/gcc/arm-none-eabi/12.2.1/../../../arm-none-eabi/lib/thumb/v7e-m+fp/hard/libm.a
LOAD /usr/lib/gcc/arm-none-eabi/12.2.1/../../../arm-none-eabi/lib/thumb/v7e-m+fp/hard/libnosys.a
START GROUP
LOAD /usr/lib/gcc/arm-none-eabi/12.2.1/thumb/v7e-m+fp/hard/libgcc.a
LOAD /usr/lib/gcc/arm-none-eabi/12.2.1/../../../arm-none-eabi/lib/thumb/v7e-m+fp/hard/libc_nano.a
END GROUP
START GROUP
LOAD /usr/lib/gcc/arm-none-eabi/12.2.1/thumb/v7e-m+fp/hard/libgcc.a
LOAD /usr/lib/gcc/arm-none-eabi/12.2.1/../../../arm-none-eabi/lib/thumb/v7e-m+fp/hard/libc_nano.a
END GROUP
LOAD /usr/lib/gcc/arm-none-eabi/12.2.1/thumb/v7e-m+fp/hard/crtend.o
LOAD /usr/lib/gcc/arm-none-eabi/12.2.1/thumb/v7e-m+fp/hard/crtn.o
                0x20050000                        _estack = (ORIGIN (RAM) + LENGTH (RAM))
                0x00000200                        _Min_Heap_Size = 0x200
                0x00000400                        _Min_Stack_Size = 0x400

.isr_vector     0x08000000      0x1c8
                0x08000000                        . = ALIGN (0x4)
 *(.isr_vector)
 .isr_vector    0x08000000      0x1c8 build/startup_stm32f746xx.o
                0x08000000                g_pfnVectors
                0x080001c8                        . = ALIGN (0x4)

.text           0x080001c8     0x9e84
                0x080001c8                        . = ALIGN (0x4)
 *(.text)
 .text          0x080001c8       0x88 /usr/lib/gcc/arm-none-eabi/12.2.1/thumb/v7e-m+fp/hard/crtbegin.o
 .text          0x08000250       0x48 /usr/lib/gcc/arm-none-eabi/12.2.1/../../../arm-none-eabi/lib/thumb/v7e-m+fp/hard/libc_nano.a(lib_a-init.o)
                0x08000250                __libc_init_array
 .text          0x08000298       0x20 /usr/lib/gcc/arm-none-eabi/12.2.1/../../../arm-none-eabi/lib/thumb/v7e-m+fp/hard/libc_nano.a(lib_a-malloc.o)
                0x08000298                malloc
                0x080002a8                free
 .text          0x080002b8       0xa4 /usr/lib/gcc/arm-none-eabi/12.2.1/../../../arm-none-eabi/lib/thumb/v7e-m+fp/hard/libc_nano.a(lib_a-memset.o)
                0x080002b8                memset
 .text          0x0800035c       0xc4 /usr/lib/gcc/arm-none-eabi/12.2.1/../../../arm-none-eabi/lib/thumb/v7e-m+fp/hard/libc_nano.a(lib_a-nano-freer.o)
                0x0800035c                _free_r
 .text          0x08000420       0xb4 /usr/lib/gcc/arm-none-eabi/12.2.1/../../../arm-none-eabi/lib/thumb/v7e-m+fp/hard/libc_nano.a(lib_a-nano-mallocr.o)
                0x08000420                _malloc_r
 .text          0x080004d4       0x24 /usr/lib/gcc/arm-none-eabi/12.2.1/../../../arm-none-eabi/lib/thumb/v7e-m+fp/hard/libc_nano.a(lib_a-sbrkr.o)
                0x080004d4                _sbrk_r
 .text          0x080004f8        0x8 /usr/lib/gcc/arm-none-eabi/12.2.1/../../../arm-none-eabi/lib/thumb/v7e-m+fp/hard/libc_nano.a(lib_a-mlock.o)
                0x080004f8                __malloc_lock
                0x080004fc                __malloc_unlock
 .text          0x08000500       0x1c /usr/lib/gcc/arm-none-eabi/12.2.1/../../../arm-none-eabi/lib/thumb/v7e-m+fp/hard/libnosys.a(sbrk.o)
                0x08000500                _sbrk
 .text          0x0800051c       0x30 /usr/lib/gcc/arm-none-eabi/12.2.1/thumb/v7e-m+fp/hard/libgcc.a(_aeabi_uldivmod.o)
                0x0800051c                __aeabi_uldivmod
 .text          0x0800054c      0x2bc /usr/lib/gcc/arm-none-eabi/12.2.1/thumb/v7e-m+fp/hard/libgcc.a(_udivmoddi4.o)
                0x0800054c                __udivmoddi4
 .text          0x08000808        0x4 /usr/lib/gcc/arm-none-eabi/12.2.1/thumb/v7e-m+fp/hard/libgcc.a(_dvmd_tls.o)
                0x08000808                __aeabi_ldiv0
                0x08000808                __aeabi_idiv0
 *(.text*)
 .text.MX_SDMMC1_SD_Init
                0x0800080c       0x24 build/main.o
 .text.MX_GPIO_Init
                0x08000830      0x304 build/main.o
 .text.HAL_TIM_PeriodElapsedCallback
                0x08000b34       0x18 build/main.o
                0x08000b34                HAL_TIM_PeriodElapsedCallback
 .text.Error_Handler
                0x08000b4c        0x4 build/main.o
                0x08000b4c                Error_Handler
 .text.MX_ADC3_Init
                0x08000b50       0x6c build/main.o
 .text.MX_CRC_Init
                0x08000bbc       0x2c build/main.o
 .text.MX_DCMI_Init
                0x08000be8       0x34 build/main.o
 .text.MX_DMA2D_Init
                0x08000c1c       0x3c build/main.o
 .text.MX_ETH_Init
                0x08000c58       0x6c build/main.o
 .text.MX_FMC_Init
                0x08000cc4       0x70 build/main.o
 .text.MX_I2C3_Init
                0x08000d34       0x54 build/main.o
 .text.MX_LTDC_Init
                0x08000d88       0xb4 build/main.o
 .text.MX_QUADSPI_Init
                0x08000e3c       0x3c build/main.o
 .text.MX_RTC_Init
                0x08000e78       0xec build/main.o
 .text.MX_SAI2_Init
                0x08000f64       0xa4 build/main.o
 .text.MX_SPDIFRX_Init
                0x08001008       0x30 build/main.o
 .text.MX_TIM1_Init
                0x08001038       0xec build/main.o
 .text.MX_TIM2_Init
                0x08001124       0xa0 build/main.o
 .text.MX_TIM3_Init
                0x080011c4       0xa4 build/main.o
 .text.MX_TIM5_Init
                0x08001268       0xa4 build/main.o
 .text.MX_TIM8_Init
                0x0800130c       0x6c build/main.o
 .text.MX_TIM12_Init
                0x08001378       0x60 build/main.o
 .text.MX_USART1_UART_Init
                0x080013d8       0x38 build/main.o
 .text.MX_USART6_UART_Init
                0x08001410       0x38 build/main.o
 .text.SystemClock_Config
                0x08001448       0xb8 build/main.o
                0x08001448                SystemClock_Config
 .text.PeriphCommonClock_Config
                0x08001500       0x4c build/main.o
                0x08001500                PeriphCommonClock_Config
 .text.main     0x0800154c       0xa4 build/main.o
                0x0800154c                main
 .text.NMI_Handler
                0x080015f0        0x2 build/stm32f7xx_it.o
                0x080015f0                NMI_Handler
 .text.HardFault_Handler
                0x080015f2        0x2 build/stm32f7xx_it.o
                0x080015f2                HardFault_Handler
 .text.MemManage_Handler
                0x080015f4        0x2 build/stm32f7xx_it.o
                0x080015f4                MemManage_Handler
 .text.BusFault_Handler
                0x080015f6        0x2 build/stm32f7xx_it.o
                0x080015f6                BusFault_Handler
 .text.UsageFault_Handler
                0x080015f8        0x2 build/stm32f7xx_it.o
                0x080015f8                UsageFault_Handler
 .text.SVC_Handler
                0x080015fa        0x2 build/stm32f7xx_it.o
                0x080015fa                SVC_Handler
 .text.DebugMon_Handler
                0x080015fc        0x2 build/stm32f7xx_it.o
                0x080015fc                DebugMon_Handler
 .text.PendSV_Handler
                0x080015fe        0x2 build/stm32f7xx_it.o
                0x080015fe                PendSV_Handler
 .text.SysTick_Handler
                0x08001600        0x2 build/stm32f7xx_it.o
                0x08001600                SysTick_Handler
 *fill*         0x08001602        0x2 
 .text.TIM6_DAC_IRQHandler
                0x08001604       0x10 build/stm32f7xx_it.o
                0x08001604                TIM6_DAC_IRQHandler
 .text.OTG_FS_IRQHandler
                0x08001614       0x10 build/stm32f7xx_it.o
                0x08001614                OTG_FS_IRQHandler
 .text.LTDC_IRQHandler
                0x08001624       0x10 build/stm32f7xx_it.o
                0x08001624                LTDC_IRQHandler
 .text.DMA2D_IRQHandler
                0x08001634       0x10 build/stm32f7xx_it.o
                0x08001634                DMA2D_IRQHandler
 .text.HAL_FMC_MspInit
                0x08001644       0xdc build/stm32f7xx_hal_msp.o
 .text.HAL_MspInit
                0x08001720       0x30 build/stm32f7xx_hal_msp.o
                0x08001720                HAL_MspInit
 .text.HAL_ADC_MspInit
                0x08001750       0x88 build/stm32f7xx_hal_msp.o
                0x08001750                HAL_ADC_MspInit
 .text.HAL_CRC_MspInit
                0x080017d8       0x2c build/stm32f7xx_hal_msp.o
                0x080017d8                HAL_CRC_MspInit
 .text.HAL_DCMI_MspInit
                0x08001804      0x114 build/stm32f7xx_hal_msp.o
                0x08001804                HAL_DCMI_MspInit
 .text.HAL_DMA2D_MspInit
                0x08001918       0x40 build/stm32f7xx_hal_msp.o
                0x08001918                HAL_DMA2D_MspInit
 .text.HAL_ETH_MspInit
                0x08001958       0xe4 build/stm32f7xx_hal_msp.o
                0x08001958                HAL_ETH_MspInit
 .text.HAL_I2C_MspInit
                0x08001a3c       0x8c build/stm32f7xx_hal_msp.o
                0x08001a3c                HAL_I2C_MspInit
 .text.HAL_LTDC_MspInit
                0x08001ac8      0x124 build/stm32f7xx_hal_msp.o
                0x08001ac8                HAL_LTDC_MspInit
 .text.HAL_QSPI_MspInit
                0x08001bec       0xe4 build/stm32f7xx_hal_msp.o
                0x08001bec                HAL_QSPI_MspInit
 .text.HAL_RTC_MspInit
                0x08001cd0       0x48 build/stm32f7xx_hal_msp.o
                0x08001cd0                HAL_RTC_MspInit
 .text.HAL_SD_MspInit
                0x08001d18       0x98 build/stm32f7xx_hal_msp.o
                0x08001d18                HAL_SD_MspInit
 .text.HAL_SPDIFRX_MspInit
                0x08001db0       0x94 build/stm32f7xx_hal_msp.o
                0x08001db0                HAL_SPDIFRX_MspInit
 .text.HAL_TIM_Base_MspInit
                0x08001e44       0xa8 build/stm32f7xx_hal_msp.o
                0x08001e44                HAL_TIM_Base_MspInit
 .text.HAL_TIM_PWM_MspInit
                0x08001eec       0x2c build/stm32f7xx_hal_msp.o
                0x08001eec                HAL_TIM_PWM_MspInit
 .text.HAL_TIM_MspPostInit
                0x08001f18      0x130 build/stm32f7xx_hal_msp.o
                0x08001f18                HAL_TIM_MspPostInit
 .text.HAL_UART_MspInit
                0x08002048      0x11c build/stm32f7xx_hal_msp.o
                0x08002048                HAL_UART_MspInit
 .text.HAL_SDRAM_MspInit
                0x08002164        0x8 build/stm32f7xx_hal_msp.o
                0x08002164                HAL_SDRAM_MspInit
 .text.HAL_SAI_MspInit
                0x0800216c       0xac build/stm32f7xx_hal_msp.o
                0x0800216c                HAL_SAI_MspInit
 .text.HAL_InitTick
                0x08002218       0xa0 build/stm32f7xx_hal_timebase_tim.o
                0x08002218                HAL_InitTick
 .text.BSP_SD_ReadBlocks
                0x080022b8       0x20 build/bsp_driver_sd.o
                0x080022b8                BSP_SD_ReadBlocks
 .text.BSP_SD_WriteBlocks
                0x080022d8       0x20 build/bsp_driver_sd.o
                0x080022d8                BSP_SD_WriteBlocks
 .text.BSP_SD_GetCardState
                0x080022f8       0x14 build/bsp_driver_sd.o
                0x080022f8                BSP_SD_GetCardState
 .text.BSP_SD_GetCardInfo
                0x0800230c       0x10 build/bsp_driver_sd.o
                0x0800230c                BSP_SD_GetCardInfo
 .text.BSP_SD_IsDetected
                0x0800231c       0x20 build/bsp_driver_sd.o
                0x0800231c                BSP_SD_IsDetected
 .text.BSP_SD_Init
                0x0800233c       0x34 build/bsp_driver_sd.o
                0x0800233c                BSP_SD_Init
 .text.SD_CheckStatus
                0x08002370       0x24 build/sd_diskio.o
 .text.SD_initialize
                0x08002394       0x28 build/sd_diskio.o
                0x08002394                SD_initialize
 .text.SD_status
                0x080023bc        0x8 build/sd_diskio.o
                0x080023bc                SD_status
 .text.SD_read  0x080023c4       0x24 build/sd_diskio.o
                0x080023c4                SD_read
 .text.SD_write
                0x080023e8       0x24 build/sd_diskio.o
                0x080023e8                SD_write
 .text.SD_ioctl
                0x0800240c       0x58 build/sd_diskio.o
                0x0800240c                SD_ioctl
 .text.BSP_PlatformIsDetected
                0x08002464       0x1c build/fatfs_platform.o
                0x08002464                BSP_PlatformIsDetected
 .text.MX_FATFS_Init
                0x08002480       0x1c build/fatfs.o
                0x08002480                MX_FATFS_Init
 .text.USBH_UserProcess
                0x0800249c       0x2c build/usb_host.o
 .text.MX_USB_HOST_Init
                0x080024c8       0x40 build/usb_host.o
                0x080024c8                MX_USB_HOST_Init
 .text.MX_USB_HOST_Process
                0x08002508       0x10 build/usb_host.o
                0x08002508                MX_USB_HOST_Process
 .text.HAL_HCD_MspInit
                0x08002518       0x88 build/usbh_conf.o
                0x08002518                HAL_HCD_MspInit
 .text.HAL_HCD_SOF_Callback
                0x080025a0        0xc build/usbh_conf.o
                0x080025a0                HAL_HCD_SOF_Callback
 .text.HAL_HCD_Connect_Callback
                0x080025ac        0xc build/usbh_conf.o
                0x080025ac                HAL_HCD_Connect_Callback
 .text.HAL_HCD_Disconnect_Callback
                0x080025b8        0xc build/usbh_conf.o
                0x080025b8                HAL_HCD_Disconnect_Callback
 .text.HAL_HCD_HC_NotifyURBChange_Callback
                0x080025c4        0x2 build/usbh_conf.o
                0x080025c4                HAL_HCD_HC_NotifyURBChange_Callback
 .text.HAL_HCD_PortEnabled_Callback
                0x080025c6        0xc build/usbh_conf.o
                0x080025c6                HAL_HCD_PortEnabled_Callback
 .text.HAL_HCD_PortDisabled_Callback
                0x080025d2        0xc build/usbh_conf.o
                0x080025d2                HAL_HCD_PortDisabled_Callback
 *fill*         0x080025de        0x2 
 .text.USBH_LL_Init
                0x080025e0       0x54 build/usbh_conf.o
                0x080025e0                USBH_LL_Init
 .text.USBH_LL_GetSpeed
                0x08002634       0x20 build/usbh_conf.o
                0x08002634                USBH_LL_GetSpeed
 .text.USBH_LL_GetLastXferSize
                0x08002654        0xc build/usbh_conf.o
                0x08002654                USBH_LL_GetLastXferSize
 .text.USBH_LL_GetURBState
                0x08002660        0xc build/usbh_conf.o
                0x08002660                USBH_LL_GetURBState
 .text.USBH_LL_DriverVBUS
                0x0800266c       0x1c build/usbh_conf.o
                0x0800266c                USBH_LL_DriverVBUS
 .text.USBH_LL_SetToggle
                0x08002688       0x2a build/usbh_conf.o
                0x08002688                USBH_LL_SetToggle
 .text.USBH_Delay
                0x080026b2        0x8 build/usbh_conf.o
                0x080026b2                USBH_Delay
 .text.USBH_Get_USB_Status
                0x080026ba       0x14 build/usbh_conf.o
                0x080026ba                USBH_Get_USB_Status
 .text.USBH_LL_Start
                0x080026ce       0x10 build/usbh_conf.o
                0x080026ce                USBH_LL_Start
 .text.USBH_LL_Stop
                0x080026de       0x10 build/usbh_conf.o
                0x080026de                USBH_LL_Stop
 .text.USBH_LL_ResetPort
                0x080026ee       0x10 build/usbh_conf.o
                0x080026ee                USBH_LL_ResetPort
 .text.USBH_LL_OpenPipe
                0x080026fe       0x26 build/usbh_conf.o
                0x080026fe                USBH_LL_OpenPipe
 .text.USBH_LL_ClosePipe
                0x08002724       0x10 build/usbh_conf.o
                0x08002724                USBH_LL_ClosePipe
 .text.USBH_LL_SubmitURB
                0x08002734       0x2a build/usbh_conf.o
                0x08002734                USBH_LL_SubmitURB
 *fill*         0x0800275e        0x2 
 .text.MX_DriverVbusFS
                0x08002760       0x18 build/usbh_platform.o
                0x08002760                MX_DriverVbusFS
 .text.HCD_RXQLVL_IRQHandler
                0x08002778       0x9e build/stm32f7xx_hal_hcd.o
 .text.HAL_HCD_HC_Init
                0x08002816       0x8e build/stm32f7xx_hal_hcd.o
                0x08002816                HAL_HCD_HC_Init
 .text.HAL_HCD_HC_Halt
                0x080028a4       0x24 build/stm32f7xx_hal_hcd.o
                0x080028a4                HAL_HCD_HC_Halt
 .text.HAL_HCD_Init
                0x080028c8       0xa4 build/stm32f7xx_hal_hcd.o
                0x080028c8                HAL_HCD_Init
 .text.HAL_HCD_HC_SubmitRequest
                0x0800296c      0x164 build/stm32f7xx_hal_hcd.o
                0x0800296c                HAL_HCD_HC_SubmitRequest
 .text.HCD_Port_IRQHandler
                0x08002ad0       0xb0 build/stm32f7xx_hal_hcd.o
 .text.HCD_HC_IN_IRQHandler
                0x08002b80      0x3d0 build/stm32f7xx_hal_hcd.o
 .text.HCD_HC_OUT_IRQHandler
                0x08002f50      0x3a8 build/stm32f7xx_hal_hcd.o
 .text.HAL_HCD_IRQHandler
                0x080032f8      0x154 build/stm32f7xx_hal_hcd.o
                0x080032f8                HAL_HCD_IRQHandler
 .text.HAL_HCD_Start
                0x0800344c       0x2a build/stm32f7xx_hal_hcd.o
                0x0800344c                HAL_HCD_Start
 .text.HAL_HCD_Stop
                0x08003476       0x24 build/stm32f7xx_hal_hcd.o
                0x08003476                HAL_HCD_Stop
 .text.HAL_HCD_ResetPort
                0x0800349a        0xa build/stm32f7xx_hal_hcd.o
                0x0800349a                HAL_HCD_ResetPort
 .text.HAL_HCD_HC_GetURBState
                0x080034a4        0xc build/stm32f7xx_hal_hcd.o
                0x080034a4                HAL_HCD_HC_GetURBState
 .text.HAL_HCD_HC_GetXferCount
                0x080034b0        0xa build/stm32f7xx_hal_hcd.o
                0x080034b0                HAL_HCD_HC_GetXferCount
 .text.HAL_HCD_GetCurrentFrame
                0x080034ba        0xa build/stm32f7xx_hal_hcd.o
                0x080034ba                HAL_HCD_GetCurrentFrame
 .text.HAL_HCD_GetCurrentSpeed
                0x080034c4        0xa build/stm32f7xx_hal_hcd.o
                0x080034c4                HAL_HCD_GetCurrentSpeed
 *fill*         0x080034ce        0x2 
 .text.USB_CoreReset
                0x080034d0       0x50 build/stm32f7xx_ll_usb.o
 .text.USB_CoreInit
                0x08003520       0x7c build/stm32f7xx_ll_usb.o
                0x08003520                USB_CoreInit
 .text.USB_EnableGlobalInt
                0x0800359c        0xc build/stm32f7xx_ll_usb.o
                0x0800359c                USB_EnableGlobalInt
 .text.USB_DisableGlobalInt
                0x080035a8        0xc build/stm32f7xx_ll_usb.o
                0x080035a8                USB_DisableGlobalInt
 .text.USB_FlushTxFifo
                0x080035b4       0x50 build/stm32f7xx_ll_usb.o
                0x080035b4                USB_FlushTxFifo
 .text.USB_FlushRxFifo
                0x08003604       0x4c build/stm32f7xx_ll_usb.o
                0x08003604                USB_FlushRxFifo
 .text.USB_WritePacket
                0x08003650       0x2e build/stm32f7xx_ll_usb.o
                0x08003650                USB_WritePacket
 .text.USB_ReadPacket
                0x0800367e       0x46 build/stm32f7xx_ll_usb.o
                0x0800367e                USB_ReadPacket
 .text.USB_ReadInterrupts
                0x080036c4        0x8 build/stm32f7xx_ll_usb.o
                0x080036c4                USB_ReadInterrupts
 .text.USB_ReadChInterrupts
                0x080036cc       0x12 build/stm32f7xx_ll_usb.o
                0x080036cc                USB_ReadChInterrupts
 .text.USB_GetMode
                0x080036de        0x8 build/stm32f7xx_ll_usb.o
                0x080036de                USB_GetMode
 .text.USB_SetCurrentMode
                0x080036e6       0x62 build/stm32f7xx_ll_usb.o
                0x080036e6                USB_SetCurrentMode
 .text.USB_HostInit
                0x08003748       0xe8 build/stm32f7xx_ll_usb.o
                0x08003748                USB_HostInit
 .text.USB_InitFSLSPClkSel
                0x08003830       0x3e build/stm32f7xx_ll_usb.o
                0x08003830                USB_InitFSLSPClkSel
 .text.USB_ResetPort
                0x0800386e       0x3e build/stm32f7xx_ll_usb.o
                0x0800386e                USB_ResetPort
 .text.USB_DriveVbus
                0x080038ac       0x46 build/stm32f7xx_ll_usb.o
                0x080038ac                USB_DriveVbus
 .text.USB_GetHostSpeed
                0x080038f2       0x16 build/stm32f7xx_ll_usb.o
                0x080038f2                USB_GetHostSpeed
 .text.USB_GetCurrentFrame
                0x08003908        0xa build/stm32f7xx_ll_usb.o
                0x08003908                USB_GetCurrentFrame
 .text.USB_HC_Init
                0x08003912      0x12c build/stm32f7xx_ll_usb.o
                0x08003912                USB_HC_Init
 .text.USB_HC_ReadInterrupt
                0x08003a3e        0xa build/stm32f7xx_ll_usb.o
                0x08003a3e                USB_HC_ReadInterrupt
 .text.USB_HC_Halt
                0x08003a48       0xe8 build/stm32f7xx_ll_usb.o
                0x08003a48                USB_HC_Halt
 .text.USB_DoPing
                0x08003b30       0x24 build/stm32f7xx_ll_usb.o
                0x08003b30                USB_DoPing
 .text.USB_HC_StartXfer
                0x08003b54      0x16c build/stm32f7xx_ll_usb.o
                0x08003b54                USB_HC_StartXfer
 .text.USB_StopHost
                0x08003cc0       0x92 build/stm32f7xx_ll_usb.o
                0x08003cc0                USB_StopHost
 *fill*         0x08003d52        0x2 
 .text.HAL_RCC_OscConfig
                0x08003d54      0x434 build/stm32f7xx_hal_rcc.o
                0x08003d54                HAL_RCC_OscConfig
 .text.HAL_RCC_GetSysClockFreq
                0x08004188       0xa8 build/stm32f7xx_hal_rcc.o
                0x08004188                HAL_RCC_GetSysClockFreq
 .text.HAL_RCC_ClockConfig
                0x08004230      0x16c build/stm32f7xx_hal_rcc.o
                0x08004230                HAL_RCC_ClockConfig
 .text.HAL_RCC_GetHCLKFreq
                0x0800439c        0xc build/stm32f7xx_hal_rcc.o
                0x0800439c                HAL_RCC_GetHCLKFreq
 .text.HAL_RCC_GetPCLK1Freq
                0x080043a8       0x20 build/stm32f7xx_hal_rcc.o
                0x080043a8                HAL_RCC_GetPCLK1Freq
 .text.HAL_RCC_GetPCLK2Freq
                0x080043c8       0x20 build/stm32f7xx_hal_rcc.o
                0x080043c8                HAL_RCC_GetPCLK2Freq
 .text.HAL_RCC_GetClockConfig
                0x080043e8       0x3c build/stm32f7xx_hal_rcc.o
                0x080043e8                HAL_RCC_GetClockConfig
 .text.HAL_RCCEx_PeriphCLKConfig
                0x08004424      0x5ac build/stm32f7xx_hal_rcc_ex.o
                0x08004424                HAL_RCCEx_PeriphCLKConfig
 .text.HAL_RCCEx_GetPeriphCLKFreq
                0x080049d0      0x1a8 build/stm32f7xx_hal_rcc_ex.o
                0x080049d0                HAL_RCCEx_GetPeriphCLKFreq
 .text.HAL_GPIO_Init
                0x08004b78      0x204 build/stm32f7xx_hal_gpio.o
                0x08004b78                HAL_GPIO_Init
 .text.HAL_GPIO_ReadPin
                0x08004d7c        0xe build/stm32f7xx_hal_gpio.o
                0x08004d7c                HAL_GPIO_ReadPin
 .text.HAL_GPIO_WritePin
                0x08004d8a        0xc build/stm32f7xx_hal_gpio.o
                0x08004d8a                HAL_GPIO_WritePin
 *fill*         0x08004d96        0x2 
 .text.HAL_PWR_EnableBkUpAccess
                0x08004d98       0x10 build/stm32f7xx_hal_pwr.o
                0x08004d98                HAL_PWR_EnableBkUpAccess
 .text.HAL_PWREx_EnableOverDrive
                0x08004da8       0x7c build/stm32f7xx_hal_pwr_ex.o
                0x08004da8                HAL_PWREx_EnableOverDrive
 .text.__NVIC_SetPriority
                0x08004e24       0x24 build/stm32f7xx_hal_cortex.o
 .text.NVIC_EncodePriority
                0x08004e48       0x3e build/stm32f7xx_hal_cortex.o
 *fill*         0x08004e86        0x2 
 .text.HAL_NVIC_SetPriorityGrouping
                0x08004e88       0x24 build/stm32f7xx_hal_cortex.o
                0x08004e88                HAL_NVIC_SetPriorityGrouping
 .text.HAL_NVIC_SetPriority
                0x08004eac       0x20 build/stm32f7xx_hal_cortex.o
                0x08004eac                HAL_NVIC_SetPriority
 .text.HAL_NVIC_EnableIRQ
                0x08004ecc       0x1c build/stm32f7xx_hal_cortex.o
                0x08004ecc                HAL_NVIC_EnableIRQ
 .text.HAL_Init
                0x08004ee8       0x16 build/stm32f7xx_hal.o
                0x08004ee8                HAL_Init
 *fill*         0x08004efe        0x2 
 .text.HAL_IncTick
                0x08004f00       0x18 build/stm32f7xx_hal.o
                0x08004f00                HAL_IncTick
 .text.HAL_GetTick
                0x08004f18        0xc build/stm32f7xx_hal.o
                0x08004f18                HAL_GetTick
 .text.HAL_Delay
                0x08004f24       0x28 build/stm32f7xx_hal.o
                0x08004f24                HAL_Delay
 .text.HAL_I2C_Init
                0x08004f4c       0xbc build/stm32f7xx_hal_i2c.o
                0x08004f4c                HAL_I2C_Init
 .text.HAL_I2CEx_ConfigAnalogFilter
                0x08005008       0x5c build/stm32f7xx_hal_i2c_ex.o
                0x08005008                HAL_I2CEx_ConfigAnalogFilter
 .text.HAL_I2CEx_ConfigDigitalFilter
                0x08005064       0x58 build/stm32f7xx_hal_i2c_ex.o
                0x08005064                HAL_I2CEx_ConfigDigitalFilter
 .text.ADC_Init
                0x080050bc      0x134 build/stm32f7xx_hal_adc.o
 .text.HAL_ADC_Init
                0x080051f0       0x58 build/stm32f7xx_hal_adc.o
                0x080051f0                HAL_ADC_Init
 .text.HAL_ADC_ConfigChannel
                0x08005248      0x1e4 build/stm32f7xx_hal_adc.o
                0x08005248                HAL_ADC_ConfigChannel
 .text.HAL_CRC_Init
                0x0800542c       0x80 build/stm32f7xx_hal_crc.o
                0x0800542c                HAL_CRC_Init
 .text.HAL_CRCEx_Polynomial_Set
                0x080054ac       0x6e build/stm32f7xx_hal_crc_ex.o
                0x080054ac                HAL_CRCEx_Polynomial_Set
 *fill*         0x0800551a        0x2 
 .text.HAL_DCMI_Init
                0x0800551c       0xa0 build/stm32f7xx_hal_dcmi.o
                0x0800551c                HAL_DCMI_Init
 .text.HAL_DMA2D_Init
                0x080055bc       0x5c build/stm32f7xx_hal_dma2d.o
                0x080055bc                HAL_DMA2D_Init
 .text.HAL_DMA2D_LineEventCallback
                0x08005618        0x2 build/stm32f7xx_hal_dma2d.o
                0x08005618                HAL_DMA2D_LineEventCallback
 .text.HAL_DMA2D_CLUTLoadingCpltCallback
                0x0800561a        0x2 build/stm32f7xx_hal_dma2d.o
                0x0800561a                HAL_DMA2D_CLUTLoadingCpltCallback
 .text.HAL_DMA2D_IRQHandler
                0x0800561c      0x13c build/stm32f7xx_hal_dma2d.o
                0x0800561c                HAL_DMA2D_IRQHandler
 .text.HAL_DMA2D_ConfigLayer
                0x08005758       0xc4 build/stm32f7xx_hal_dma2d.o
                0x08005758                HAL_DMA2D_ConfigLayer
 .text.ETH_MACAddressConfig
                0x0800581c       0x30 build/stm32f7xx_hal_eth.o
 .text.ETH_DMATxDescListInit
                0x0800584c       0x6e build/stm32f7xx_hal_eth.o
 .text.ETH_DMARxDescListInit
                0x080058ba       0x84 build/stm32f7xx_hal_eth.o
 *fill*         0x0800593e        0x2 
 .text.ETH_SetMACConfig
                0x08005940       0xfc build/stm32f7xx_hal_eth.o
 .text.ETH_SetDMAConfig
                0x08005a3c       0xc0 build/stm32f7xx_hal_eth.o
 .text.ETH_MACDMAConfig
                0x08005afc       0xa2 build/stm32f7xx_hal_eth.o
 *fill*         0x08005b9e        0x2 
 .text.HAL_ETH_Init
                0x08005ba0       0xbc build/stm32f7xx_hal_eth.o
                0x08005ba0                HAL_ETH_Init
 .text.FMC_SDRAM_Init
                0x08005c5c       0x74 build/stm32f7xx_ll_fmc.o
                0x08005c5c                FMC_SDRAM_Init
 .text.FMC_SDRAM_Timing_Init
                0x08005cd0       0xa8 build/stm32f7xx_ll_fmc.o
                0x08005cd0                FMC_SDRAM_Timing_Init
 .text.HAL_SDRAM_Init
                0x08005d78       0x40 build/stm32f7xx_hal_sdram.o
                0x08005d78                HAL_SDRAM_Init
 .text.LTDC_SetConfig
                0x08005db8      0x1b0 build/stm32f7xx_hal_ltdc.o
 .text.HAL_LTDC_Init
                0x08005f68       0xf4 build/stm32f7xx_hal_ltdc.o
                0x08005f68                HAL_LTDC_Init
 .text.HAL_LTDC_ErrorCallback
                0x0800605c        0x2 build/stm32f7xx_hal_ltdc.o
                0x0800605c                HAL_LTDC_ErrorCallback
 .text.HAL_LTDC_LineEventCallback
                0x0800605e        0x2 build/stm32f7xx_hal_ltdc.o
                0x0800605e                HAL_LTDC_LineEventCallback
 .text.HAL_LTDC_ReloadEventCallback
                0x08006060        0x2 build/stm32f7xx_hal_ltdc.o
                0x08006060                HAL_LTDC_ReloadEventCallback
 .text.HAL_LTDC_IRQHandler
                0x08006062       0xda build/stm32f7xx_hal_ltdc.o
                0x08006062                HAL_LTDC_IRQHandler
 .text.HAL_LTDC_ConfigLayer
                0x0800613c       0x68 build/stm32f7xx_hal_ltdc.o
                0x0800613c                HAL_LTDC_ConfigLayer
 .text.QSPI_WaitFlagStateUntilTimeout
                0x080061a4       0x54 build/stm32f7xx_hal_qspi.o
 .text.HAL_QSPI_SetTimeout
                0x080061f8        0x4 build/stm32f7xx_hal_qspi.o
                0x080061f8                HAL_QSPI_SetTimeout
 .text.HAL_QSPI_Init
                0x080061fc       0xb0 build/stm32f7xx_hal_qspi.o
                0x080061fc                HAL_QSPI_Init
 .text.HAL_RTC_WaitForSynchro
                0x080062ac       0x32 build/stm32f7xx_hal_rtc.o
                0x080062ac                HAL_RTC_WaitForSynchro
 .text.RTC_EnterInitMode
                0x080062de       0x46 build/stm32f7xx_hal_rtc.o
                0x080062de                RTC_EnterInitMode
 .text.RTC_ExitInitMode
                0x08006324       0x2a build/stm32f7xx_hal_rtc.o
                0x08006324                RTC_ExitInitMode
 *fill*         0x0800634e        0x2 
 .text.HAL_RTC_Init
                0x08006350       0xa0 build/stm32f7xx_hal_rtc.o
                0x08006350                HAL_RTC_Init
 .text.RTC_ByteToBcd2
                0x080063f0       0x16 build/stm32f7xx_hal_rtc.o
                0x080063f0                RTC_ByteToBcd2
 *fill*         0x08006406        0x2 
 .text.HAL_RTC_SetTime
                0x08006408       0xc0 build/stm32f7xx_hal_rtc.o
                0x08006408                HAL_RTC_SetTime
 .text.HAL_RTC_SetDate
                0x080064c8       0x9c build/stm32f7xx_hal_rtc.o
                0x080064c8                HAL_RTC_SetDate
 .text.HAL_RTC_SetAlarm
                0x08006564      0x178 build/stm32f7xx_hal_rtc.o
                0x08006564                HAL_RTC_SetAlarm
 .text.HAL_RTCEx_SetTimeStamp
                0x080066dc       0x78 build/stm32f7xx_hal_rtc_ex.o
                0x080066dc                HAL_RTCEx_SetTimeStamp
 .text.SAI_Disable
                0x08006754       0x44 build/stm32f7xx_hal_sai.o
 .text.HAL_SAI_Init
                0x08006798      0x214 build/stm32f7xx_hal_sai.o
                0x08006798                HAL_SAI_Init
 .text.SDMMC_GetCmdError
                0x080069ac       0x38 build/stm32f7xx_ll_sdmmc.o
 .text.SDMMC_Init
                0x080069e4       0x34 build/stm32f7xx_ll_sdmmc.o
                0x080069e4                SDMMC_Init
 .text.SDMMC_ReadFIFO
                0x08006a18        0x6 build/stm32f7xx_ll_sdmmc.o
                0x08006a18                SDMMC_ReadFIFO
 .text.SDMMC_WriteFIFO
                0x08006a1e        0xa build/stm32f7xx_ll_sdmmc.o
                0x08006a1e                SDMMC_WriteFIFO
 .text.SDMMC_PowerState_ON
                0x08006a28        0x8 build/stm32f7xx_ll_sdmmc.o
                0x08006a28                SDMMC_PowerState_ON
 .text.SDMMC_GetPowerState
                0x08006a30        0x8 build/stm32f7xx_ll_sdmmc.o
                0x08006a30                SDMMC_GetPowerState
 .text.SDMMC_SendCommand
                0x08006a38       0x24 build/stm32f7xx_ll_sdmmc.o
                0x08006a38                SDMMC_SendCommand
 .text.SDMMC_GetCommandResponse
                0x08006a5c        0x6 build/stm32f7xx_ll_sdmmc.o
                0x08006a5c                SDMMC_GetCommandResponse
 .text.SDMMC_GetResponse
                0x08006a62        0x6 build/stm32f7xx_ll_sdmmc.o
                0x08006a62                SDMMC_GetResponse
 .text.SDMMC_ConfigData
                0x08006a68       0x24 build/stm32f7xx_ll_sdmmc.o
                0x08006a68                SDMMC_ConfigData
 .text.SDMMC_CmdGoIdleState
                0x08006a8c       0x26 build/stm32f7xx_ll_sdmmc.o
                0x08006a8c                SDMMC_CmdGoIdleState
 *fill*         0x08006ab2        0x2 
 .text.SDMMC_GetCmdResp1
                0x08006ab4      0x154 build/stm32f7xx_ll_sdmmc.o
                0x08006ab4                SDMMC_GetCmdResp1
 .text.SDMMC_CmdBlockLength
                0x08006c08       0x30 build/stm32f7xx_ll_sdmmc.o
                0x08006c08                SDMMC_CmdBlockLength
 .text.SDMMC_CmdReadSingleBlock
                0x08006c38       0x30 build/stm32f7xx_ll_sdmmc.o
                0x08006c38                SDMMC_CmdReadSingleBlock
 .text.SDMMC_CmdReadMultiBlock
                0x08006c68       0x30 build/stm32f7xx_ll_sdmmc.o
                0x08006c68                SDMMC_CmdReadMultiBlock
 .text.SDMMC_CmdWriteSingleBlock
                0x08006c98       0x30 build/stm32f7xx_ll_sdmmc.o
                0x08006c98                SDMMC_CmdWriteSingleBlock
 .text.SDMMC_CmdWriteMultiBlock
                0x08006cc8       0x30 build/stm32f7xx_ll_sdmmc.o
                0x08006cc8                SDMMC_CmdWriteMultiBlock
 .text.SDMMC_CmdStopTransfer
                0x08006cf8       0x34 build/stm32f7xx_ll_sdmmc.o
                0x08006cf8                SDMMC_CmdStopTransfer
 .text.SDMMC_CmdSelDesel
                0x08006d2c       0x30 build/stm32f7xx_ll_sdmmc.o
                0x08006d2c                SDMMC_CmdSelDesel
 .text.SDMMC_CmdAppCommand
                0x08006d5c       0x30 build/stm32f7xx_ll_sdmmc.o
                0x08006d5c                SDMMC_CmdAppCommand
 .text.SDMMC_CmdBusWidth
                0x08006d8c       0x30 build/stm32f7xx_ll_sdmmc.o
                0x08006d8c                SDMMC_CmdBusWidth
 .text.SDMMC_CmdSendSCR
                0x08006dbc       0x30 build/stm32f7xx_ll_sdmmc.o
                0x08006dbc                SDMMC_CmdSendSCR
 .text.SDMMC_CmdSendStatus
                0x08006dec       0x30 build/stm32f7xx_ll_sdmmc.o
                0x08006dec                SDMMC_CmdSendStatus
 .text.SDMMC_GetCmdResp2
                0x08006e1c       0x5c build/stm32f7xx_ll_sdmmc.o
                0x08006e1c                SDMMC_GetCmdResp2
 .text.SDMMC_CmdSendCID
                0x08006e78       0x2a build/stm32f7xx_ll_sdmmc.o
                0x08006e78                SDMMC_CmdSendCID
 .text.SDMMC_CmdSendCSD
                0x08006ea2       0x2a build/stm32f7xx_ll_sdmmc.o
                0x08006ea2                SDMMC_CmdSendCSD
 .text.SDMMC_GetCmdResp3
                0x08006ecc       0x4c build/stm32f7xx_ll_sdmmc.o
                0x08006ecc                SDMMC_GetCmdResp3
 .text.SDMMC_CmdAppOperCommand
                0x08006f18       0x34 build/stm32f7xx_ll_sdmmc.o
                0x08006f18                SDMMC_CmdAppOperCommand
 .text.SDMMC_GetCmdResp6
                0x08006f4c       0xa0 build/stm32f7xx_ll_sdmmc.o
                0x08006f4c                SDMMC_GetCmdResp6
 .text.SDMMC_CmdSetRelAdd
                0x08006fec       0x30 build/stm32f7xx_ll_sdmmc.o
                0x08006fec                SDMMC_CmdSetRelAdd
 .text.SDMMC_GetCmdResp7
                0x0800701c       0x64 build/stm32f7xx_ll_sdmmc.o
                0x0800701c                SDMMC_GetCmdResp7
 .text.SDMMC_CmdOperCond
                0x08007080       0x2e build/stm32f7xx_ll_sdmmc.o
                0x08007080                SDMMC_CmdOperCond
 *fill*         0x080070ae        0x2 
 .text.SD_PowerON
                0x080070b0       0xc0 build/stm32f7xx_hal_sd.o
 .text.SD_FindSCR
                0x08007170      0x100 build/stm32f7xx_hal_sd.o
 .text.SD_WideBus_Enable
                0x08007270       0x4e build/stm32f7xx_hal_sd.o
 .text.SD_WideBus_Disable
                0x080072be       0x4e build/stm32f7xx_hal_sd.o
 .text.SD_SendStatus
                0x0800730c       0x2c build/stm32f7xx_hal_sd.o
 .text.HAL_SD_ReadBlocks
                0x08007338      0x248 build/stm32f7xx_hal_sd.o
                0x08007338                HAL_SD_ReadBlocks
 .text.HAL_SD_WriteBlocks
                0x08007580      0x200 build/stm32f7xx_hal_sd.o
                0x08007580                HAL_SD_WriteBlocks
 .text.HAL_SD_GetCardCSD
                0x08007780      0x1b8 build/stm32f7xx_hal_sd.o
                0x08007780                HAL_SD_GetCardCSD
 .text.SD_InitCard
                0x08007938      0x100 build/stm32f7xx_hal_sd.o
 .text.HAL_SD_InitCard
                0x08007a38       0xa8 build/stm32f7xx_hal_sd.o
                0x08007a38                HAL_SD_InitCard
 .text.HAL_SD_Init
                0x08007ae0       0x36 build/stm32f7xx_hal_sd.o
                0x08007ae0                HAL_SD_Init
 .text.HAL_SD_GetCardInfo
                0x08007b16       0x24 build/stm32f7xx_hal_sd.o
                0x08007b16                HAL_SD_GetCardInfo
 *fill*         0x08007b3a        0x2 
 .text.HAL_SD_ConfigWideBusOperation
                0x08007b3c       0xc0 build/stm32f7xx_hal_sd.o
                0x08007b3c                HAL_SD_ConfigWideBusOperation
 .text.HAL_SD_GetCardState
                0x08007bfc       0x22 build/stm32f7xx_hal_sd.o
                0x08007bfc                HAL_SD_GetCardState
 *fill*         0x08007c1e        0x2 
 .text.HAL_SPDIFRX_Init
                0x08007c20       0x70 build/stm32f7xx_hal_spdifrx.o
                0x08007c20                HAL_SPDIFRX_Init
 .text.TIM_OC1_SetConfig
                0x08007c90       0x68 build/stm32f7xx_hal_tim.o
 .text.TIM_OC3_SetConfig
                0x08007cf8       0x70 build/stm32f7xx_hal_tim.o
 .text.TIM_OC4_SetConfig
                0x08007d68       0x54 build/stm32f7xx_hal_tim.o
 .text.TIM_OC5_SetConfig
                0x08007dbc       0x54 build/stm32f7xx_hal_tim.o
 .text.TIM_OC6_SetConfig
                0x08007e10       0x54 build/stm32f7xx_hal_tim.o
 .text.TIM_TI1_ConfigInputStage
                0x08007e64       0x26 build/stm32f7xx_hal_tim.o
 .text.TIM_TI2_ConfigInputStage
                0x08007e8a       0x28 build/stm32f7xx_hal_tim.o
 .text.TIM_ITRx_SetConfig
                0x08007eb2       0x10 build/stm32f7xx_hal_tim.o
 *fill*         0x08007ec2        0x2 
 .text.HAL_TIM_Base_Start_IT
                0x08007ec4       0x90 build/stm32f7xx_hal_tim.o
                0x08007ec4                HAL_TIM_Base_Start_IT
 .text.HAL_TIM_OC_DelayElapsedCallback
                0x08007f54        0x2 build/stm32f7xx_hal_tim.o
                0x08007f54                HAL_TIM_OC_DelayElapsedCallback
 .text.HAL_TIM_IC_CaptureCallback
                0x08007f56        0x2 build/stm32f7xx_hal_tim.o
                0x08007f56                HAL_TIM_IC_CaptureCallback
 .text.HAL_TIM_PWM_PulseFinishedCallback
                0x08007f58        0x2 build/stm32f7xx_hal_tim.o
                0x08007f58                HAL_TIM_PWM_PulseFinishedCallback
 .text.HAL_TIM_TriggerCallback
                0x08007f5a        0x2 build/stm32f7xx_hal_tim.o
                0x08007f5a                HAL_TIM_TriggerCallback
 .text.HAL_TIM_IRQHandler
                0x08007f5c      0x19a build/stm32f7xx_hal_tim.o
                0x08007f5c                HAL_TIM_IRQHandler
 *fill*         0x080080f6        0x2 
 .text.TIM_Base_SetConfig
                0x080080f8      0x110 build/stm32f7xx_hal_tim.o
                0x080080f8                TIM_Base_SetConfig
 .text.HAL_TIM_Base_Init
                0x08008208       0x60 build/stm32f7xx_hal_tim.o
                0x08008208                HAL_TIM_Base_Init
 .text.HAL_TIM_PWM_Init
                0x08008268       0x60 build/stm32f7xx_hal_tim.o
                0x08008268                HAL_TIM_PWM_Init
 .text.TIM_OC2_SetConfig
                0x080082c8       0x70 build/stm32f7xx_hal_tim.o
                0x080082c8                TIM_OC2_SetConfig
 .text.HAL_TIM_PWM_ConfigChannel
                0x08008338      0x13a build/stm32f7xx_hal_tim.o
                0x08008338                HAL_TIM_PWM_ConfigChannel
 .text.TIM_ETR_SetConfig
                0x08008472       0x1a build/stm32f7xx_hal_tim.o
                0x08008472                TIM_ETR_SetConfig
 .text.HAL_TIM_ConfigClockSource
                0x0800848c      0x100 build/stm32f7xx_hal_tim.o
                0x0800848c                HAL_TIM_ConfigClockSource
 .text.HAL_TIMEx_MasterConfigSynchronization
                0x0800858c       0xa0 build/stm32f7xx_hal_tim_ex.o
                0x0800858c                HAL_TIMEx_MasterConfigSynchronization
 .text.HAL_TIMEx_ConfigBreakDeadTime
                0x0800862c       0x90 build/stm32f7xx_hal_tim_ex.o
                0x0800862c                HAL_TIMEx_ConfigBreakDeadTime
 .text.HAL_TIMEx_CommutCallback
                0x080086bc        0x2 build/stm32f7xx_hal_tim_ex.o
                0x080086bc                HAL_TIMEx_CommutCallback
 .text.HAL_TIMEx_BreakCallback
                0x080086be        0x2 build/stm32f7xx_hal_tim_ex.o
                0x080086be                HAL_TIMEx_BreakCallback
 .text.HAL_TIMEx_Break2Callback
                0x080086c0        0x2 build/stm32f7xx_hal_tim_ex.o
                0x080086c0                HAL_TIMEx_Break2Callback
 *fill*         0x080086c2        0x2 
 .text.UART_SetConfig
                0x080086c4      0x330 build/stm32f7xx_hal_uart.o
                0x080086c4                UART_SetConfig
 .text.UART_AdvFeatureConfig
                0x080089f4       0xca build/stm32f7xx_hal_uart.o
                0x080089f4                UART_AdvFeatureConfig
 .text.UART_WaitOnFlagUntilTimeout
                0x08008abe       0xd4 build/stm32f7xx_hal_uart.o
                0x08008abe                UART_WaitOnFlagUntilTimeout
 .text.HAL_UART_Transmit
                0x08008b92       0xbc build/stm32f7xx_hal_uart.o
                0x08008b92                HAL_UART_Transmit
 .text.UART_CheckIdleState
                0x08008c4e       0x4c build/stm32f7xx_hal_uart.o
                0x08008c4e                UART_CheckIdleState
 .text.HAL_UART_Init
                0x08008c9a       0x62 build/stm32f7xx_hal_uart.o
                0x08008c9a                HAL_UART_Init
 .text.SystemInit
                0x08008cfc       0x14 build/system_stm32f7xx.o
                0x08008cfc                SystemInit
 .text.FATFS_LinkDriverEx
                0x08008d10       0x54 build/ff_gen_drv.o
                0x08008d10                FATFS_LinkDriverEx
 .text.FATFS_LinkDriver
                0x08008d64        0xa build/ff_gen_drv.o
                0x08008d64                FATFS_LinkDriver
 .text.USBH_HandleSof
                0x08008d6e       0x1a build/usbh_core.o
 .text.DeInitStateMachine
                0x08008d88       0x94 build/usbh_core.o
 .text.USBH_HandleEnum
                0x08008e1c      0x26e build/usbh_core.o
 .text.USBH_Init
                0x0800908a       0x3e build/usbh_core.o
                0x0800908a                USBH_Init
 .text.USBH_RegisterClass
                0x080090c8       0x22 build/usbh_core.o
                0x080090c8                USBH_RegisterClass
 .text.USBH_SelectInterface
                0x080090ea       0x14 build/usbh_core.o
                0x080090ea                USBH_SelectInterface
 .text.USBH_FindInterface
                0x080090fe       0x54 build/usbh_core.o
                0x080090fe                USBH_FindInterface
 .text.USBH_Start
                0x08009152       0x14 build/usbh_core.o
                0x08009152                USBH_Start
 .text.USBH_Process
                0x08009166      0x28e build/usbh_core.o
                0x08009166                USBH_Process
 .text.USBH_LL_SetTimer
                0x080093f4        0x6 build/usbh_core.o
                0x080093f4                USBH_LL_SetTimer
 .text.USBH_LL_IncTimer
                0x080093fa       0x12 build/usbh_core.o
                0x080093fa                USBH_LL_IncTimer
 .text.USBH_LL_PortEnabled
                0x0800940c        0x8 build/usbh_core.o
                0x0800940c                USBH_LL_PortEnabled
 .text.USBH_LL_PortDisabled
                0x08009414        0x8 build/usbh_core.o
                0x08009414                USBH_LL_PortDisabled
 .text.USBH_LL_Connect
                0x0800941c       0x14 build/usbh_core.o
                0x0800941c                USBH_LL_Connect
 .text.USBH_LL_Disconnect
                0x08009430       0x2c build/usbh_core.o
                0x08009430                USBH_LL_Disconnect
 .text.USBH_ParseDevDesc
                0x0800945c       0x84 build/usbh_ctlreq.o
 .text.USBH_ParseInterfaceDesc
                0x080094e0       0x26 build/usbh_ctlreq.o
 .text.USBH_ParseEPDesc
                0x08009506       0x84 build/usbh_ctlreq.o
 .text.USBH_ParseStringDesc
                0x0800958a       0x32 build/usbh_ctlreq.o
 .text.USBH_HandleControl
                0x080095bc      0x1da build/usbh_ctlreq.o
 .text.USBH_GetNextDesc
                0x08009796        0xe build/usbh_ctlreq.o
                0x08009796                USBH_GetNextDesc
 .text.USBH_ParseCfgDesc
                0x080097a4      0x162 build/usbh_ctlreq.o
 .text.USBH_CtlReq
                0x08009906       0x42 build/usbh_ctlreq.o
                0x08009906                USBH_CtlReq
 .text.USBH_GetDescriptor
                0x08009948       0x42 build/usbh_ctlreq.o
                0x08009948                USBH_GetDescriptor
 .text.USBH_Get_DevDesc
                0x0800998a       0x32 build/usbh_ctlreq.o
                0x0800998a                USBH_Get_DevDesc
 .text.USBH_Get_CfgDesc
                0x080099bc       0x2c build/usbh_ctlreq.o
                0x080099bc                USBH_Get_CfgDesc
 .text.USBH_Get_StringDesc
                0x080099e8       0x30 build/usbh_ctlreq.o
                0x080099e8                USBH_Get_StringDesc
 .text.USBH_SetAddress
                0x08009a18       0x22 build/usbh_ctlreq.o
                0x08009a18                USBH_SetAddress
 .text.USBH_SetCfg
                0x08009a3a       0x22 build/usbh_ctlreq.o
                0x08009a3a                USBH_SetCfg
 .text.USBH_SetFeature
                0x08009a5c       0x22 build/usbh_ctlreq.o
                0x08009a5c                USBH_SetFeature
 .text.USBH_ClrFeature
                0x08009a7e       0x24 build/usbh_ctlreq.o
                0x08009a7e                USBH_ClrFeature
 .text.USBH_CtlSendSetup
                0x08009aa2       0x22 build/usbh_ioreq.o
                0x08009aa2                USBH_CtlSendSetup
 .text.USBH_CtlSendData
                0x08009ac4       0x2c build/usbh_ioreq.o
                0x08009ac4                USBH_CtlSendData
 .text.USBH_CtlReceiveData
                0x08009af0       0x20 build/usbh_ioreq.o
                0x08009af0                USBH_CtlReceiveData
 .text.USBH_BulkSendData
                0x08009b10       0x2c build/usbh_ioreq.o
                0x08009b10                USBH_BulkSendData
 .text.USBH_BulkReceiveData
                0x08009b3c       0x20 build/usbh_ioreq.o
                0x08009b3c                USBH_BulkReceiveData
 .text.USBH_GetFreePipe
                0x08009b5c       0x26 build/usbh_pipes.o
 .text.USBH_OpenPipe
                0x08009b82       0x20 build/usbh_pipes.o
                0x08009b82                USBH_OpenPipe
 .text.USBH_ClosePipe
                0x08009ba2        0xa build/usbh_pipes.o
                0x08009ba2                USBH_ClosePipe
 .text.USBH_AllocPipe
                0x08009bac       0x26 build/usbh_pipes.o
                0x08009bac                USBH_AllocPipe
 .text.USBH_FreePipe
                0x08009bd2       0x16 build/usbh_pipes.o
                0x08009bd2                USBH_FreePipe
 .text.USBH_CDC_SOFProcess
                0x08009be8        0x4 build/usbh_cdc.o
 .text.SetLineCoding
                0x08009bec       0x1a build/usbh_cdc.o
 .text.GetLineCoding
                0x08009c06       0x1a build/usbh_cdc.o
 .text.USBH_CDC_ClassRequest
                0x08009c20       0x22 build/usbh_cdc.o
 .text.USBH_CDC_InterfaceDeInit
                0x08009c42       0x68 build/usbh_cdc.o
 .text.USBH_CDC_InterfaceInit
                0x08009caa      0x186 build/usbh_cdc.o
 .text.USBH_CDC_TransmitCallback
                0x08009e30        0x2 build/usbh_cdc.o
                0x08009e30                USBH_CDC_TransmitCallback
 .text.CDC_ProcessTransmission
                0x08009e32       0x94 build/usbh_cdc.o
 .text.USBH_CDC_ReceiveCallback
                0x08009ec6        0x2 build/usbh_cdc.o
                0x08009ec6                USBH_CDC_ReceiveCallback
 .text.CDC_ProcessReception
                0x08009ec8       0x68 build/usbh_cdc.o
 .text.USBH_CDC_LineCodingChanged
                0x08009f30        0x2 build/usbh_cdc.o
                0x08009f30                USBH_CDC_LineCodingChanged
 .text.USBH_CDC_Process
                0x08009f32       0xae build/usbh_cdc.o
 .text.Reset_Handler
                0x08009fe0       0x50 build/startup_stm32f746xx.o
                0x08009fe0                Reset_Handler
 .text.Default_Handler
                0x0800a030        0x2 build/startup_stm32f746xx.o
                0x0800a030                RTC_Alarm_IRQHandler
                0x0800a030                EXTI2_IRQHandler
                0x0800a030                TIM8_CC_IRQHandler
                0x0800a030                UART8_IRQHandler
                0x0800a030                SPI4_IRQHandler
                0x0800a030                TIM1_CC_IRQHandler
                0x0800a030                DMA2_Stream5_IRQHandler
                0x0800a030                DMA1_Stream5_IRQHandler
                0x0800a030                PVD_IRQHandler
                0x0800a030                TAMP_STAMP_IRQHandler
                0x0800a030                CAN2_RX1_IRQHandler
                0x0800a030                EXTI3_IRQHandler
                0x0800a030                TIM8_TRG_COM_TIM14_IRQHandler
                0x0800a030                TIM1_UP_TIM10_IRQHandler
                0x0800a030                TIM8_UP_TIM13_IRQHandler
                0x0800a030                I2C3_ER_IRQHandler
                0x0800a030                EXTI0_IRQHandler
                0x0800a030                I2C2_EV_IRQHandler
                0x0800a030                DMA1_Stream2_IRQHandler
                0x0800a030                CAN1_RX0_IRQHandler
                0x0800a030                FPU_IRQHandler
                0x0800a030                OTG_HS_WKUP_IRQHandler
                0x0800a030                LTDC_ER_IRQHandler
                0x0800a030                CAN2_SCE_IRQHandler
                0x0800a030                DMA2_Stream2_IRQHandler
                0x0800a030                SPI1_IRQHandler
                0x0800a030                TIM1_BRK_TIM9_IRQHandler
                0x0800a030                DCMI_IRQHandler
                0x0800a030                CAN2_RX0_IRQHandler
                0x0800a030                DMA2_Stream3_IRQHandler
                0x0800a030                SAI2_IRQHandler
                0x0800a030                USART6_IRQHandler
                0x0800a030                USART3_IRQHandler
                0x0800a030                CAN1_RX1_IRQHandler
                0x0800a030                UART5_IRQHandler
                0x0800a030                DMA2_Stream0_IRQHandler
                0x0800a030                TIM4_IRQHandler
                0x0800a030                QUADSPI_IRQHandler
                0x0800a030                I2C1_EV_IRQHandler
                0x0800a030                DMA1_Stream6_IRQHandler
                0x0800a030                DMA1_Stream1_IRQHandler
                0x0800a030                UART4_IRQHandler
                0x0800a030                TIM3_IRQHandler
                0x0800a030                RCC_IRQHandler
                0x0800a030                TIM8_BRK_TIM12_IRQHandler
                0x0800a030                Default_Handler
                0x0800a030                CEC_IRQHandler
                0x0800a030                EXTI15_10_IRQHandler
                0x0800a030                ADC_IRQHandler
                0x0800a030                DMA1_Stream7_IRQHandler
                0x0800a030                SPI5_IRQHandler
                0x0800a030                TIM7_IRQHandler
                0x0800a030                SDMMC1_IRQHandler
                0x0800a030                CAN2_TX_IRQHandler
                0x0800a030                TIM5_IRQHandler
                0x0800a030                DMA2_Stream7_IRQHandler
                0x0800a030                I2C3_EV_IRQHandler
                0x0800a030                EXTI9_5_IRQHandler
                0x0800a030                RTC_WKUP_IRQHandler
                0x0800a030                ETH_WKUP_IRQHandler
                0x0800a030                SPDIF_RX_IRQHandler
                0x0800a030                SPI2_IRQHandler
                0x0800a030                OTG_HS_EP1_IN_IRQHandler
                0x0800a030                DMA1_Stream0_IRQHandler
                0x0800a030                CAN1_TX_IRQHandler
                0x0800a030                EXTI4_IRQHandler
                0x0800a030                RNG_IRQHandler
                0x0800a030                ETH_IRQHandler
                0x0800a030                OTG_HS_EP1_OUT_IRQHandler
                0x0800a030                WWDG_IRQHandler
                0x0800a030                SPI6_IRQHandler
                0x0800a030                I2C4_EV_IRQHandler
                0x0800a030                TIM2_IRQHandler
                0x0800a030                OTG_FS_WKUP_IRQHandler
                0x0800a030                TIM1_TRG_COM_TIM11_IRQHandler
                0x0800a030                OTG_HS_IRQHandler
                0x0800a030                EXTI1_IRQHandler
                0x0800a030                UART7_IRQHandler
                0x0800a030                USART2_IRQHandler
                0x0800a030                I2C2_ER_IRQHandler
                0x0800a030                DMA2_Stream1_IRQHandler
                0x0800a030                CAN1_SCE_IRQHandler
                0x0800a030                FLASH_IRQHandler
                0x0800a030                DMA2_Stream4_IRQHandler
                0x0800a030                USART1_IRQHandler
                0x0800a030                SPI3_IRQHandler
                0x0800a030                DMA1_Stream4_IRQHandler
                0x0800a030                I2C1_ER_IRQHandler
                0x0800a030                FMC_IRQHandler
                0x0800a030                LPTIM1_IRQHandler
                0x0800a030                I2C4_ER_IRQHandler
                0x0800a030                DMA2_Stream6_IRQHandler
                0x0800a030                SAI1_IRQHandler
                0x0800a030                DMA1_Stream3_IRQHandler
 *(.glue_7)
 .glue_7        0x0800a032        0x0 linker stubs
 *(.glue_7t)
 .glue_7t       0x0800a032        0x0 linker stubs
 *(.eh_frame)
 *fill*         0x0800a032        0x2 
 .eh_frame      0x0800a034        0x0 /usr/lib/gcc/arm-none-eabi/12.2.1/thumb/v7e-m+fp/hard/crtbegin.o
 *(.init)
 .init          0x0800a034        0x4 /usr/lib/gcc/arm-none-eabi/12.2.1/thumb/v7e-m+fp/hard/crti.o
                0x0800a034                _init
 .init          0x0800a038        0x8 /usr/lib/gcc/arm-none-eabi/12.2.1/thumb/v7e-m+fp/hard/crtn.o
 *(.fini)
 .fini          0x0800a040        0x4 /usr/lib/gcc/arm-none-eabi/12.2.1/thumb/v7e-m+fp/hard/crti.o
                0x0800a040                _fini
 .fini          0x0800a044        0x8 /usr/lib/gcc/arm-none-eabi/12.2.1/thumb/v7e-m+fp/hard/crtn.o
                0x0800a04c                        . = ALIGN (0x4)
                0x0800a04c                        _etext = .

.vfp11_veneer   0x0800a04c        0x0
 .vfp11_veneer  0x0800a04c        0x0 linker stubs

.v4_bx          0x0800a04c        0x0
 .v4_bx         0x0800a04c        0x0 linker stubs

.iplt           0x0800a04c        0x0
 .iplt          0x0800a04c        0x0 /usr/lib/gcc/arm-none-eabi/12.2.1/thumb/v7e-m+fp/hard/crtbegin.o

.rodata         0x0800a04c       0x3c
                0x0800a04c                        . = ALIGN (0x4)
 *(.rodata)
 *(.rodata*)
 .rodata.main.str1.4
                0x0800a04c        0xa build/main.o
 *fill*         0x0800a056        0x2 
 .rodata.SD_Driver
                0x0800a058       0x14 build/sd_diskio.o
                0x0800a058                SD_Driver
 .rodata.APBPrescTable
                0x0800a06c        0x8 build/system_stm32f7xx.o
                0x0800a06c                APBPrescTable
 .rodata.AHBPrescTable
                0x0800a074       0x10 build/system_stm32f7xx.o
                0x0800a074                AHBPrescTable
 .rodata.str1.4
                0x0800a084        0x4 build/usbh_cdc.o
                0x0800a088                        . = ALIGN (0x4)

.ARM.extab
 *(.ARM.extab* .gnu.linkonce.armextab.*)

.ARM            0x0800a088        0x8
                0x0800a088                        __exidx_start = .
 *(.ARM.exidx*)
 .ARM.exidx     0x0800a088        0x8 /usr/lib/gcc/arm-none-eabi/12.2.1/thumb/v7e-m+fp/hard/libgcc.a(_udivmoddi4.o)
                0x0800a090                        __exidx_end = .

.rel.dyn        0x0800a090        0x0
 .rel.iplt      0x0800a090        0x0 /usr/lib/gcc/arm-none-eabi/12.2.1/thumb/v7e-m+fp/hard/crtbegin.o

.preinit_array  0x0800a090        0x0
                0x0800a090                        PROVIDE (__preinit_array_start = .)
 *(.preinit_array*)
                0x0800a090                        PROVIDE (__preinit_array_end = .)

.init_array     0x0800a090        0x4
                0x0800a090                        PROVIDE (__init_array_start = .)
 *(SORT_BY_NAME(.init_array.*))
 *(.init_array*)
 .init_array    0x0800a090        0x4 /usr/lib/gcc/arm-none-eabi/12.2.1/thumb/v7e-m+fp/hard/crtbegin.o
                0x0800a094                        PROVIDE (__init_array_end = .)

.fini_array     0x0800a094        0x4
                0x0800a094                        PROVIDE (__fini_array_start = .)
 *(SORT_BY_NAME(.fini_array.*))
 *(.fini_array*)
 .fini_array    0x0800a094        0x4 /usr/lib/gcc/arm-none-eabi/12.2.1/thumb/v7e-m+fp/hard/crtbegin.o
                0x0800a098                        PROVIDE (__fini_array_end = .)
                0x0800a098                        _sidata = LOADADDR (.data)

.data           0x20000000       0x90 load address 0x0800a098
                0x20000000                        . = ALIGN (0x4)
                0x20000000                        _sdata = .
 *(.data)
 .data          0x20000000       0x64 /usr/lib/gcc/arm-none-eabi/12.2.1/../../../arm-none-eabi/lib/thumb/v7e-m+fp/hard/libc_nano.a(lib_a-impure.o)
                0x20000000                _impure_ptr
 *(.data*)
 .data.Stat     0x20000064        0x1 build/sd_diskio.o
 .data.uwTickFreq
                0x20000065        0x1 build/stm32f7xx_hal.o
                0x20000065                uwTickFreq
 *fill*         0x20000066        0x2 
 .data.uwTickPrio
                0x20000068        0x4 build/stm32f7xx_hal.o
                0x20000068                uwTickPrio
 .data.SystemCoreClock
                0x2000006c        0x4 build/system_stm32f7xx.o
                0x2000006c                SystemCoreClock
 .data.CDC_Class
                0x20000070       0x20 build/usbh_cdc.o
                0x20000070                CDC_Class
                0x20000090                        . = ALIGN (0x4)
                0x20000090                        _edata = .

.tm_clone_table
                0x20000090        0x0 load address 0x0800a128
 .tm_clone_table
                0x20000090        0x0 /usr/lib/gcc/arm-none-eabi/12.2.1/thumb/v7e-m+fp/hard/crtbegin.o
 .tm_clone_table
                0x20000090        0x0 /usr/lib/gcc/arm-none-eabi/12.2.1/thumb/v7e-m+fp/hard/crtend.o

.igot.plt       0x20000090        0x0 load address 0x0800a128
 .igot.plt      0x20000090        0x0 /usr/lib/gcc/arm-none-eabi/12.2.1/thumb/v7e-m+fp/hard/crtbegin.o

.TxDecripSection
                0x20000090       0xa0 load address 0x0800a128
 .TxDecripSection
                0x20000090       0xa0 build/main.o
                0x20000090                DMATxDscrTab

.RxDecripSection
                0x20000130       0xa0 load address 0x0800a1c8
 .RxDecripSection
                0x20000130       0xa0 build/main.o
                0x20000130                DMARxDscrTab
                0x200001d0                        . = ALIGN (0x4)

.bss            0x200001d0      0xfac load address 0x0800a268
                0x200001d0                        _sbss = .
                0x200001d0                        __bss_start__ = _sbss
 *(.bss)
 .bss           0x200001d0       0x1c /usr/lib/gcc/arm-none-eabi/12.2.1/thumb/v7e-m+fp/hard/crtbegin.o
 .bss           0x200001ec        0x8 /usr/lib/gcc/arm-none-eabi/12.2.1/../../../arm-none-eabi/lib/thumb/v7e-m+fp/hard/libc_nano.a(lib_a-nano-mallocr.o)
                0x200001ec                __malloc_free_list
                0x200001f0                __malloc_sbrk_start
 .bss           0x200001f4        0x4 /usr/lib/gcc/arm-none-eabi/12.2.1/../../../arm-none-eabi/lib/thumb/v7e-m+fp/hard/libc_nano.a(lib_a-reent.o)
                0x200001f4                errno
 .bss           0x200001f8        0x4 /usr/lib/gcc/arm-none-eabi/12.2.1/../../../arm-none-eabi/lib/thumb/v7e-m+fp/hard/libnosys.a(sbrk.o)
 *(.bss*)
 .bss.MACAddr.0
                0x200001fc        0x6 build/main.o
 *fill*         0x20000202        0x2 
 .bss.hsdram1   0x20000204       0x34 build/main.o
                0x20000204                hsdram1
 .bss.huart6    0x20000238       0x88 build/main.o
                0x20000238                huart6
 .bss.huart1    0x200002c0       0x88 build/main.o
                0x200002c0                huart1
 .bss.htim12    0x20000348       0x4c build/main.o
                0x20000348                htim12
 .bss.htim8     0x20000394       0x4c build/main.o
                0x20000394                htim8
 .bss.htim5     0x200003e0       0x4c build/main.o
                0x200003e0                htim5
 .bss.htim3     0x2000042c       0x4c build/main.o
                0x2000042c                htim3
 .bss.htim2     0x20000478       0x4c build/main.o
                0x20000478                htim2
 .bss.htim1     0x200004c4       0x4c build/main.o
                0x200004c4                htim1
 .bss.hspdif    0x20000510       0x4c build/main.o
                0x20000510                hspdif
 .bss.hsd1      0x2000055c       0x84 build/main.o
                0x2000055c                hsd1
 .bss.hsai_BlockB2
                0x200005e0       0x84 build/main.o
                0x200005e0                hsai_BlockB2
 .bss.hsai_BlockA2
                0x20000664       0x84 build/main.o
                0x20000664                hsai_BlockA2
 .bss.hrtc      0x200006e8       0x20 build/main.o
                0x200006e8                hrtc
 .bss.hqspi     0x20000708       0x4c build/main.o
                0x20000708                hqspi
 .bss.hltdc     0x20000754       0xa8 build/main.o
                0x20000754                hltdc
 .bss.hi2c3     0x200007fc       0x54 build/main.o
                0x200007fc                hi2c3
 .bss.heth      0x20000850       0xb0 build/main.o
                0x20000850                heth
 .bss.hdma2d    0x20000900       0x40 build/main.o
                0x20000900                hdma2d
 .bss.hdcmi     0x20000940       0x50 build/main.o
                0x20000940                hdcmi
 .bss.hcrc      0x20000990       0x24 build/main.o
                0x20000990                hcrc
 .bss.hadc3     0x200009b4       0x48 build/main.o
                0x200009b4                hadc3
 .bss.TxConfig  0x200009fc       0x38 build/main.o
                0x200009fc                TxConfig
 .bss.SAI2_client
                0x20000a34        0x4 build/stm32f7xx_hal_msp.o
 .bss.FMC_Initialized
                0x20000a38        0x4 build/stm32f7xx_hal_msp.o
 .bss.htim6     0x20000a3c       0x4c build/stm32f7xx_hal_timebase_tim.o
                0x20000a3c                htim6
 .bss.SDPath    0x20000a88        0x4 build/fatfs.o
                0x20000a88                SDPath
 .bss.retSD     0x20000a8c        0x1 build/fatfs.o
                0x20000a8c                retSD
 .bss.Appli_state
                0x20000a8d        0x1 build/usb_host.o
                0x20000a8d                Appli_state
 *fill*         0x20000a8e        0x2 
 .bss.hUsbHostFS
                0x20000a90      0x3d8 build/usb_host.o
                0x20000a90                hUsbHostFS
 .bss.hhcd_USB_OTG_FS
                0x20000e68      0x304 build/usbh_conf.o
                0x20000e68                hhcd_USB_OTG_FS
 .bss.uwTick    0x2000116c        0x4 build/stm32f7xx_hal.o
                0x2000116c                uwTick
 .bss.disk      0x20001170        0xc build/ff_gen_drv.o
                0x20001170                disk
 *(COMMON)
                0x2000117c                        . = ALIGN (0x4)
                0x2000117c                        _ebss = .
                0x2000117c                        __bss_end__ = _ebss

._user_heap_stack
                0x2000117c      0x604 load address 0x0800a268
                0x20001180                        . = ALIGN (0x8)
 *fill*         0x2000117c        0x4 
                0x20001180                        PROVIDE (end = .)
                [!provide]                        PROVIDE (_end = .)
                0x20001380                        . = (. + _Min_Heap_Size)
 *fill*         0x20001180      0x200 
                0x20001780                        . = (. + _Min_Stack_Size)
 *fill*         0x20001380      0x400 
                0x20001780                        . = ALIGN (0x8)

/DISCARD/
 libc.a(*)
 libm.a(*)
 libgcc.a(*)

.ARM.attributes
                0x00000000       0x30
 *(.ARM.attributes)
 .ARM.attributes
                0x00000000       0x22 /usr/lib/gcc/arm-none-eabi/12.2.1/thumb/v7e-m+fp/hard/crti.o
 .ARM.attributes
                0x00000022       0x34 /usr/lib/gcc/arm-none-eabi/12.2.1/thumb/v7e-m+fp/hard/crtbegin.o
 .ARM.attributes
                0x00000056       0x34 build/main.o
 .ARM.attributes
                0x0000008a       0x34 build/stm32f7xx_it.o
 .ARM.attributes
                0x000000be       0x34 build/stm32f7xx_hal_msp.o
 .ARM.attributes
                0x000000f2       0x34 build/stm32f7xx_hal_timebase_tim.o
 .ARM.attributes
                0x00000126       0x34 build/bsp_driver_sd.o
 .ARM.attributes
                0x0000015a       0x34 build/sd_diskio.o
 .ARM.attributes
                0x0000018e       0x34 build/fatfs_platform.o
 .ARM.attributes
                0x000001c2       0x34 build/fatfs.o
 .ARM.attributes
                0x000001f6       0x34 build/usb_host.o
 .ARM.attributes
                0x0000022a       0x34 build/usbh_conf.o
 .ARM.attributes
                0x0000025e       0x34 build/usbh_platform.o
 .ARM.attributes
                0x00000292       0x34 build/stm32f7xx_hal_hcd.o
 .ARM.attributes
                0x000002c6       0x34 build/stm32f7xx_ll_usb.o
 .ARM.attributes
                0x000002fa       0x34 build/stm32f7xx_hal_rcc.o
 .ARM.attributes
                0x0000032e       0x34 build/stm32f7xx_hal_rcc_ex.o
 .ARM.attributes
                0x00000362       0x34 build/stm32f7xx_hal_gpio.o
 .ARM.attributes
                0x00000396       0x34 build/stm32f7xx_hal_pwr.o
 .ARM.attributes
                0x000003ca       0x34 build/stm32f7xx_hal_pwr_ex.o
 .ARM.attributes
                0x000003fe       0x34 build/stm32f7xx_hal_cortex.o
 .ARM.attributes
                0x00000432       0x34 build/stm32f7xx_hal.o
 .ARM.attributes
                0x00000466       0x34 build/stm32f7xx_hal_i2c.o
 .ARM.attributes
                0x0000049a       0x34 build/stm32f7xx_hal_i2c_ex.o
 .ARM.attributes
                0x000004ce       0x34 build/stm32f7xx_hal_adc.o
 .ARM.attributes
                0x00000502       0x34 build/stm32f7xx_hal_crc.o
 .ARM.attributes
                0x00000536       0x34 build/stm32f7xx_hal_crc_ex.o
 .ARM.attributes
                0x0000056a       0x34 build/stm32f7xx_hal_dcmi.o
 .ARM.attributes
                0x0000059e       0x34 build/stm32f7xx_hal_dma2d.o
 .ARM.attributes
                0x000005d2       0x34 build/stm32f7xx_hal_eth.o
 .ARM.attributes
                0x00000606       0x34 build/stm32f7xx_ll_fmc.o
 .ARM.attributes
                0x0000063a       0x34 build/stm32f7xx_hal_sdram.o
 .ARM.attributes
                0x0000066e       0x34 build/stm32f7xx_hal_ltdc.o
 .ARM.attributes
                0x000006a2       0x34 build/stm32f7xx_hal_qspi.o
 .ARM.attributes
                0x000006d6       0x34 build/stm32f7xx_hal_rtc.o
 .ARM.attributes
                0x0000070a       0x34 build/stm32f7xx_hal_rtc_ex.o
 .ARM.attributes
                0x0000073e       0x34 build/stm32f7xx_hal_sai.o
 .ARM.attributes
                0x00000772       0x34 build/stm32f7xx_ll_sdmmc.o
 .ARM.attributes
                0x000007a6       0x34 build/stm32f7xx_hal_sd.o
 .ARM.attributes
                0x000007da       0x34 build/stm32f7xx_hal_spdifrx.o
 .ARM.attributes
                0x0000080e       0x34 build/stm32f7xx_hal_tim.o
 .ARM.attributes
                0x00000842       0x34 build/stm32f7xx_hal_tim_ex.o
 .ARM.attributes
                0x00000876       0x34 build/stm32f7xx_hal_uart.o
 .ARM.attributes
                0x000008aa       0x34 build/system_stm32f7xx.o
 .ARM.attributes
                0x000008de       0x34 build/ff_gen_drv.o
 .ARM.attributes
                0x00000912       0x34 build/usbh_core.o
 .ARM.attributes
                0x00000946       0x34 build/usbh_ctlreq.o
 .ARM.attributes
                0x0000097a       0x34 build/usbh_ioreq.o
 .ARM.attributes
                0x000009ae       0x34 build/usbh_pipes.o
 .ARM.attributes
                0x000009e2       0x34 build/usbh_cdc.o
 .ARM.attributes
                0x00000a16       0x21 build/startup_stm32f746xx.o
 .ARM.attributes
                0x00000a37       0x32 /usr/lib/gcc/arm-none-eabi/12.2.1/../../../arm-none-eabi/lib/thumb/v7e-m+fp/hard/libc_nano.a(lib_a-impure.o)
 .ARM.attributes
                0x00000a69       0x34 /usr/lib/gcc/arm-none-eabi/12.2.1/../../../arm-none-eabi/lib/thumb/v7e-m+fp/hard/libc_nano.a(lib_a-init.o)
 .ARM.attributes
                0x00000a9d       0x34 /usr/lib/gcc/arm-none-eabi/12.2.1/../../../arm-none-eabi/lib/thumb/v7e-m+fp/hard/libc_nano.a(lib_a-malloc.o)
 .ARM.attributes
                0x00000ad1       0x34 /usr/lib/gcc/arm-none-eabi/12.2.1/../../../arm-none-eabi/lib/thumb/v7e-m+fp/hard/libc_nano.a(lib_a-memset.o)
 .ARM.attributes
                0x00000b05       0x34 /usr/lib/gcc/arm-none-eabi/12.2.1/../../../arm-none-eabi/lib/thumb/v7e-m+fp/hard/libc_nano.a(lib_a-nano-freer.o)
 .ARM.attributes
                0x00000b39       0x34 /usr/lib/gcc/arm-none-eabi/12.2.1/../../../arm-none-eabi/lib/thumb/v7e-m+fp/hard/libc_nano.a(lib_a-nano-mallocr.o)
 .ARM.attributes
                0x00000b6d       0x34 /usr/lib/gcc/arm-none-eabi/12.2.1/../../../arm-none-eabi/lib/thumb/v7e-m+fp/hard/libc_nano.a(lib_a-sbrkr.o)
 .ARM.attributes
                0x00000ba1       0x34 /usr/lib/gcc/arm-none-eabi/12.2.1/../../../arm-none-eabi/lib/thumb/v7e-m+fp/hard/libc_nano.a(lib_a-mlock.o)
 .ARM.attributes
                0x00000bd5       0x34 /usr/lib/gcc/arm-none-eabi/12.2.1/../../../arm-none-eabi/lib/thumb/v7e-m+fp/hard/libc_nano.a(lib_a-reent.o)
 .ARM.attributes
                0x00000c09       0x34 /usr/lib/gcc/arm-none-eabi/12.2.1/../../../arm-none-eabi/lib/thumb/v7e-m+fp/hard/libnosys.a(sbrk.o)
 .ARM.attributes
                0x00000c3d       0x22 /usr/lib/gcc/arm-none-eabi/12.2.1/thumb/v7e-m+fp/hard/libgcc.a(_aeabi_uldivmod.o)
 .ARM.attributes
                0x00000c5f       0x34 /usr/lib/gcc/arm-none-eabi/12.2.1/thumb/v7e-m+fp/hard/libgcc.a(_udivmoddi4.o)
 .ARM.attributes
                0x00000c93       0x22 /usr/lib/gcc/arm-none-eabi/12.2.1/thumb/v7e-m+fp/hard/libgcc.a(_dvmd_tls.o)
 .ARM.attributes
                0x00000cb5       0x34 /usr/lib/gcc/arm-none-eabi/12.2.1/thumb/v7e-m+fp/hard/crtend.o
 .ARM.attributes
                0x00000ce9       0x22 /usr/lib/gcc/arm-none-eabi/12.2.1/thumb/v7e-m+fp/hard/crtn.o
OUTPUT(build/STM32_FW_F7.elf elf32-littlearm)
LOAD linker stubs
LOAD /usr/lib/gcc/arm-none-eabi/12.2.1/../../../arm-none-eabi/lib/thumb/v7e-m+fp/hard/libc.a
LOAD /usr/lib/gcc/arm-none-eabi/12.2.1/../../../arm-none-eabi/lib/thumb/v7e-m+fp/hard/libm.a
LOAD /usr/lib/gcc/arm-none-eabi/12.2.1/thumb/v7e-m+fp/hard/libgcc.a

.comment        0x00000000       0x59
 .comment       0x00000000       0x26 /usr/lib/gcc/arm-none-eabi/12.2.1/thumb/v7e-m+fp/hard/crtbegin.o
                                 0x27 (size before relaxing)
 .comment       0x00000026       0x27 build/main.o
 .comment       0x00000026       0x27 build/stm32f7xx_it.o
 .comment       0x00000026       0x27 build/stm32f7xx_hal_msp.o
 .comment       0x00000026       0x27 build/stm32f7xx_hal_timebase_tim.o
 .comment       0x00000026       0x27 build/bsp_driver_sd.o
 .comment       0x00000026       0x27 build/sd_diskio.o
 .comment       0x00000026       0x27 build/fatfs_platform.o
 .comment       0x00000026       0x27 build/fatfs.o
 .comment       0x00000026       0x27 build/usb_host.o
 .comment       0x00000026       0x27 build/usbh_conf.o
 .comment       0x00000026       0x27 build/usbh_platform.o
 .comment       0x00000026       0x27 build/stm32f7xx_hal_hcd.o
 .comment       0x00000026       0x27 build/stm32f7xx_ll_usb.o
 .comment       0x00000026       0x27 build/stm32f7xx_hal_rcc.o
 .comment       0x00000026       0x27 build/stm32f7xx_hal_rcc_ex.o
 .comment       0x00000026       0x27 build/stm32f7xx_hal_gpio.o
 .comment       0x00000026       0x27 build/stm32f7xx_hal_pwr.o
 .comment       0x00000026       0x27 build/stm32f7xx_hal_pwr_ex.o
 .comment       0x00000026       0x27 build/stm32f7xx_hal_cortex.o
 .comment       0x00000026       0x27 build/stm32f7xx_hal.o
 .comment       0x00000026       0x27 build/stm32f7xx_hal_i2c.o
 .comment       0x00000026       0x27 build/stm32f7xx_hal_i2c_ex.o
 .comment       0x00000026       0x27 build/stm32f7xx_hal_adc.o
 .comment       0x00000026       0x27 build/stm32f7xx_hal_crc.o
 .comment       0x00000026       0x27 build/stm32f7xx_hal_crc_ex.o
 .comment       0x00000026       0x27 build/stm32f7xx_hal_dcmi.o
 .comment       0x00000026       0x27 build/stm32f7xx_hal_dma2d.o
 .comment       0x00000026       0x27 build/stm32f7xx_hal_eth.o
 .comment       0x00000026       0x27 build/stm32f7xx_ll_fmc.o
 .comment       0x00000026       0x27 build/stm32f7xx_hal_sdram.o
 .comment       0x00000026       0x27 build/stm32f7xx_hal_ltdc.o
 .comment       0x00000026       0x27 build/stm32f7xx_hal_qspi.o
 .comment       0x00000026       0x27 build/stm32f7xx_hal_rtc.o
 .comment       0x00000026       0x27 build/stm32f7xx_hal_rtc_ex.o
 .comment       0x00000026       0x27 build/stm32f7xx_hal_sai.o
 .comment       0x00000026       0x27 build/stm32f7xx_ll_sdmmc.o
 .comment       0x00000026       0x27 build/stm32f7xx_hal_sd.o
 .comment       0x00000026       0x27 build/stm32f7xx_hal_spdifrx.o
 .comment       0x00000026       0x27 build/stm32f7xx_hal_tim.o
 .comment       0x00000026       0x27 build/stm32f7xx_hal_tim_ex.o
 .comment       0x00000026       0x27 build/stm32f7xx_hal_uart.o
 .comment       0x00000026       0x27 build/system_stm32f7xx.o
 .comment       0x00000026       0x27 build/ff_gen_drv.o
 .comment       0x00000026       0x27 build/usbh_core.o
 .comment       0x00000026       0x27 build/usbh_ctlreq.o
 .comment       0x00000026       0x27 build/usbh_ioreq.o
 .comment       0x00000026       0x27 build/usbh_pipes.o
 .comment       0x00000026       0x27 build/usbh_cdc.o
 .comment       0x00000026       0x33 /usr/lib/gcc/arm-none-eabi/12.2.1/../../../arm-none-eabi/lib/thumb/v7e-m+fp/hard/libc_nano.a(lib_a-impure.o)
                                 0x34 (size before relaxing)
 .comment       0x00000059       0x34 /usr/lib/gcc/arm-none-eabi/12.2.1/../../../arm-none-eabi/lib/thumb/v7e-m+fp/hard/libc_nano.a(lib_a-init.o)
 .comment       0x00000059       0x34 /usr/lib/gcc/arm-none-eabi/12.2.1/../../../arm-none-eabi/lib/thumb/v7e-m+fp/hard/libc_nano.a(lib_a-malloc.o)
 .comment       0x00000059       0x34 /usr/lib/gcc/arm-none-eabi/12.2.1/../../../arm-none-eabi/lib/thumb/v7e-m+fp/hard/libc_nano.a(lib_a-memset.o)
 .comment       0x00000059       0x34 /usr/lib/gcc/arm-none-eabi/12.2.1/../../../arm-none-eabi/lib/thumb/v7e-m+fp/hard/libc_nano.a(lib_a-nano-freer.o)
 .comment       0x00000059       0x34 /usr/lib/gcc/arm-none-eabi/12.2.1/../../../arm-none-eabi/lib/thumb/v7e-m+fp/hard/libc_nano.a(lib_a-nano-mallocr.o)
 .comment       0x00000059       0x34 /usr/lib/gcc/arm-none-eabi/12.2.1/../../../arm-none-eabi/lib/thumb/v7e-m+fp/hard/libc_nano.a(lib_a-sbrkr.o)
 .comment       0x00000059       0x34 /usr/lib/gcc/arm-none-eabi/12.2.1/../../../arm-none-eabi/lib/thumb/v7e-m+fp/hard/libc_nano.a(lib_a-mlock.o)
 .comment       0x00000059       0x34 /usr/lib/gcc/arm-none-eabi/12.2.1/../../../arm-none-eabi/lib/thumb/v7e-m+fp/hard/libc_nano.a(lib_a-reent.o)
 .comment       0x00000059       0x34 /usr/lib/gcc/arm-none-eabi/12.2.1/../../../arm-none-eabi/lib/thumb/v7e-m+fp/hard/libnosys.a(sbrk.o)
 .comment       0x00000059       0x27 /usr/lib/gcc/arm-none-eabi/12.2.1/thumb/v7e-m+fp/hard/libgcc.a(_udivmoddi4.o)
 .comment       0x00000059       0x27 /usr/lib/gcc/arm-none-eabi/12.2.1/thumb/v7e-m+fp/hard/crtend.o

.debug_info     0x00000000    0x4c955
 .debug_info    0x00000000     0x613b build/main.o
 .debug_info    0x0000613b     0x161a build/stm32f7xx_it.o
 .debug_info    0x00007755     0x5a3e build/stm32f7xx_hal_msp.o
 .debug_info    0x0000d193      0xebc build/stm32f7xx_hal_timebase_tim.o
 .debug_info    0x0000e04f      0xdd3 build/bsp_driver_sd.o
 .debug_info    0x0000ee22      0x639 build/sd_diskio.o
 .debug_info    0x0000f45b      0x1f2 build/fatfs_platform.o
 .debug_info    0x0000f64d      0x56c build/fatfs.o
 .debug_info    0x0000fbb9      0xbeb build/usb_host.o
 .debug_info    0x000107a4     0x23a0 build/usbh_conf.o
 .debug_info    0x00012b44      0x202 build/usbh_platform.o
 .debug_info    0x00012d46     0x19b0 build/stm32f7xx_hal_hcd.o
 .debug_info    0x000146f6     0x221f build/stm32f7xx_ll_usb.o
 .debug_info    0x00016915      0xc9c build/stm32f7xx_hal_rcc.o
 .debug_info    0x000175b1      0x93b build/stm32f7xx_hal_rcc_ex.o
 .debug_info    0x00017eec      0x857 build/stm32f7xx_hal_gpio.o
 .debug_info    0x00018743      0xa94 build/stm32f7xx_hal_pwr.o
 .debug_info    0x000191d7      0xb00 build/stm32f7xx_hal_pwr_ex.o
 .debug_info    0x00019cd7     0x13b2 build/stm32f7xx_hal_cortex.o
 .debug_info    0x0001b089      0xb8b build/stm32f7xx_hal.o
 .debug_info    0x0001bc14     0x4473 build/stm32f7xx_hal_i2c.o
 .debug_info    0x00020087      0xab4 build/stm32f7xx_hal_i2c_ex.o
 .debug_info    0x00020b3b      0xfa9 build/stm32f7xx_hal_adc.o
 .debug_info    0x00021ae4      0x685 build/stm32f7xx_hal_crc.o
 .debug_info    0x00022169      0x3bb build/stm32f7xx_hal_crc_ex.o
 .debug_info    0x00022524      0xdc8 build/stm32f7xx_hal_dcmi.o
 .debug_info    0x000232ec     0x140c build/stm32f7xx_hal_dma2d.o
 .debug_info    0x000246f8     0x2b4a build/stm32f7xx_hal_eth.o
 .debug_info    0x00027242      0xdf0 build/stm32f7xx_ll_fmc.o
 .debug_info    0x00028032     0x12a6 build/stm32f7xx_hal_sdram.o
 .debug_info    0x000292d8     0x16af build/stm32f7xx_hal_ltdc.o
 .debug_info    0x0002a987     0x1b37 build/stm32f7xx_hal_qspi.o
 .debug_info    0x0002c4be     0x125f build/stm32f7xx_hal_rtc.o
 .debug_info    0x0002d71d     0x1516 build/stm32f7xx_hal_rtc_ex.o
 .debug_info    0x0002ec33     0x193a build/stm32f7xx_hal_sai.o
 .debug_info    0x0003056d     0x1adc build/stm32f7xx_ll_sdmmc.o
 .debug_info    0x00032049     0x2a22 build/stm32f7xx_hal_sd.o
 .debug_info    0x00034a6b     0x112b build/stm32f7xx_hal_spdifrx.o
 .debug_info    0x00035b96     0x4205 build/stm32f7xx_hal_tim.o
 .debug_info    0x00039d9b     0x1e75 build/stm32f7xx_hal_tim_ex.o
 .debug_info    0x0003bc10     0x533c build/stm32f7xx_hal_uart.o
 .debug_info    0x00040f4c      0x7ea build/system_stm32f7xx.o
 .debug_info    0x00041736      0x434 build/ff_gen_drv.o
 .debug_info    0x00041b6a     0x1803 build/usbh_core.o
 .debug_info    0x0004336d     0x15aa build/usbh_ctlreq.o
 .debug_info    0x00044917     0x103d build/usbh_ioreq.o
 .debug_info    0x00045954      0xc92 build/usbh_pipes.o
 .debug_info    0x000465e6     0x1adf build/usbh_cdc.o
 .debug_info    0x000480c5       0x30 build/startup_stm32f746xx.o
 .debug_info    0x000480f5      0x863 /usr/lib/gcc/arm-none-eabi/12.2.1/../../../arm-none-eabi/lib/thumb/v7e-m+fp/hard/libc_nano.a(lib_a-impure.o)
 .debug_info    0x00048958      0x11a /usr/lib/gcc/arm-none-eabi/12.2.1/../../../arm-none-eabi/lib/thumb/v7e-m+fp/hard/libc_nano.a(lib_a-init.o)
 .debug_info    0x00048a72      0x832 /usr/lib/gcc/arm-none-eabi/12.2.1/../../../arm-none-eabi/lib/thumb/v7e-m+fp/hard/libc_nano.a(lib_a-malloc.o)
 .debug_info    0x000492a4      0x137 /usr/lib/gcc/arm-none-eabi/12.2.1/../../../arm-none-eabi/lib/thumb/v7e-m+fp/hard/libc_nano.a(lib_a-memset.o)
 .debug_info    0x000493db      0x903 /usr/lib/gcc/arm-none-eabi/12.2.1/../../../arm-none-eabi/lib/thumb/v7e-m+fp/hard/libc_nano.a(lib_a-nano-freer.o)
 .debug_info    0x00049cde      0xa0c /usr/lib/gcc/arm-none-eabi/12.2.1/../../../arm-none-eabi/lib/thumb/v7e-m+fp/hard/libc_nano.a(lib_a-nano-mallocr.o)
 .debug_info    0x0004a6ea      0x828 /usr/lib/gcc/arm-none-eabi/12.2.1/../../../arm-none-eabi/lib/thumb/v7e-m+fp/hard/libc_nano.a(lib_a-sbrkr.o)
 .debug_info    0x0004af12      0x7dc /usr/lib/gcc/arm-none-eabi/12.2.1/../../../arm-none-eabi/lib/thumb/v7e-m+fp/hard/libc_nano.a(lib_a-mlock.o)
 .debug_info    0x0004b6ee      0xa7e /usr/lib/gcc/arm-none-eabi/12.2.1/../../../arm-none-eabi/lib/thumb/v7e-m+fp/hard/libc_nano.a(lib_a-reent.o)
 .debug_info    0x0004c16c       0x9d /usr/lib/gcc/arm-none-eabi/12.2.1/../../../arm-none-eabi/lib/thumb/v7e-m+fp/hard/libnosys.a(sbrk.o)
 .debug_info    0x0004c209       0x24 /usr/lib/gcc/arm-none-eabi/12.2.1/thumb/v7e-m+fp/hard/libgcc.a(_aeabi_uldivmod.o)
 .debug_info    0x0004c22d      0x6ef /usr/lib/gcc/arm-none-eabi/12.2.1/thumb/v7e-m+fp/hard/libgcc.a(_udivmoddi4.o)
 .debug_info    0x0004c91c       0x39 /usr/lib/gcc/arm-none-eabi/12.2.1/thumb/v7e-m+fp/hard/libgcc.a(_dvmd_tls.o)

.debug_abbrev   0x00000000     0x8771
 .debug_abbrev  0x00000000      0x35d build/main.o
 .debug_abbrev  0x0000035d      0x1ac build/stm32f7xx_it.o
 .debug_abbrev  0x00000509      0x31b build/stm32f7xx_hal_msp.o
 .debug_abbrev  0x00000824      0x22d build/stm32f7xx_hal_timebase_tim.o
 .debug_abbrev  0x00000a51      0x2a1 build/bsp_driver_sd.o
 .debug_abbrev  0x00000cf2      0x1be build/sd_diskio.o
 .debug_abbrev  0x00000eb0      0x11e build/fatfs_platform.o
 .debug_abbrev  0x00000fce      0x170 build/fatfs.o
 .debug_abbrev  0x0000113e      0x293 build/usb_host.o
 .debug_abbrev  0x000013d1      0x3e6 build/usbh_conf.o
 .debug_abbrev  0x000017b7      0x12e build/usbh_platform.o
 .debug_abbrev  0x000018e5      0x2cf build/stm32f7xx_hal_hcd.o
 .debug_abbrev  0x00001bb4      0x31f build/stm32f7xx_ll_usb.o
 .debug_abbrev  0x00001ed3      0x2a5 build/stm32f7xx_hal_rcc.o
 .debug_abbrev  0x00002178      0x1f3 build/stm32f7xx_hal_rcc_ex.o
 .debug_abbrev  0x0000236b      0x22b build/stm32f7xx_hal_gpio.o
 .debug_abbrev  0x00002596      0x1cf build/stm32f7xx_hal_pwr.o
 .debug_abbrev  0x00002765      0x1d5 build/stm32f7xx_hal_pwr_ex.o
 .debug_abbrev  0x0000293a      0x3d3 build/stm32f7xx_hal_cortex.o
 .debug_abbrev  0x00002d0d      0x244 build/stm32f7xx_hal.o
 .debug_abbrev  0x00002f51      0x2dd build/stm32f7xx_hal_i2c.o
 .debug_abbrev  0x0000322e      0x1b5 build/stm32f7xx_hal_i2c_ex.o
 .debug_abbrev  0x000033e3      0x2b6 build/stm32f7xx_hal_adc.o
 .debug_abbrev  0x00003699      0x234 build/stm32f7xx_hal_crc.o
 .debug_abbrev  0x000038cd      0x162 build/stm32f7xx_hal_crc_ex.o
 .debug_abbrev  0x00003a2f      0x28f build/stm32f7xx_hal_dcmi.o
 .debug_abbrev  0x00003cbe      0x284 build/stm32f7xx_hal_dma2d.o
 .debug_abbrev  0x00003f42      0x322 build/stm32f7xx_hal_eth.o
 .debug_abbrev  0x00004264      0x1ce build/stm32f7xx_ll_fmc.o
 .debug_abbrev  0x00004432      0x289 build/stm32f7xx_hal_sdram.o
 .debug_abbrev  0x000046bb      0x275 build/stm32f7xx_hal_ltdc.o
 .debug_abbrev  0x00004930      0x2b5 build/stm32f7xx_hal_qspi.o
 .debug_abbrev  0x00004be5      0x228 build/stm32f7xx_hal_rtc.o
 .debug_abbrev  0x00004e0d      0x270 build/stm32f7xx_hal_rtc_ex.o
 .debug_abbrev  0x0000507d      0x2d8 build/stm32f7xx_hal_sai.o
 .debug_abbrev  0x00005355      0x236 build/stm32f7xx_ll_sdmmc.o
 .debug_abbrev  0x0000558b      0x306 build/stm32f7xx_hal_sd.o
 .debug_abbrev  0x00005891      0x294 build/stm32f7xx_hal_spdifrx.o
 .debug_abbrev  0x00005b25      0x2bd build/stm32f7xx_hal_tim.o
 .debug_abbrev  0x00005de2      0x2b7 build/stm32f7xx_hal_tim_ex.o
 .debug_abbrev  0x00006099      0x346 build/stm32f7xx_hal_uart.o
 .debug_abbrev  0x000063df      0x12a build/system_stm32f7xx.o
 .debug_abbrev  0x00006509      0x1c9 build/ff_gen_drv.o
 .debug_abbrev  0x000066d2      0x383 build/usbh_core.o
 .debug_abbrev  0x00006a55      0x351 build/usbh_ctlreq.o
 .debug_abbrev  0x00006da6      0x23d build/usbh_ioreq.o
 .debug_abbrev  0x00006fe3      0x2a3 build/usbh_pipes.o
 .debug_abbrev  0x00007286      0x37f build/usbh_cdc.o
 .debug_abbrev  0x00007605       0x1d build/startup_stm32f746xx.o
 .debug_abbrev  0x00007622      0x151 /usr/lib/gcc/arm-none-eabi/12.2.1/../../../arm-none-eabi/lib/thumb/v7e-m+fp/hard/libc_nano.a(lib_a-impure.o)
 .debug_abbrev  0x00007773       0xcc /usr/lib/gcc/arm-none-eabi/12.2.1/../../../arm-none-eabi/lib/thumb/v7e-m+fp/hard/libc_nano.a(lib_a-init.o)
 .debug_abbrev  0x0000783f      0x1b6 /usr/lib/gcc/arm-none-eabi/12.2.1/../../../arm-none-eabi/lib/thumb/v7e-m+fp/hard/libc_nano.a(lib_a-malloc.o)
 .debug_abbrev  0x000079f5       0xb4 /usr/lib/gcc/arm-none-eabi/12.2.1/../../../arm-none-eabi/lib/thumb/v7e-m+fp/hard/libc_nano.a(lib_a-memset.o)
 .debug_abbrev  0x00007aa9      0x235 /usr/lib/gcc/arm-none-eabi/12.2.1/../../../arm-none-eabi/lib/thumb/v7e-m+fp/hard/libc_nano.a(lib_a-nano-freer.o)
 .debug_abbrev  0x00007cde      0x290 /usr/lib/gcc/arm-none-eabi/12.2.1/../../../arm-none-eabi/lib/thumb/v7e-m+fp/hard/libc_nano.a(lib_a-nano-mallocr.o)
 .debug_abbrev  0x00007f6e      0x1d6 /usr/lib/gcc/arm-none-eabi/12.2.1/../../../arm-none-eabi/lib/thumb/v7e-m+fp/hard/libc_nano.a(lib_a-sbrkr.o)
 .debug_abbrev  0x00008144      0x189 /usr/lib/gcc/arm-none-eabi/12.2.1/../../../arm-none-eabi/lib/thumb/v7e-m+fp/hard/libc_nano.a(lib_a-mlock.o)
 .debug_abbrev  0x000082cd      0x265 /usr/lib/gcc/arm-none-eabi/12.2.1/../../../arm-none-eabi/lib/thumb/v7e-m+fp/hard/libc_nano.a(lib_a-reent.o)
 .debug_abbrev  0x00008532       0xa2 /usr/lib/gcc/arm-none-eabi/12.2.1/../../../arm-none-eabi/lib/thumb/v7e-m+fp/hard/libnosys.a(sbrk.o)
 .debug_abbrev  0x000085d4       0x14 /usr/lib/gcc/arm-none-eabi/12.2.1/thumb/v7e-m+fp/hard/libgcc.a(_aeabi_uldivmod.o)
 .debug_abbrev  0x000085e8      0x16a /usr/lib/gcc/arm-none-eabi/12.2.1/thumb/v7e-m+fp/hard/libgcc.a(_udivmoddi4.o)
 .debug_abbrev  0x00008752       0x1f /usr/lib/gcc/arm-none-eabi/12.2.1/thumb/v7e-m+fp/hard/libgcc.a(_dvmd_tls.o)

.debug_loc      0x00000000    0x325a5
 .debug_loc     0x00000000      0x547 build/main.o
 .debug_loc     0x00000547       0x80 build/stm32f7xx_it.o
 .debug_loc     0x000005c7      0xcf1 build/stm32f7xx_hal_msp.o
 .debug_loc     0x000012b8      0x136 build/stm32f7xx_hal_timebase_tim.o
 .debug_loc     0x000013ee      0x66b build/bsp_driver_sd.o
 .debug_loc     0x00001a59      0x4d1 build/sd_diskio.o
 .debug_loc     0x00001f2a       0x51 build/fatfs_platform.o
 .debug_loc     0x00001f7b       0x20 build/fatfs.o
 .debug_loc     0x00001f9b       0x40 build/usb_host.o
 .debug_loc     0x00001fdb      0xba7 build/usbh_conf.o
 .debug_loc     0x00002b82       0x67 build/usbh_platform.o
 .debug_loc     0x00002be9      0xcc0 build/stm32f7xx_hal_hcd.o
 .debug_loc     0x000038a9     0x28c2 build/stm32f7xx_ll_usb.o
 .debug_loc     0x0000616b      0x7e0 build/stm32f7xx_hal_rcc.o
 .debug_loc     0x0000694b      0x8b8 build/stm32f7xx_hal_rcc_ex.o
 .debug_loc     0x00007203      0x5db build/stm32f7xx_hal_gpio.o
 .debug_loc     0x000077de       0x79 build/stm32f7xx_hal_pwr.o
 .debug_loc     0x00007857      0x3cd build/stm32f7xx_hal_pwr_ex.o
 .debug_loc     0x00007c24      0x7a7 build/stm32f7xx_hal_cortex.o
 .debug_loc     0x000083cb      0x1e1 build/stm32f7xx_hal.o
 .debug_loc     0x000085ac     0x583b build/stm32f7xx_hal_i2c.o
 .debug_loc     0x0000dde7      0x18b build/stm32f7xx_hal_i2c_ex.o
 .debug_loc     0x0000df72      0xd67 build/stm32f7xx_hal_adc.o
 .debug_loc     0x0000ecd9      0x699 build/stm32f7xx_hal_crc.o
 .debug_loc     0x0000f372      0x1e7 build/stm32f7xx_hal_crc_ex.o
 .debug_loc     0x0000f559      0x802 build/stm32f7xx_hal_dcmi.o
 .debug_loc     0x0000fd5b     0x17a1 build/stm32f7xx_hal_dma2d.o
 .debug_loc     0x000114fc     0x1dbd build/stm32f7xx_hal_eth.o
 .debug_loc     0x000132b9      0x8cc build/stm32f7xx_ll_fmc.o
 .debug_loc     0x00013b85     0x1239 build/stm32f7xx_hal_sdram.o
 .debug_loc     0x00014dbe     0x1b44 build/stm32f7xx_hal_ltdc.o
 .debug_loc     0x00016902     0x19f6 build/stm32f7xx_hal_qspi.o
 .debug_loc     0x000182f8     0x10c3 build/stm32f7xx_hal_rtc.o
 .debug_loc     0x000193bb     0x1495 build/stm32f7xx_hal_rtc_ex.o
 .debug_loc     0x0001a850     0x1a5c build/stm32f7xx_hal_sai.o
 .debug_loc     0x0001c2ac     0x17a9 build/stm32f7xx_ll_sdmmc.o
 .debug_loc     0x0001da55     0x2810 build/stm32f7xx_hal_sd.o
 .debug_loc     0x00020265     0x11ed build/stm32f7xx_hal_spdifrx.o
 .debug_loc     0x00021452     0x5e0f build/stm32f7xx_hal_tim.o
 .debug_loc     0x00027261     0x24e8 build/stm32f7xx_hal_tim_ex.o
 .debug_loc     0x00029749     0x4f16 build/stm32f7xx_hal_uart.o
 .debug_loc     0x0002e65f      0x158 build/system_stm32f7xx.o
 .debug_loc     0x0002e7b7      0x340 build/ff_gen_drv.o
 .debug_loc     0x0002eaf7      0xae2 build/usbh_core.o
 .debug_loc     0x0002f5d9     0x116d build/usbh_ctlreq.o
 .debug_loc     0x00030746      0x750 build/usbh_ioreq.o
 .debug_loc     0x00030e96      0x27e build/usbh_pipes.o
 .debug_loc     0x00031114      0x900 build/usbh_cdc.o
 .debug_loc     0x00031a14       0xba /usr/lib/gcc/arm-none-eabi/12.2.1/../../../arm-none-eabi/lib/thumb/v7e-m+fp/hard/libc_nano.a(lib_a-init.o)
 .debug_loc     0x00031ace       0x64 /usr/lib/gcc/arm-none-eabi/12.2.1/../../../arm-none-eabi/lib/thumb/v7e-m+fp/hard/libc_nano.a(lib_a-malloc.o)
 .debug_loc     0x00031b32      0x22c /usr/lib/gcc/arm-none-eabi/12.2.1/../../../arm-none-eabi/lib/thumb/v7e-m+fp/hard/libc_nano.a(lib_a-memset.o)
 .debug_loc     0x00031d5e      0x203 /usr/lib/gcc/arm-none-eabi/12.2.1/../../../arm-none-eabi/lib/thumb/v7e-m+fp/hard/libc_nano.a(lib_a-nano-freer.o)